******************************************************************************
                  TI ARM Linker PC v20.2.4                     
******************************************************************************
>> Linked Tue Aug  3 20:33:18 2021

OUTPUT FILE NAME:   <RFID_TIVA.out>
ENTRY POINT SYMBOL: "_c_int00_noargs"  address: 00001ebd


MEMORY CONFIGURATION

         name            origin    length      used     unused   attr    fill
----------------------  --------  ---------  --------  --------  ----  --------
  FLASH                 00000000   00040000  000021dc  0003de24  R  X
  SRAM                  20000000   00008000  00000244  00007dbc  RW X


SEGMENT ALLOCATION MAP

run origin  load origin   length   init length attrs members
----------  ----------- ---------- ----------- ----- -------
00000000    00000000    000021e0   000021e0    r-x
  00000000    00000000    0000026c   0000026c    r-- .intvecs
  0000026c    0000026c    00001e00   00001e00    r-x .text
  0000206c    0000206c    0000012c   0000012c    r-- .const
  00002198    00002198    00000004   00000004    r-- .init_array
  000021a0    000021a0    00000040   00000040    r-- .cinit
20000000    20000000    00000245   00000000    rw-
  20000000    20000000    00000200   00000000    rw- .stack
  20000200    20000200    00000023   00000000    rw- .bss
  20000224    20000224    00000021   00000000    rw- .data


SECTION ALLOCATION MAP

 output                                  attributes/
section   page    origin      length       input sections
--------  ----  ----------  ----------   ----------------
.intvecs   0    00000000    0000026c     
                  00000000    0000026c     tm4c123gh6pm_startup_ccs.obj (.intvecs)

.text      0    0000026c    00001e00     
                  0000026c    00000804     Mfrc522.obj (.text)
                  00000a70    000004f4     lcd.obj (.text)
                  00000f64    000004a8     uartstdio.obj (.text)
                  0000140c    00000458     main.obj (.text)
                  00001864    0000016c     driverlib.lib : gpio.obj (.text:GPIOPadConfigSet)
                  000019d0    00000118                   : sysctl.obj (.text:SysCtlClockGet)
                  00001ae8    000000f4                   : sysctl.obj (.text:SysCtlClockSet)
                  00001bdc    0000009c     rtsv7M4_T_le_v4SPD16_eabi.lib : memcpy_t2.asm.obj (.text)
                  00001c78    00000068                                   : copy_decompress_lzss.c.obj (.text:decompress:lzss:__TI_decompress_lzss)
                  00001ce0    00000060                                   : autoinit.c.obj (.text:__TI_auto_init_nobinit:__TI_auto_init_nobinit)
                  00001d40    0000004c     driverlib.lib : gpio.obj (.text:GPIOPinConfigure)
                  00001d8c    00000046                   : uart.obj (.text:UARTConfigSetExpClk)
                  00001dd2    00000040     rtsv7M4_T_le_v4SPD16_eabi.lib : u_divt2.asm.obj (.text)
                  00001e12    0000003c     driverlib.lib : ssi.obj (.text:SSIConfigSetExpClk)
                  00001e4e    00000002     rtsv7M4_T_le_v4SPD16_eabi.lib : div0.asm.obj (.text)
                  00001e50    00000038     driverlib.lib : sysctl.obj (.text:SysCtlPeripheralPresent)
                  00001e88    00000034                   : sysctl.obj (.text:SysCtlPeripheralEnable)
                  00001ebc    00000034     rtsv7M4_T_le_v4SPD16_eabi.lib : boot_cortex_m.c.obj (.text:_c_int00_noargs:_c_int00_noargs)
                  00001ef0    0000002c     driverlib.lib : gpio.obj (.text:GPIODirModeSet)
                  00001f1c    00000020                   : uart.obj (.text:UARTDisable)
                  00001f3c    0000001c     rtsv7M4_T_le_v4SPD16_eabi.lib : copy_zero_init.c.obj (.text:decompress:ZI:__TI_zero_init_nomemset:__TI_zero_init_nomemset)
                  00001f58    0000001a     driverlib.lib : gpio.obj (.text:GPIOPinTypeGPIOOutput)
                  00001f72    00000016                   : gpio.obj (.text:GPIOPinTypeSSI)
                  00001f88    00000016                   : gpio.obj (.text:GPIOPinTypeUART)
                  00001f9e    00000014                   : uart.obj (.text:UARTEnable)
                  00001fb2    00000012                   : ssi.obj (.text:SSIDataGetNonBlocking)
                  00001fc4    00000010                   : interrupt.obj (.text:IntMasterDisable)
                  00001fd4    00000010                   : interrupt.obj (.text:IntMasterEnable)
                  00001fe4    0000000e     rtsv7M4_T_le_v4SPD16_eabi.lib : copy_decompress_none.c.obj (.text:decompress:none:__TI_decompress_none)
                  00001ff2    0000000c     driverlib.lib : cpu.obj (.text:CPUcpsid)
                  00001ffe    0000000c                   : cpu.obj (.text:CPUcpsie)
                  0000200a    0000000c                   : ssi.obj (.text:SSIDataGet)
                  00002016    0000000c     tm4c123gh6pm_startup_ccs.obj (.text)
                  00002022    0000000a     driverlib.lib : ssi.obj (.text:SSIDataPut)
                  0000202c    0000000a                   : ssi.obj (.text:SSIEnable)
                  00002036    0000000a                   : uart.obj (.text:UARTCharGet)
                  00002040    0000000a                   : uart.obj (.text:UARTCharPut)
                  0000204a    00000008                   : ssi.obj (.text:SSIBusy)
                  00002052    00000006                   : gpio.obj (.text:GPIOPinWrite)
                  00002058    00000006                   : sysctl.obj (.text:SysCtlDelay)
                  0000205e    00000006                   : uart.obj (.text:UARTClockSourceSet)
                  00002064    00000004     rtsv7M4_T_le_v4SPD16_eabi.lib : pre_init.c.obj (.text:_system_pre_init)
                  00002068    00000004                                   : exit.c.obj (.text:abort:abort)

.const     0    0000206c    0000012c     
                  0000206c    00000090     driverlib.lib : gpio.obj (.const:g_pui32GPIOBaseAddrs)
                  000020fc    0000006c                   : sysctl.obj (.const:g_pui32Xtals)
                  00002168    00000012     uartstdio.obj (.const:.string)
                  0000217a    00000002     --HOLE-- [fill = 0]
                  0000217c    0000000c     uartstdio.obj (.const:g_ui32UARTBase)
                  00002188    0000000c     uartstdio.obj (.const:g_ui32UARTPeriph)
                  00002194    00000004     uartstdio.obj (.const)

.cinit     0    000021a0    00000040     
                  000021a0    0000001b     (.cinit..data.load) [load image, compression = lzss]
                  000021bb    00000001     --HOLE-- [fill = 0]
                  000021bc    0000000c     (__TI_handler_table)
                  000021c8    00000008     (.cinit..bss.load) [load image, compression = zero_init]
                  000021d0    00000010     (__TI_cinit_table)

.init_array 
*          0    00002198    00000004     
                  00002198    00000004     main.obj (.init_array)

.bss       0    20000200    00000023     UNINITIALIZED
                  20000200    00000010     (.common:str)
                  20000210    00000008     main.obj (.bss:Mfrc522)
                  20000218    00000008     (.common:cardID)
                  20000220    00000001     (.common:AntennaGain)
                  20000221    00000001     (.common:Version)
                  20000222    00000001     (.common:status)

.data      0    20000224    00000021     UNINITIALIZED
                  20000224    00000010     main.obj (.data)
                  20000234    00000005     main.obj (.data:LeVietHoang)
                  20000239    00000005     main.obj (.data:NguyenVanA)
                  2000023e    00000002     --HOLE--
                  20000240    00000005     uartstdio.obj (.data)

.stack     0    20000000    00000200     UNINITIALIZED
                  20000000    00000004     rtsv7M4_T_le_v4SPD16_eabi.lib : boot_cortex_m.c.obj (.stack)
                  20000004    000001fc     --HOLE--

__llvm_prf_cnts 
*          0    20000000    00000000     UNINITIALIZED

MODULE SUMMARY

       Module                         code   ro data   rw data
       ------                         ----   -------   -------
    .\
       uartstdio.obj                  1192   46        5      
       main.obj                       1112   4         61     
       tm4c123gh6pm_startup_ccs.obj   12     620       0      
    +--+------------------------------+------+---------+---------+
       Total:                         2316   670       66     
                                                              
    .\LIB\
       Mfrc522.obj                    2052   0         0      
       lcd.obj                        1268   0         0      
    +--+------------------------------+------+---------+---------+
       Total:                         3320   0         0      
                                                              
    E:/TI/TICEWARE FOR C SIRIES/driverlib/ccs/Debug/driverlib.lib
       sysctl.obj                     638    108       0      
       gpio.obj                       560    144       0      
       uart.obj                       148    0         0      
       ssi.obj                        118    0         0      
       interrupt.obj                  32     0         0      
       cpu.obj                        24     0         0      
    +--+------------------------------+------+---------+---------+
       Total:                         1520   252       0      
                                                              
    E:\TI\CCS\install\ccs\tools\compiler\ti-cgt-arm_20.2.4.LTS\lib\rtsv7M4_T_le_v4SPD16_eabi.lib
       memcpy_t2.asm.obj              156    0         0      
       copy_decompress_lzss.c.obj     104    0         0      
       autoinit.c.obj                 96     0         0      
       u_divt2.asm.obj                64     0         0      
       boot_cortex_m.c.obj            52     0         0      
       copy_zero_init.c.obj           28     0         0      
       copy_decompress_none.c.obj     14     0         0      
       exit.c.obj                     4      0         0      
       pre_init.c.obj                 4      0         0      
       div0.asm.obj                   2      0         0      
    +--+------------------------------+------+---------+---------+
       Total:                         524    0         0      
                                                              
       Stack:                         0      0         512    
       Linker Generated:              0      63        0      
    +--+------------------------------+------+---------+---------+
       Grand Total:                   7680   985       578    


LINKER GENERATED COPY TABLES

__TI_cinit_table @ 000021d0 records: 2, size/record: 8, table size: 16
	.data: load addr=000021a0, load size=0000001b bytes, run addr=20000224, run size=00000021 bytes, compression=lzss
	.bss: load addr=000021c8, load size=00000008 bytes, run addr=20000200, run size=00000023 bytes, compression=zero_init


LINKER GENERATED HANDLER TABLE

__TI_handler_table @ 000021bc records: 3, size/record: 4, table size: 12
	index: 0, handler: __TI_decompress_lzss
	index: 1, handler: __TI_decompress_none
	index: 2, handler: __TI_zero_init


GLOBAL SYMBOLS: SORTED ALPHABETICALLY BY Name 

address   name                           
-------   ----                           
20000220  AntennaGain                    
00002069  C$$EXIT                        
00001ff3  CPUcpsid                       
00001fff  CPUcpsie                       
00001ef1  GPIODirModeSet                 
00001865  GPIOPadConfigSet               
00001d41  GPIOPinConfigure               
00001f59  GPIOPinTypeGPIOOutput          
00001f73  GPIOPinTypeSSI                 
00001f89  GPIOPinTypeUART                
00002053  GPIOPinWrite                   
00001fc5  IntMasterDisable               
00001fd5  IntMasterEnable                
20000234  LeVietHoang                    
20000210  Mfrc522                        
20000228  NRSTPD                         
20000239  NguyenVanA                     
00002017  ResetISR                       
00002198  SHT$$INIT_ARRAY$$Base          
0000219c  SHT$$INIT_ARRAY$$Limit         
0000204b  SSIBusy                        
00001e13  SSIConfigSetExpClk             
0000200b  SSIDataGet                     
00001fb3  SSIDataGetNonBlocking          
00002023  SSIDataPut                     
0000202d  SSIEnable                      
000019d1  SysCtlClockGet                 
00001ae9  SysCtlClockSet                 
00002059  SysCtlDelay                    
00001e89  SysCtlPeripheralEnable         
00001e51  SysCtlPeripheralPresent        
00002037  UARTCharGet                    
00002041  UARTCharPut                    
0000205f  UARTClockSourceSet             
00001d8d  UARTConfigSetExpClk            
00001f1d  UARTDisable                    
00001f9f  UARTEnable                     
00000f65  UARTStdioConfig                
000010b5  UARTgetc                       
00000ffb  UARTgets                       
000013d7  UARTprintf                     
000010dd  UARTvprintf                    
00000fab  UARTwrite                      
20000221  Version                        
00000ce1  _Z10lcd_gotoxyhh               
0000140d  _Z11InitConsolev               
000015e9  _Z11lcd_defaultv               
00000db1  _Z11lcd_put_nummch             
0000026d  _Z12SPI_transferh              
00000d85  _Z12lcd_clr_putsPKcS0_         
00000a8f  _Z12lcd_delay_msm              
00000a71  _Z12lcd_delay_usm              
00000aaf  _Z12lcd_put_bytehh             
00001649  _Z16lcd_print_accessPhi        
00001449  _Z7InitSSIv                    
000015b5  _Z7dumpHexPhi                  
000015a3  _Z8initLedsv                   
00000c15  _Z8lcd_initv                   
00000d25  _Z8lcd_putcc                   
00000d69  _Z8lcd_putsPKc                 
00000ccf  _Z9lcd_clearv                  
000003c1  _ZN7Mfrc52210AntennaOffEv      
0000033b  _ZN7Mfrc52210SetBitMaskEhh     
0000094f  _ZN7Mfrc52210WriteBlockEhPh    
00000701  _ZN7Mfrc52211CalulateCRCEPhhS0_
0000036b  _ZN7Mfrc52212ClearBitMaskEhh   
00000835  _ZN7Mfrc5224AuthEhhPhS0_       
00000a33  _ZN7Mfrc5224HaltEv             
000003e1  _ZN7Mfrc5224InitEv             
000003d1  _ZN7Mfrc5225ResetEv            
00000499  _ZN7Mfrc5226ToCardEhPhhS0_Pj   
000002f5  _ZN7Mfrc5227ReadRegEh          
0000043d  _ZN7Mfrc5227RequestEhPh        
00000667  _ZN7Mfrc5228AnticollEPh        
000002b7  _ZN7Mfrc5228WriteRegEhh        
0000039b  _ZN7Mfrc5229AntennaOnEv        
000008f3  _ZN7Mfrc5229ReadBlockEhPh      
000007a3  _ZN7Mfrc5229SelectTagEPh       
0000029b  _ZN7Mfrc522C1Eii               
0000029b  _ZN7Mfrc522C2Eii               
20000200  __STACK_END                    
00000200  __STACK_SIZE                   
20000200  __STACK_TOP                    
000021d0  __TI_CINIT_Base                
000021e0  __TI_CINIT_Limit               
000021bc  __TI_Handler_Table_Base        
000021c8  __TI_Handler_Table_Limit       
00001ce1  __TI_auto_init_nobinit         
00001c79  __TI_decompress_lzss           
00001fe5  __TI_decompress_none           
ffffffff  __TI_pprof_out_hndl            
ffffffff  __TI_prof_data_size            
ffffffff  __TI_prof_data_start           
00000000  __TI_static_base__             
00001f3d  __TI_zero_init_nomemset        
00001e4f  __aeabi_idiv0                  
00001e4f  __aeabi_ldiv0                  
00001bdd  __aeabi_memcpy                 
00001bdd  __aeabi_memcpy4                
00001bdd  __aeabi_memcpy8                
00001dd3  __aeabi_uidiv                  
00001dd3  __aeabi_uidivmod               
ffffffff  __binit__                      
ffffffff  __c_args__                     
UNDEFED   __mpu_init                     
20000000  __stack                        
20000000  __start___llvm_prf_cnts        
00001775  __sti___6_main_c_c07e2482      
20000000  __stop___llvm_prf_cnts         
00001ebd  _c_int00_noargs                
UNDEFED   _system_post_cinit             
00002065  _system_pre_init               
00002069  abort                          
ffffffff  binit                          
20000218  cardID                         
20000224  chipSelectPin                  
00000000  g_pfnVectors                   
000014b9  main                           
00001bdd  memcpy                         
2000022c  n1                             
20000230  n2                             
20000222  status                         
20000200  str                            


GLOBAL SYMBOLS: SORTED BY Symbol Address 

address   name                           
-------   ----                           
00000000  __TI_static_base__             
00000000  g_pfnVectors                   
00000200  __STACK_SIZE                   
0000026d  _Z12SPI_transferh              
0000029b  _ZN7Mfrc522C1Eii               
0000029b  _ZN7Mfrc522C2Eii               
000002b7  _ZN7Mfrc5228WriteRegEhh        
000002f5  _ZN7Mfrc5227ReadRegEh          
0000033b  _ZN7Mfrc52210SetBitMaskEhh     
0000036b  _ZN7Mfrc52212ClearBitMaskEhh   
0000039b  _ZN7Mfrc5229AntennaOnEv        
000003c1  _ZN7Mfrc52210AntennaOffEv      
000003d1  _ZN7Mfrc5225ResetEv            
000003e1  _ZN7Mfrc5224InitEv             
0000043d  _ZN7Mfrc5227RequestEhPh        
00000499  _ZN7Mfrc5226ToCardEhPhhS0_Pj   
00000667  _ZN7Mfrc5228AnticollEPh        
00000701  _ZN7Mfrc52211CalulateCRCEPhhS0_
000007a3  _ZN7Mfrc5229SelectTagEPh       
00000835  _ZN7Mfrc5224AuthEhhPhS0_       
000008f3  _ZN7Mfrc5229ReadBlockEhPh      
0000094f  _ZN7Mfrc52210WriteBlockEhPh    
00000a33  _ZN7Mfrc5224HaltEv             
00000a71  _Z12lcd_delay_usm              
00000a8f  _Z12lcd_delay_msm              
00000aaf  _Z12lcd_put_bytehh             
00000c15  _Z8lcd_initv                   
00000ccf  _Z9lcd_clearv                  
00000ce1  _Z10lcd_gotoxyhh               
00000d25  _Z8lcd_putcc                   
00000d69  _Z8lcd_putsPKc                 
00000d85  _Z12lcd_clr_putsPKcS0_         
00000db1  _Z11lcd_put_nummch             
00000f65  UARTStdioConfig                
00000fab  UARTwrite                      
00000ffb  UARTgets                       
000010b5  UARTgetc                       
000010dd  UARTvprintf                    
000013d7  UARTprintf                     
0000140d  _Z11InitConsolev               
00001449  _Z7InitSSIv                    
000014b9  main                           
000015a3  _Z8initLedsv                   
000015b5  _Z7dumpHexPhi                  
000015e9  _Z11lcd_defaultv               
00001649  _Z16lcd_print_accessPhi        
00001775  __sti___6_main_c_c07e2482      
00001865  GPIOPadConfigSet               
000019d1  SysCtlClockGet                 
00001ae9  SysCtlClockSet                 
00001bdd  __aeabi_memcpy                 
00001bdd  __aeabi_memcpy4                
00001bdd  __aeabi_memcpy8                
00001bdd  memcpy                         
00001c79  __TI_decompress_lzss           
00001ce1  __TI_auto_init_nobinit         
00001d41  GPIOPinConfigure               
00001d8d  UARTConfigSetExpClk            
00001dd3  __aeabi_uidiv                  
00001dd3  __aeabi_uidivmod               
00001e13  SSIConfigSetExpClk             
00001e4f  __aeabi_idiv0                  
00001e4f  __aeabi_ldiv0                  
00001e51  SysCtlPeripheralPresent        
00001e89  SysCtlPeripheralEnable         
00001ebd  _c_int00_noargs                
00001ef1  GPIODirModeSet                 
00001f1d  UARTDisable                    
00001f3d  __TI_zero_init_nomemset        
00001f59  GPIOPinTypeGPIOOutput          
00001f73  GPIOPinTypeSSI                 
00001f89  GPIOPinTypeUART                
00001f9f  UARTEnable                     
00001fb3  SSIDataGetNonBlocking          
00001fc5  IntMasterDisable               
00001fd5  IntMasterEnable                
00001fe5  __TI_decompress_none           
00001ff3  CPUcpsid                       
00001fff  CPUcpsie                       
0000200b  SSIDataGet                     
00002017  ResetISR                       
00002023  SSIDataPut                     
0000202d  SSIEnable                      
00002037  UARTCharGet                    
00002041  UARTCharPut                    
0000204b  SSIBusy                        
00002053  GPIOPinWrite                   
00002059  SysCtlDelay                    
0000205f  UARTClockSourceSet             
00002065  _system_pre_init               
00002069  C$$EXIT                        
00002069  abort                          
00002198  SHT$$INIT_ARRAY$$Base          
0000219c  SHT$$INIT_ARRAY$$Limit         
000021bc  __TI_Handler_Table_Base        
000021c8  __TI_Handler_Table_Limit       
000021d0  __TI_CINIT_Base                
000021e0  __TI_CINIT_Limit               
20000000  __stack                        
20000000  __start___llvm_prf_cnts        
20000000  __stop___llvm_prf_cnts         
20000200  __STACK_END                    
20000200  __STACK_TOP                    
20000200  str                            
20000210  Mfrc522                        
20000218  cardID                         
20000220  AntennaGain                    
20000221  Version                        
20000222  status                         
20000224  chipSelectPin                  
20000228  NRSTPD                         
2000022c  n1                             
20000230  n2                             
20000234  LeVietHoang                    
20000239  NguyenVanA                     
ffffffff  __TI_pprof_out_hndl            
ffffffff  __TI_prof_data_size            
ffffffff  __TI_prof_data_start           
ffffffff  __binit__                      
ffffffff  __c_args__                     
ffffffff  binit                          
UNDEFED   __mpu_init                     
UNDEFED   _system_post_cinit             

[123 symbols]
