<?xml version="1.0" encoding="ISO-8859-1" ?>
<link_info>
   <banner>TI ARM Linker PC v20.2.4.LTS</banner>
   <copyright>Copyright (c) 1996-2018 Texas Instruments Incorporated</copyright>
   <link_time>0x6109459e</link_time>
   <link_errors>0x0</link_errors>
   <output_file>RFID_TIVA.out</output_file>
   <entry_point>
      <name>_c_int00_noargs</name>
      <address>0x1ebd</address>
   </entry_point>
   <input_file_list>
      <input_file id="fl-2">
         <path>.\</path>
         <kind>object</kind>
         <file>main.obj</file>
         <name>main.obj</name>
      </input_file>
      <input_file id="fl-3">
         <path>.\</path>
         <kind>object</kind>
         <file>tm4c123gh6pm_startup_ccs.obj</file>
         <name>tm4c123gh6pm_startup_ccs.obj</name>
      </input_file>
      <input_file id="fl-4">
         <path>.\</path>
         <kind>object</kind>
         <file>uartstdio.obj</file>
         <name>uartstdio.obj</name>
      </input_file>
      <input_file id="fl-5">
         <path>.\LIB\</path>
         <kind>object</kind>
         <file>Mfrc522.obj</file>
         <name>Mfrc522.obj</name>
      </input_file>
      <input_file id="fl-6">
         <path>.\LIB\</path>
         <kind>object</kind>
         <file>lcd.obj</file>
         <name>lcd.obj</name>
      </input_file>
      <input_file id="fl-b">
         <kind>object</kind>
         <file>&lt;internal&gt;</file>
         <name>&lt;internal&gt;</name>
      </input_file>
      <input_file id="fl-c">
         <path>E:\TI\TICEWARE FOR C SIRIES\driverlib\ccs\Debug\</path>
         <kind>archive</kind>
         <file>driverlib.lib</file>
         <name>gpio.obj</name>
      </input_file>
      <input_file id="fl-d">
         <path>E:\TI\TICEWARE FOR C SIRIES\driverlib\ccs\Debug\</path>
         <kind>archive</kind>
         <file>driverlib.lib</file>
         <name>interrupt.obj</name>
      </input_file>
      <input_file id="fl-e">
         <path>E:\TI\TICEWARE FOR C SIRIES\driverlib\ccs\Debug\</path>
         <kind>archive</kind>
         <file>driverlib.lib</file>
         <name>ssi.obj</name>
      </input_file>
      <input_file id="fl-f">
         <path>E:\TI\TICEWARE FOR C SIRIES\driverlib\ccs\Debug\</path>
         <kind>archive</kind>
         <file>driverlib.lib</file>
         <name>sysctl.obj</name>
      </input_file>
      <input_file id="fl-10">
         <path>E:\TI\TICEWARE FOR C SIRIES\driverlib\ccs\Debug\</path>
         <kind>archive</kind>
         <file>driverlib.lib</file>
         <name>uart.obj</name>
      </input_file>
      <input_file id="fl-11">
         <path>E:\TI\TICEWARE FOR C SIRIES\driverlib\ccs\Debug\</path>
         <kind>archive</kind>
         <file>driverlib.lib</file>
         <name>cpu.obj</name>
      </input_file>
      <input_file id="fl-c7">
         <path>E:\TI\CCS\install\ccs\tools\compiler\ti-cgt-arm_20.2.4.LTS\lib\</path>
         <kind>archive</kind>
         <file>rtsv7M4_T_le_v4SPD16_eabi.lib</file>
         <name>u_divt2.asm.obj</name>
      </input_file>
      <input_file id="fl-c8">
         <path>E:\TI\CCS\install\ccs\tools\compiler\ti-cgt-arm_20.2.4.LTS\lib\</path>
         <kind>archive</kind>
         <file>rtsv7M4_T_le_v4SPD16_eabi.lib</file>
         <name>copy_zero_init.c.obj</name>
      </input_file>
      <input_file id="fl-c9">
         <path>E:\TI\CCS\install\ccs\tools\compiler\ti-cgt-arm_20.2.4.LTS\lib\</path>
         <kind>archive</kind>
         <file>rtsv7M4_T_le_v4SPD16_eabi.lib</file>
         <name>copy_decompress_none.c.obj</name>
      </input_file>
      <input_file id="fl-ca">
         <path>E:\TI\CCS\install\ccs\tools\compiler\ti-cgt-arm_20.2.4.LTS\lib\</path>
         <kind>archive</kind>
         <file>rtsv7M4_T_le_v4SPD16_eabi.lib</file>
         <name>copy_decompress_lzss.c.obj</name>
      </input_file>
      <input_file id="fl-cb">
         <path>E:\TI\CCS\install\ccs\tools\compiler\ti-cgt-arm_20.2.4.LTS\lib\</path>
         <kind>archive</kind>
         <file>rtsv7M4_T_le_v4SPD16_eabi.lib</file>
         <name>boot_cortex_m.c.obj</name>
      </input_file>
      <input_file id="fl-cc">
         <path>E:\TI\CCS\install\ccs\tools\compiler\ti-cgt-arm_20.2.4.LTS\lib\</path>
         <kind>archive</kind>
         <file>rtsv7M4_T_le_v4SPD16_eabi.lib</file>
         <name>div0.asm.obj</name>
      </input_file>
      <input_file id="fl-cd">
         <path>E:\TI\CCS\install\ccs\tools\compiler\ti-cgt-arm_20.2.4.LTS\lib\</path>
         <kind>archive</kind>
         <file>rtsv7M4_T_le_v4SPD16_eabi.lib</file>
         <name>memset_t2.asm.obj</name>
      </input_file>
      <input_file id="fl-ce">
         <path>E:\TI\CCS\install\ccs\tools\compiler\ti-cgt-arm_20.2.4.LTS\lib\</path>
         <kind>archive</kind>
         <file>rtsv7M4_T_le_v4SPD16_eabi.lib</file>
         <name>memcpy_t2.asm.obj</name>
      </input_file>
      <input_file id="fl-cf">
         <path>E:\TI\CCS\install\ccs\tools\compiler\ti-cgt-arm_20.2.4.LTS\lib\</path>
         <kind>archive</kind>
         <file>rtsv7M4_T_le_v4SPD16_eabi.lib</file>
         <name>autoinit.c.obj</name>
      </input_file>
      <input_file id="fl-d0">
         <path>E:\TI\CCS\install\ccs\tools\compiler\ti-cgt-arm_20.2.4.LTS\lib\</path>
         <kind>archive</kind>
         <file>rtsv7M4_T_le_v4SPD16_eabi.lib</file>
         <name>pre_init.c.obj</name>
      </input_file>
      <input_file id="fl-d1">
         <path>E:\TI\CCS\install\ccs\tools\compiler\ti-cgt-arm_20.2.4.LTS\lib\</path>
         <kind>archive</kind>
         <file>rtsv7M4_T_le_v4SPD16_eabi.lib</file>
         <name>cpy_tbl.c.obj</name>
      </input_file>
      <input_file id="fl-d2">
         <path>E:\TI\CCS\install\ccs\tools\compiler\ti-cgt-arm_20.2.4.LTS\lib\</path>
         <kind>archive</kind>
         <file>rtsv7M4_T_le_v4SPD16_eabi.lib</file>
         <name>exit.c.obj</name>
      </input_file>
      <input_file id="fl-d3">
         <path>E:\TI\CCS\install\ccs\tools\compiler\ti-cgt-arm_20.2.4.LTS\lib\</path>
         <kind>archive</kind>
         <file>rtsv7M4_T_le_v4SPD16_eabi.lib</file>
         <name>_lock.c.obj</name>
      </input_file>
      <input_file id="fl-d4">
         <path>E:\TI\CCS\install\ccs\tools\compiler\ti-cgt-arm_20.2.4.LTS\lib\</path>
         <kind>archive</kind>
         <file>rtsv7M4_T_le_v4SPD16_eabi.lib</file>
         <name>args_main.c.obj</name>
      </input_file>
   </input_file_list>
   <object_component_list>
      <object_component id="oc-12">
         <name>.intvecs</name>
         <load_address>0x0</load_address>
         <run_address>0x0</run_address>
         <size>0x26c</size>
         <input_file_ref idref="fl-3"/>
      </object_component>
      <object_component id="oc-102">
         <name>.text</name>
         <load_address>0x26c</load_address>
         <run_address>0x26c</run_address>
         <size>0x804</size>
         <input_file_ref idref="fl-5"/>
      </object_component>
      <object_component id="oc-fc">
         <name>.text</name>
         <load_address>0xa70</load_address>
         <run_address>0xa70</run_address>
         <size>0x4f4</size>
         <input_file_ref idref="fl-6"/>
      </object_component>
      <object_component id="oc-c6">
         <name>.text</name>
         <load_address>0xf64</load_address>
         <run_address>0xf64</run_address>
         <size>0x4a8</size>
         <input_file_ref idref="fl-4"/>
      </object_component>
      <object_component id="oc-6c">
         <name>.text</name>
         <load_address>0x140c</load_address>
         <run_address>0x140c</run_address>
         <size>0x458</size>
         <input_file_ref idref="fl-2"/>
      </object_component>
      <object_component id="oc-19b">
         <name>.text:GPIOPadConfigSet</name>
         <load_address>0x1864</load_address>
         <run_address>0x1864</run_address>
         <size>0x16c</size>
         <input_file_ref idref="fl-c"/>
      </object_component>
      <object_component id="oc-d8">
         <name>.text:SysCtlClockGet</name>
         <load_address>0x19d0</load_address>
         <run_address>0x19d0</run_address>
         <size>0x118</size>
         <input_file_ref idref="fl-f"/>
      </object_component>
      <object_component id="oc-f0">
         <name>.text:SysCtlClockSet</name>
         <load_address>0x1ae8</load_address>
         <run_address>0x1ae8</run_address>
         <size>0xf4</size>
         <input_file_ref idref="fl-f"/>
      </object_component>
      <object_component id="oc-3c">
         <name>.text</name>
         <load_address>0x1bdc</load_address>
         <run_address>0x1bdc</run_address>
         <size>0x9c</size>
         <input_file_ref idref="fl-ce"/>
      </object_component>
      <object_component id="oc-15">
         <name>.text:decompress:lzss:__TI_decompress_lzss</name>
         <load_address>0x1c78</load_address>
         <run_address>0x1c78</run_address>
         <size>0x68</size>
         <input_file_ref idref="fl-ca"/>
      </object_component>
      <object_component id="oc-15b">
         <name>.text:__TI_auto_init_nobinit:__TI_auto_init_nobinit</name>
         <load_address>0x1ce0</load_address>
         <run_address>0x1ce0</run_address>
         <size>0x60</size>
         <input_file_ref idref="fl-cf"/>
      </object_component>
      <object_component id="oc-b4">
         <name>.text:GPIOPinConfigure</name>
         <load_address>0x1d40</load_address>
         <run_address>0x1d40</run_address>
         <size>0x4c</size>
         <input_file_ref idref="fl-c"/>
      </object_component>
      <object_component id="oc-1a8">
         <name>.text:UARTConfigSetExpClk</name>
         <load_address>0x1d8c</load_address>
         <run_address>0x1d8c</run_address>
         <size>0x46</size>
         <input_file_ref idref="fl-10"/>
      </object_component>
      <object_component id="oc-1c9">
         <name>.text</name>
         <load_address>0x1dd2</load_address>
         <run_address>0x1dd2</run_address>
         <size>0x40</size>
         <input_file_ref idref="fl-c7"/>
      </object_component>
      <object_component id="oc-de">
         <name>.text:SSIConfigSetExpClk</name>
         <load_address>0x1e12</load_address>
         <run_address>0x1e12</run_address>
         <size>0x3c</size>
         <input_file_ref idref="fl-e"/>
      </object_component>
      <object_component id="oc-276">
         <name>.text</name>
         <load_address>0x1e4e</load_address>
         <run_address>0x1e4e</run_address>
         <size>0x2</size>
         <input_file_ref idref="fl-cc"/>
      </object_component>
      <object_component id="oc-1a2">
         <name>.text:SysCtlPeripheralPresent</name>
         <load_address>0x1e50</load_address>
         <run_address>0x1e50</run_address>
         <size>0x38</size>
         <input_file_ref idref="fl-f"/>
      </object_component>
      <object_component id="oc-ae">
         <name>.text:SysCtlPeripheralEnable</name>
         <load_address>0x1e88</load_address>
         <run_address>0x1e88</run_address>
         <size>0x34</size>
         <input_file_ref idref="fl-f"/>
      </object_component>
      <object_component id="oc-5a">
         <name>.text:_c_int00_noargs:_c_int00_noargs</name>
         <load_address>0x1ebc</load_address>
         <run_address>0x1ebc</run_address>
         <size>0x34</size>
         <input_file_ref idref="fl-cb"/>
      </object_component>
      <object_component id="oc-195">
         <name>.text:GPIODirModeSet</name>
         <load_address>0x1ef0</load_address>
         <run_address>0x1ef0</run_address>
         <size>0x2c</size>
         <input_file_ref idref="fl-c"/>
      </object_component>
      <object_component id="oc-266">
         <name>.text:UARTDisable</name>
         <load_address>0x1f1c</load_address>
         <run_address>0x1f1c</run_address>
         <size>0x20</size>
         <input_file_ref idref="fl-10"/>
      </object_component>
      <object_component id="oc-48">
         <name>.text:decompress:ZI:__TI_zero_init_nomemset:__TI_zero_init_nomemset</name>
         <load_address>0x1f3c</load_address>
         <run_address>0x1f3c</run_address>
         <size>0x1c</size>
         <input_file_ref idref="fl-c8"/>
      </object_component>
      <object_component id="oc-d2">
         <name>.text:GPIOPinTypeGPIOOutput</name>
         <load_address>0x1f58</load_address>
         <run_address>0x1f58</run_address>
         <size>0x1a</size>
         <input_file_ref idref="fl-c"/>
      </object_component>
      <object_component id="oc-cc">
         <name>.text:GPIOPinTypeSSI</name>
         <load_address>0x1f72</load_address>
         <run_address>0x1f72</run_address>
         <size>0x16</size>
         <input_file_ref idref="fl-c"/>
      </object_component>
      <object_component id="oc-c0">
         <name>.text:GPIOPinTypeUART</name>
         <load_address>0x1f88</load_address>
         <run_address>0x1f88</run_address>
         <size>0x16</size>
         <input_file_ref idref="fl-c"/>
      </object_component>
      <object_component id="oc-1ae">
         <name>.text:UARTEnable</name>
         <load_address>0x1f9e</load_address>
         <run_address>0x1f9e</run_address>
         <size>0x14</size>
         <input_file_ref idref="fl-10"/>
      </object_component>
      <object_component id="oc-ea">
         <name>.text:SSIDataGetNonBlocking</name>
         <load_address>0x1fb2</load_address>
         <run_address>0x1fb2</run_address>
         <size>0x12</size>
         <input_file_ref idref="fl-e"/>
      </object_component>
      <object_component id="oc-f6">
         <name>.text:IntMasterDisable</name>
         <load_address>0x1fc4</load_address>
         <run_address>0x1fc4</run_address>
         <size>0x10</size>
         <input_file_ref idref="fl-d"/>
      </object_component>
      <object_component id="oc-10e">
         <name>.text:IntMasterEnable</name>
         <load_address>0x1fd4</load_address>
         <run_address>0x1fd4</run_address>
         <size>0x10</size>
         <input_file_ref idref="fl-d"/>
      </object_component>
      <object_component id="oc-1b">
         <name>.text:decompress:none:__TI_decompress_none</name>
         <load_address>0x1fe4</load_address>
         <run_address>0x1fe4</run_address>
         <size>0xe</size>
         <input_file_ref idref="fl-c9"/>
      </object_component>
      <object_component id="oc-1e3">
         <name>.text:CPUcpsid</name>
         <load_address>0x1ff2</load_address>
         <run_address>0x1ff2</run_address>
         <size>0xc</size>
         <input_file_ref idref="fl-11"/>
      </object_component>
      <object_component id="oc-208">
         <name>.text:CPUcpsie</name>
         <load_address>0x1ffe</load_address>
         <run_address>0x1ffe</run_address>
         <size>0xc</size>
         <input_file_ref idref="fl-11"/>
      </object_component>
      <object_component id="oc-1f9">
         <name>.text:SSIDataGet</name>
         <load_address>0x200a</load_address>
         <run_address>0x200a</run_address>
         <size>0xc</size>
         <input_file_ref idref="fl-e"/>
      </object_component>
      <object_component id="oc-28">
         <name>.text</name>
         <load_address>0x2016</load_address>
         <run_address>0x2016</run_address>
         <size>0xc</size>
         <input_file_ref idref="fl-3"/>
      </object_component>
      <object_component id="oc-1ed">
         <name>.text:SSIDataPut</name>
         <load_address>0x2022</load_address>
         <run_address>0x2022</run_address>
         <size>0xa</size>
         <input_file_ref idref="fl-e"/>
      </object_component>
      <object_component id="oc-e4">
         <name>.text:SSIEnable</name>
         <load_address>0x202c</load_address>
         <run_address>0x202c</run_address>
         <size>0xa</size>
         <input_file_ref idref="fl-e"/>
      </object_component>
      <object_component id="oc-1ba">
         <name>.text:UARTCharGet</name>
         <load_address>0x2036</load_address>
         <run_address>0x2036</run_address>
         <size>0xa</size>
         <input_file_ref idref="fl-10"/>
      </object_component>
      <object_component id="oc-1b4">
         <name>.text:UARTCharPut</name>
         <load_address>0x2040</load_address>
         <run_address>0x2040</run_address>
         <size>0xa</size>
         <input_file_ref idref="fl-10"/>
      </object_component>
      <object_component id="oc-1f3">
         <name>.text:SSIBusy</name>
         <load_address>0x204a</load_address>
         <run_address>0x204a</run_address>
         <size>0x8</size>
         <input_file_ref idref="fl-e"/>
      </object_component>
      <object_component id="oc-108">
         <name>.text:GPIOPinWrite</name>
         <load_address>0x2052</load_address>
         <run_address>0x2052</run_address>
         <size>0x6</size>
         <input_file_ref idref="fl-c"/>
      </object_component>
      <object_component id="oc-114">
         <name>.text:SysCtlDelay</name>
         <load_address>0x2058</load_address>
         <run_address>0x2058</run_address>
         <size>0x6</size>
         <input_file_ref idref="fl-f"/>
      </object_component>
      <object_component id="oc-ba">
         <name>.text:UARTClockSourceSet</name>
         <load_address>0x205e</load_address>
         <run_address>0x205e</run_address>
         <size>0x6</size>
         <input_file_ref idref="fl-10"/>
      </object_component>
      <object_component id="oc-9c">
         <name>.text:_system_pre_init</name>
         <load_address>0x2064</load_address>
         <run_address>0x2064</run_address>
         <size>0x4</size>
         <input_file_ref idref="fl-d0"/>
      </object_component>
      <object_component id="oc-149">
         <name>.text:abort:abort</name>
         <load_address>0x2068</load_address>
         <run_address>0x2068</run_address>
         <size>0x4</size>
         <input_file_ref idref="fl-d2"/>
      </object_component>
      <object_component id="oc-18e">
         <name>.const:g_pui32GPIOBaseAddrs</name>
         <load_address>0x206c</load_address>
         <run_address>0x206c</run_address>
         <size>0x90</size>
         <input_file_ref idref="fl-c"/>
      </object_component>
      <object_component id="oc-1da">
         <name>.const:g_pui32Xtals</name>
         <load_address>0x20fc</load_address>
         <run_address>0x20fc</run_address>
         <size>0x6c</size>
         <input_file_ref idref="fl-f"/>
      </object_component>
      <object_component id="oc-27c">
         <name>.const:.string</name>
         <load_address>0x2168</load_address>
         <run_address>0x2168</run_address>
         <size>0x12</size>
         <input_file_ref idref="fl-4"/>
      </object_component>
      <object_component id="oc-1c6">
         <name>.const:g_ui32UARTBase</name>
         <load_address>0x217c</load_address>
         <run_address>0x217c</run_address>
         <size>0xc</size>
         <input_file_ref idref="fl-4"/>
      </object_component>
      <object_component id="oc-1c0">
         <name>.const:g_ui32UARTPeriph</name>
         <load_address>0x2188</load_address>
         <run_address>0x2188</run_address>
         <size>0xc</size>
         <input_file_ref idref="fl-4"/>
      </object_component>
      <object_component id="oc-1ce">
         <name>.const</name>
         <load_address>0x2194</load_address>
         <run_address>0x2194</run_address>
         <size>0x4</size>
         <input_file_ref idref="fl-4"/>
      </object_component>
      <object_component id="oc-2eb">
         <name>.cinit..data.load</name>
         <load_address>0x21a0</load_address>
         <run_address>0x21a0</run_address>
         <size>0x1b</size>
      </object_component>
      <object_component id="oc-2e9">
         <name>__TI_handler_table</name>
         <load_address>0x21bc</load_address>
         <run_address>0x21bc</run_address>
         <size>0xc</size>
      </object_component>
      <object_component id="oc-2ec">
         <name>.cinit..bss.load</name>
         <load_address>0x21c8</load_address>
         <run_address>0x21c8</run_address>
         <size>0x8</size>
      </object_component>
      <object_component id="oc-2ea">
         <name>__TI_cinit_table</name>
         <load_address>0x21d0</load_address>
         <run_address>0x21d0</run_address>
         <size>0x10</size>
      </object_component>
      <object_component id="oc-24">
         <name>.init_array</name>
         <load_address>0x2198</load_address>
         <run_address>0x2198</run_address>
         <size>0x4</size>
         <input_file_ref idref="fl-2"/>
      </object_component>
      <object_component id="oc-2ed">
         <name>SHT$$INIT_ARRAY$$Limit</name>
         <load_address>0x219c</load_address>
         <run_address>0x219c</run_address>
         <size>0x0</size>
      </object_component>
      <object_component id="oc-118">
         <name>.data</name>
         <load_address>0x20000224</load_address>
         <run_address>0x20000224</run_address>
         <size>0x10</size>
         <input_file_ref idref="fl-2"/>
      </object_component>
      <object_component id="oc-123">
         <name>.data:NguyenVanA</name>
         <load_address>0x20000239</load_address>
         <run_address>0x20000239</run_address>
         <size>0x5</size>
         <input_file_ref idref="fl-2"/>
      </object_component>
      <object_component id="oc-126">
         <name>.data:LeVietHoang</name>
         <load_address>0x20000234</load_address>
         <run_address>0x20000234</run_address>
         <size>0x5</size>
         <input_file_ref idref="fl-2"/>
      </object_component>
      <object_component id="oc-1c3">
         <name>.data</name>
         <load_address>0x20000240</load_address>
         <run_address>0x20000240</run_address>
         <size>0x5</size>
         <input_file_ref idref="fl-4"/>
      </object_component>
      <object_component id="oc-115">
         <name>.bss:Mfrc522</name>
         <uninitialized>true</uninitialized>
         <run_address>0x20000210</run_address>
         <size>0x8</size>
         <input_file_ref idref="fl-2"/>
      </object_component>
      <object_component id="oc-11b">
         <name>.common:Version</name>
         <uninitialized>true</uninitialized>
         <run_address>0x20000221</run_address>
         <size>0x1</size>
      </object_component>
      <object_component id="oc-11f">
         <name>.common:AntennaGain</name>
         <uninitialized>true</uninitialized>
         <run_address>0x20000220</run_address>
         <size>0x1</size>
      </object_component>
      <object_component id="oc-120">
         <name>.common:status</name>
         <uninitialized>true</uninitialized>
         <run_address>0x20000222</run_address>
         <size>0x1</size>
      </object_component>
      <object_component id="oc-121">
         <name>.common:str</name>
         <uninitialized>true</uninitialized>
         <run_address>0x20000200</run_address>
         <size>0x10</size>
      </object_component>
      <object_component id="oc-122">
         <name>.common:cardID</name>
         <uninitialized>true</uninitialized>
         <run_address>0x20000218</run_address>
         <size>0x8</size>
      </object_component>
      <object_component id="oc-25">
         <name>.stack</name>
         <uninitialized>true</uninitialized>
         <run_address>0x20000000</run_address>
         <size>0x4</size>
         <input_file_ref idref="fl-cb"/>
      </object_component>
      <object_component id="oc-2ef">
         <name>.stack</name>
         <uninitialized>true</uninitialized>
         <run_address>0x20000000</run_address>
         <size>0x0</size>
      </object_component>
      <object_component id="oc-11c">
         <name>.debug_info</name>
         <load_address>0x0</load_address>
         <run_address>0x0</run_address>
         <size>0xa66</size>
         <input_file_ref idref="fl-2"/>
      </object_component>
      <object_component id="oc-119">
         <name>.debug_info</name>
         <load_address>0xa66</load_address>
         <run_address>0xa66</run_address>
         <size>0x114</size>
         <input_file_ref idref="fl-2"/>
      </object_component>
      <object_component id="oc-124">
         <name>.debug_info</name>
         <load_address>0xb7a</load_address>
         <run_address>0xb7a</run_address>
         <size>0xc7</size>
         <input_file_ref idref="fl-2"/>
      </object_component>
      <object_component id="oc-127">
         <name>.debug_info</name>
         <load_address>0xc41</load_address>
         <run_address>0xc41</run_address>
         <size>0xc9</size>
         <input_file_ref idref="fl-2"/>
      </object_component>
      <object_component id="oc-116">
         <name>.debug_info</name>
         <load_address>0xd0a</load_address>
         <run_address>0xd0a</run_address>
         <size>0xc1</size>
         <input_file_ref idref="fl-2"/>
      </object_component>
      <object_component id="oc-6f">
         <name>.debug_info</name>
         <load_address>0xdcb</load_address>
         <run_address>0xdcb</run_address>
         <size>0x989</size>
         <input_file_ref idref="fl-2"/>
      </object_component>
      <object_component id="oc-200">
         <name>.debug_info</name>
         <load_address>0x1754</load_address>
         <run_address>0x1754</run_address>
         <size>0x269</size>
         <input_file_ref idref="fl-2"/>
      </object_component>
      <object_component id="oc-12f">
         <name>.debug_info</name>
         <load_address>0x19bd</load_address>
         <run_address>0x19bd</run_address>
         <size>0x8b</size>
         <input_file_ref idref="fl-2"/>
      </object_component>
      <object_component id="oc-21f">
         <name>.debug_info</name>
         <load_address>0x1a48</load_address>
         <run_address>0x1a48</run_address>
         <size>0x2d6</size>
         <input_file_ref idref="fl-2"/>
      </object_component>
      <object_component id="oc-12a">
         <name>.debug_info</name>
         <load_address>0x1d1e</load_address>
         <run_address>0x1d1e</run_address>
         <size>0xbb</size>
         <input_file_ref idref="fl-2"/>
      </object_component>
      <object_component id="oc-215">
         <name>.debug_info</name>
         <load_address>0x1dd9</load_address>
         <run_address>0x1dd9</run_address>
         <size>0x2a1</size>
         <input_file_ref idref="fl-2"/>
      </object_component>
      <object_component id="oc-21a">
         <name>.debug_info</name>
         <load_address>0x207a</load_address>
         <run_address>0x207a</run_address>
         <size>0xfe</size>
         <input_file_ref idref="fl-2"/>
      </object_component>
      <object_component id="oc-30">
         <name>.debug_info</name>
         <load_address>0x2178</load_address>
         <run_address>0x2178</run_address>
         <size>0x2a0</size>
         <input_file_ref idref="fl-3"/>
      </object_component>
      <object_component id="oc-13">
         <name>.debug_info</name>
         <load_address>0x2418</load_address>
         <run_address>0x2418</run_address>
         <size>0xdf</size>
         <input_file_ref idref="fl-3"/>
      </object_component>
      <object_component id="oc-2b">
         <name>.debug_info</name>
         <load_address>0x24f7</load_address>
         <run_address>0x24f7</run_address>
         <size>0x25b</size>
         <input_file_ref idref="fl-3"/>
      </object_component>
      <object_component id="oc-77">
         <name>.debug_info</name>
         <load_address>0x2752</load_address>
         <run_address>0x2752</run_address>
         <size>0x26b</size>
         <input_file_ref idref="fl-3"/>
      </object_component>
      <object_component id="oc-37">
         <name>.debug_info</name>
         <load_address>0x29bd</load_address>
         <run_address>0x29bd</run_address>
         <size>0x84</size>
         <input_file_ref idref="fl-3"/>
      </object_component>
      <object_component id="oc-134">
         <name>.debug_info</name>
         <load_address>0x2a41</load_address>
         <run_address>0x2a41</run_address>
         <size>0x2a4</size>
         <input_file_ref idref="fl-3"/>
      </object_component>
      <object_component id="oc-7c">
         <name>.debug_info</name>
         <load_address>0x2ce5</load_address>
         <run_address>0x2ce5</run_address>
         <size>0xbb</size>
         <input_file_ref idref="fl-3"/>
      </object_component>
      <object_component id="oc-1d2">
         <name>.debug_info</name>
         <load_address>0x2da0</load_address>
         <run_address>0x2da0</run_address>
         <size>0x3f3</size>
         <input_file_ref idref="fl-4"/>
      </object_component>
      <object_component id="oc-1c4">
         <name>.debug_info</name>
         <load_address>0x3193</load_address>
         <run_address>0x3193</run_address>
         <size>0xea</size>
         <input_file_ref idref="fl-4"/>
      </object_component>
      <object_component id="oc-1cf">
         <name>.debug_info</name>
         <load_address>0x327d</load_address>
         <run_address>0x327d</run_address>
         <size>0xe4</size>
         <input_file_ref idref="fl-4"/>
      </object_component>
      <object_component id="oc-1c7">
         <name>.debug_info</name>
         <load_address>0x3361</load_address>
         <run_address>0x3361</run_address>
         <size>0xf2</size>
         <input_file_ref idref="fl-4"/>
      </object_component>
      <object_component id="oc-1c1">
         <name>.debug_info</name>
         <load_address>0x3453</load_address>
         <run_address>0x3453</run_address>
         <size>0xf6</size>
         <input_file_ref idref="fl-4"/>
      </object_component>
      <object_component id="oc-c9">
         <name>.debug_info</name>
         <load_address>0x3549</load_address>
         <run_address>0x3549</run_address>
         <size>0x907</size>
         <input_file_ref idref="fl-4"/>
      </object_component>
      <object_component id="oc-1d3">
         <name>.debug_info</name>
         <load_address>0x3e50</load_address>
         <run_address>0x3e50</run_address>
         <size>0x2c</size>
         <input_file_ref idref="fl-4"/>
      </object_component>
      <object_component id="oc-205">
         <name>.debug_info</name>
         <load_address>0x3e7c</load_address>
         <run_address>0x3e7c</run_address>
         <size>0x4e6</size>
         <input_file_ref idref="fl-5"/>
      </object_component>
      <object_component id="oc-106">
         <name>.debug_info</name>
         <load_address>0x4362</load_address>
         <run_address>0x4362</run_address>
         <size>0x19cf</size>
         <input_file_ref idref="fl-5"/>
      </object_component>
      <object_component id="oc-1eb">
         <name>.debug_info</name>
         <load_address>0x5d31</load_address>
         <run_address>0x5d31</run_address>
         <size>0x401</size>
         <input_file_ref idref="fl-6"/>
      </object_component>
      <object_component id="oc-fe">
         <name>.debug_info</name>
         <load_address>0x6132</load_address>
         <run_address>0x6132</run_address>
         <size>0xc4f</size>
         <input_file_ref idref="fl-6"/>
      </object_component>
      <object_component id="oc-192">
         <name>.debug_info</name>
         <load_address>0x6d81</load_address>
         <run_address>0x6d81</run_address>
         <size>0x3e4</size>
         <input_file_ref idref="fl-c"/>
      </object_component>
      <object_component id="oc-18f">
         <name>.debug_info</name>
         <load_address>0x7165</load_address>
         <run_address>0x7165</run_address>
         <size>0x164</size>
         <input_file_ref idref="fl-c"/>
      </object_component>
      <object_component id="oc-10a">
         <name>.debug_info</name>
         <load_address>0x72c9</load_address>
         <run_address>0x72c9</run_address>
         <size>0x2ac</size>
         <input_file_ref idref="fl-c"/>
      </object_component>
      <object_component id="oc-197">
         <name>.debug_info</name>
         <load_address>0x7575</load_address>
         <run_address>0x7575</run_address>
         <size>0x2bc</size>
         <input_file_ref idref="fl-c"/>
      </object_component>
      <object_component id="oc-19d">
         <name>.debug_info</name>
         <load_address>0x7831</load_address>
         <run_address>0x7831</run_address>
         <size>0x31f</size>
         <input_file_ref idref="fl-c"/>
      </object_component>
      <object_component id="oc-c2">
         <name>.debug_info</name>
         <load_address>0x7b50</load_address>
         <run_address>0x7b50</run_address>
         <size>0x29b</size>
         <input_file_ref idref="fl-c"/>
      </object_component>
      <object_component id="oc-ce">
         <name>.debug_info</name>
         <load_address>0x7deb</load_address>
         <run_address>0x7deb</run_address>
         <size>0x299</size>
         <input_file_ref idref="fl-c"/>
      </object_component>
      <object_component id="oc-d4">
         <name>.debug_info</name>
         <load_address>0x8084</load_address>
         <run_address>0x8084</run_address>
         <size>0x2c0</size>
         <input_file_ref idref="fl-c"/>
      </object_component>
      <object_component id="oc-b6">
         <name>.debug_info</name>
         <load_address>0x8344</load_address>
         <run_address>0x8344</run_address>
         <size>0x289</size>
         <input_file_ref idref="fl-c"/>
      </object_component>
      <object_component id="oc-258">
         <name>.debug_info</name>
         <load_address>0x85cd</load_address>
         <run_address>0x85cd</run_address>
         <size>0x26b</size>
         <input_file_ref idref="fl-c"/>
      </object_component>
      <object_component id="oc-248">
         <name>.debug_info</name>
         <load_address>0x8838</load_address>
         <run_address>0x8838</run_address>
         <size>0x297</size>
         <input_file_ref idref="fl-c"/>
      </object_component>
      <object_component id="oc-253">
         <name>.debug_info</name>
         <load_address>0x8acf</load_address>
         <run_address>0x8acf</run_address>
         <size>0xef</size>
         <input_file_ref idref="fl-c"/>
      </object_component>
      <object_component id="oc-188">
         <name>.debug_info</name>
         <load_address>0x8bbe</load_address>
         <run_address>0x8bbe</run_address>
         <size>0xbb</size>
         <input_file_ref idref="fl-c"/>
      </object_component>
      <object_component id="oc-10f">
         <name>.debug_info</name>
         <load_address>0x8c79</load_address>
         <run_address>0x8c79</run_address>
         <size>0x247</size>
         <input_file_ref idref="fl-d"/>
      </object_component>
      <object_component id="oc-f7">
         <name>.debug_info</name>
         <load_address>0x8ec0</load_address>
         <run_address>0x8ec0</run_address>
         <size>0x249</size>
         <input_file_ref idref="fl-d"/>
      </object_component>
      <object_component id="oc-1df">
         <name>.debug_info</name>
         <load_address>0x9109</load_address>
         <run_address>0x9109</run_address>
         <size>0x3c0</size>
         <input_file_ref idref="fl-e"/>
      </object_component>
      <object_component id="oc-e7">
         <name>.debug_info</name>
         <load_address>0x94c9</load_address>
         <run_address>0x94c9</run_address>
         <size>0x24b</size>
         <input_file_ref idref="fl-e"/>
      </object_component>
      <object_component id="oc-1f0">
         <name>.debug_info</name>
         <load_address>0x9714</load_address>
         <run_address>0x9714</run_address>
         <size>0x27f</size>
         <input_file_ref idref="fl-e"/>
      </object_component>
      <object_component id="oc-ec">
         <name>.debug_info</name>
         <load_address>0x9993</load_address>
         <run_address>0x9993</run_address>
         <size>0x2a3</size>
         <input_file_ref idref="fl-e"/>
      </object_component>
      <object_component id="oc-1fb">
         <name>.debug_info</name>
         <load_address>0x9c36</load_address>
         <run_address>0x9c36</run_address>
         <size>0x283</size>
         <input_file_ref idref="fl-e"/>
      </object_component>
      <object_component id="oc-e1">
         <name>.debug_info</name>
         <load_address>0x9eb9</load_address>
         <run_address>0x9eb9</run_address>
         <size>0x3e2</size>
         <input_file_ref idref="fl-e"/>
      </object_component>
      <object_component id="oc-1f5">
         <name>.debug_info</name>
         <load_address>0xa29b</load_address>
         <run_address>0xa29b</run_address>
         <size>0x24b</size>
         <input_file_ref idref="fl-e"/>
      </object_component>
      <object_component id="oc-18d">
         <name>.debug_info</name>
         <load_address>0xa4e6</load_address>
         <run_address>0xa4e6</run_address>
         <size>0x441</size>
         <input_file_ref idref="fl-f"/>
      </object_component>
      <object_component id="oc-1db">
         <name>.debug_info</name>
         <load_address>0xa927</load_address>
         <run_address>0xa927</run_address>
         <size>0x156</size>
         <input_file_ref idref="fl-f"/>
      </object_component>
      <object_component id="oc-1a4">
         <name>.debug_info</name>
         <load_address>0xaa7d</load_address>
         <run_address>0xaa7d</run_address>
         <size>0x28c</size>
         <input_file_ref idref="fl-f"/>
      </object_component>
      <object_component id="oc-b0">
         <name>.debug_info</name>
         <load_address>0xad09</load_address>
         <run_address>0xad09</run_address>
         <size>0x286</size>
         <input_file_ref idref="fl-f"/>
      </object_component>
      <object_component id="oc-f1">
         <name>.debug_info</name>
         <load_address>0xaf8f</load_address>
         <run_address>0xaf8f</run_address>
         <size>0x2e4</size>
         <input_file_ref idref="fl-f"/>
      </object_component>
      <object_component id="oc-d9">
         <name>.debug_info</name>
         <load_address>0xb273</load_address>
         <run_address>0xb273</run_address>
         <size>0x2be</size>
         <input_file_ref idref="fl-f"/>
      </object_component>
      <object_component id="oc-24f">
         <name>.debug_info</name>
         <load_address>0xb531</load_address>
         <run_address>0xb531</run_address>
         <size>0x51</size>
         <input_file_ref idref="fl-f"/>
      </object_component>
      <object_component id="oc-194">
         <name>.debug_info</name>
         <load_address>0xb582</load_address>
         <run_address>0xb582</run_address>
         <size>0x3cb</size>
         <input_file_ref idref="fl-10"/>
      </object_component>
      <object_component id="oc-1b0">
         <name>.debug_info</name>
         <load_address>0xb94d</load_address>
         <run_address>0xb94d</run_address>
         <size>0x250</size>
         <input_file_ref idref="fl-10"/>
      </object_component>
      <object_component id="oc-268">
         <name>.debug_info</name>
         <load_address>0xbb9d</load_address>
         <run_address>0xbb9d</run_address>
         <size>0x252</size>
         <input_file_ref idref="fl-10"/>
      </object_component>
      <object_component id="oc-1aa">
         <name>.debug_info</name>
         <load_address>0xbdef</load_address>
         <run_address>0xbdef</run_address>
         <size>0x32f</size>
         <input_file_ref idref="fl-10"/>
      </object_component>
      <object_component id="oc-bc">
         <name>.debug_info</name>
         <load_address>0xc11e</load_address>
         <run_address>0xc11e</run_address>
         <size>0x29a</size>
         <input_file_ref idref="fl-10"/>
      </object_component>
      <object_component id="oc-1b5">
         <name>.debug_info</name>
         <load_address>0xc3b8</load_address>
         <run_address>0xc3b8</run_address>
         <size>0x27c</size>
         <input_file_ref idref="fl-10"/>
      </object_component>
      <object_component id="oc-1bb">
         <name>.debug_info</name>
         <load_address>0xc634</load_address>
         <run_address>0xc634</run_address>
         <size>0x256</size>
         <input_file_ref idref="fl-10"/>
      </object_component>
      <object_component id="oc-209">
         <name>.debug_info</name>
         <load_address>0xc88a</load_address>
         <run_address>0xc88a</run_address>
         <size>0x21b</size>
         <input_file_ref idref="fl-11"/>
      </object_component>
      <object_component id="oc-1e4">
         <name>.debug_info</name>
         <load_address>0xcaa5</load_address>
         <run_address>0xcaa5</run_address>
         <size>0x218</size>
         <input_file_ref idref="fl-11"/>
      </object_component>
      <object_component id="oc-1cc">
         <name>.debug_info</name>
         <load_address>0xccbd</load_address>
         <run_address>0xccbd</run_address>
         <size>0x142</size>
         <input_file_ref idref="fl-c7"/>
      </object_component>
      <object_component id="oc-95">
         <name>.debug_info</name>
         <load_address>0xcdff</load_address>
         <run_address>0xcdff</run_address>
         <size>0x2d4</size>
         <input_file_ref idref="fl-c8"/>
      </object_component>
      <object_component id="oc-4c">
         <name>.debug_info</name>
         <load_address>0xd0d3</load_address>
         <run_address>0xd0d3</run_address>
         <size>0x1d2</size>
         <input_file_ref idref="fl-c8"/>
      </object_component>
      <object_component id="oc-90">
         <name>.debug_info</name>
         <load_address>0xd2a5</load_address>
         <run_address>0xd2a5</run_address>
         <size>0x46</size>
         <input_file_ref idref="fl-c8"/>
      </object_component>
      <object_component id="oc-140">
         <name>.debug_info</name>
         <load_address>0xd2eb</load_address>
         <run_address>0xd2eb</run_address>
         <size>0x2c</size>
         <input_file_ref idref="fl-c8"/>
      </object_component>
      <object_component id="oc-47">
         <name>.debug_info</name>
         <load_address>0xd317</load_address>
         <run_address>0xd317</run_address>
         <size>0x2a8</size>
         <input_file_ref idref="fl-c9"/>
      </object_component>
      <object_component id="oc-1f">
         <name>.debug_info</name>
         <load_address>0xd5bf</load_address>
         <run_address>0xd5bf</run_address>
         <size>0x1ea</size>
         <input_file_ref idref="fl-c9"/>
      </object_component>
      <object_component id="oc-42">
         <name>.debug_info</name>
         <load_address>0xd7a9</load_address>
         <run_address>0xd7a9</run_address>
         <size>0x46</size>
         <input_file_ref idref="fl-c9"/>
      </object_component>
      <object_component id="oc-88">
         <name>.debug_info</name>
         <load_address>0xd7ef</load_address>
         <run_address>0xd7ef</run_address>
         <size>0x2c</size>
         <input_file_ref idref="fl-c9"/>
      </object_component>
      <object_component id="oc-86">
         <name>.debug_info</name>
         <load_address>0xd81b</load_address>
         <run_address>0xd81b</run_address>
         <size>0x29e</size>
         <input_file_ref idref="fl-ca"/>
      </object_component>
      <object_component id="oc-17">
         <name>.debug_info</name>
         <load_address>0xdab9</load_address>
         <run_address>0xdab9</run_address>
         <size>0x250</size>
         <input_file_ref idref="fl-ca"/>
      </object_component>
      <object_component id="oc-32">
         <name>.debug_info</name>
         <load_address>0xdd09</load_address>
         <run_address>0xdd09</run_address>
         <size>0x60</size>
         <input_file_ref idref="fl-ca"/>
      </object_component>
      <object_component id="oc-139">
         <name>.debug_info</name>
         <load_address>0xdd69</load_address>
         <run_address>0xdd69</run_address>
         <size>0x46</size>
         <input_file_ref idref="fl-ca"/>
      </object_component>
      <object_component id="oc-81">
         <name>.debug_info</name>
         <load_address>0xddaf</load_address>
         <run_address>0xddaf</run_address>
         <size>0x39</size>
         <input_file_ref idref="fl-ca"/>
      </object_component>
      <object_component id="oc-26">
         <name>.debug_info</name>
         <load_address>0xdde8</load_address>
         <run_address>0xdde8</run_address>
         <size>0x10b</size>
         <input_file_ref idref="fl-cb"/>
      </object_component>
      <object_component id="oc-5b">
         <name>.debug_info</name>
         <load_address>0xdef3</load_address>
         <run_address>0xdef3</run_address>
         <size>0x1a9</size>
         <input_file_ref idref="fl-cb"/>
      </object_component>
      <object_component id="oc-277">
         <name>.debug_info</name>
         <load_address>0xe09c</load_address>
         <run_address>0xe09c</run_address>
         <size>0x115</size>
         <input_file_ref idref="fl-cc"/>
      </object_component>
      <object_component id="oc-3e">
         <name>.debug_info</name>
         <load_address>0xe1b1</load_address>
         <run_address>0xe1b1</run_address>
         <size>0x119</size>
         <input_file_ref idref="fl-ce"/>
      </object_component>
      <object_component id="oc-233">
         <name>.debug_info</name>
         <load_address>0xe2ca</load_address>
         <run_address>0xe2ca</run_address>
         <size>0x4b3</size>
         <input_file_ref idref="fl-cf"/>
      </object_component>
      <object_component id="oc-15f">
         <name>.debug_info</name>
         <load_address>0xe77d</load_address>
         <run_address>0xe77d</run_address>
         <size>0x19d</size>
         <input_file_ref idref="fl-cf"/>
      </object_component>
      <object_component id="oc-29e">
         <name>.debug_info</name>
         <load_address>0xe91a</load_address>
         <run_address>0xe91a</run_address>
         <size>0x39</size>
         <input_file_ref idref="fl-cf"/>
      </object_component>
      <object_component id="oc-2b4">
         <name>.debug_info</name>
         <load_address>0xe953</load_address>
         <run_address>0xe953</run_address>
         <size>0x39</size>
         <input_file_ref idref="fl-cf"/>
      </object_component>
      <object_component id="oc-2a3">
         <name>.debug_info</name>
         <load_address>0xe98c</load_address>
         <run_address>0xe98c</run_address>
         <size>0x39</size>
         <input_file_ref idref="fl-cf"/>
      </object_component>
      <object_component id="oc-2a8">
         <name>.debug_info</name>
         <load_address>0xe9c5</load_address>
         <run_address>0xe9c5</run_address>
         <size>0xcd</size>
         <input_file_ref idref="fl-cf"/>
      </object_component>
      <object_component id="oc-9d">
         <name>.debug_info</name>
         <load_address>0xea92</load_address>
         <run_address>0xea92</run_address>
         <size>0x153</size>
         <input_file_ref idref="fl-d0"/>
      </object_component>
      <object_component id="oc-14d">
         <name>.debug_info</name>
         <load_address>0xebe5</load_address>
         <run_address>0xebe5</run_address>
         <size>0x122</size>
         <input_file_ref idref="fl-d2"/>
      </object_component>
      <object_component id="oc-2f0">
         <name>.debug_info</name>
         <load_address>0xed07</load_address>
         <run_address>0xed07</run_address>
         <size>0x92</size>
      </object_component>
      <object_component id="oc-214">
         <name>.debug_line</name>
         <load_address>0x0</load_address>
         <run_address>0x0</run_address>
         <size>0x178</size>
         <input_file_ref idref="fl-2"/>
      </object_component>
      <object_component id="oc-212">
         <name>.debug_line</name>
         <load_address>0x178</load_address>
         <run_address>0x178</run_address>
         <size>0x2d</size>
         <input_file_ref idref="fl-2"/>
      </object_component>
      <object_component id="oc-225">
         <name>.debug_line</name>
         <load_address>0x1a5</load_address>
         <run_address>0x1a5</run_address>
         <size>0x2d</size>
         <input_file_ref idref="fl-2"/>
      </object_component>
      <object_component id="oc-227">
         <name>.debug_line</name>
         <load_address>0x1d2</load_address>
         <run_address>0x1d2</run_address>
         <size>0x2d</size>
         <input_file_ref idref="fl-2"/>
      </object_component>
      <object_component id="oc-210">
         <name>.debug_line</name>
         <load_address>0x1ff</load_address>
         <run_address>0x1ff</run_address>
         <size>0x2d</size>
         <input_file_ref idref="fl-2"/>
      </object_component>
      <object_component id="oc-6d">
         <name>.debug_line</name>
         <load_address>0x22c</load_address>
         <run_address>0x22c</run_address>
         <size>0x196</size>
         <input_file_ref idref="fl-2"/>
      </object_component>
      <object_component id="oc-203">
         <name>.debug_line</name>
         <load_address>0x3c2</load_address>
         <run_address>0x3c2</run_address>
         <size>0x34</size>
         <input_file_ref idref="fl-2"/>
      </object_component>
      <object_component id="oc-132">
         <name>.debug_line</name>
         <load_address>0x3f6</load_address>
         <run_address>0x3f6</run_address>
         <size>0x20</size>
         <input_file_ref idref="fl-2"/>
      </object_component>
      <object_component id="oc-222">
         <name>.debug_line</name>
         <load_address>0x416</load_address>
         <run_address>0x416</run_address>
         <size>0x77</size>
         <input_file_ref idref="fl-2"/>
      </object_component>
      <object_component id="oc-12d">
         <name>.debug_line</name>
         <load_address>0x48d</load_address>
         <run_address>0x48d</run_address>
         <size>0x74</size>
         <input_file_ref idref="fl-2"/>
      </object_component>
      <object_component id="oc-218">
         <name>.debug_line</name>
         <load_address>0x501</load_address>
         <run_address>0x501</run_address>
         <size>0x73</size>
         <input_file_ref idref="fl-2"/>
      </object_component>
      <object_component id="oc-21d">
         <name>.debug_line</name>
         <load_address>0x574</load_address>
         <run_address>0x574</run_address>
         <size>0x6e</size>
         <input_file_ref idref="fl-2"/>
      </object_component>
      <object_component id="oc-76">
         <name>.debug_line</name>
         <load_address>0x5e2</load_address>
         <run_address>0x5e2</run_address>
         <size>0x41</size>
         <input_file_ref idref="fl-3"/>
      </object_component>
      <object_component id="oc-2f">
         <name>.debug_line</name>
         <load_address>0x623</load_address>
         <run_address>0x623</run_address>
         <size>0x41</size>
         <input_file_ref idref="fl-3"/>
      </object_component>
      <object_component id="oc-2d">
         <name>.debug_line</name>
         <load_address>0x664</load_address>
         <run_address>0x664</run_address>
         <size>0xa1</size>
         <input_file_ref idref="fl-3"/>
      </object_component>
      <object_component id="oc-7a">
         <name>.debug_line</name>
         <load_address>0x705</load_address>
         <run_address>0x705</run_address>
         <size>0x73</size>
         <input_file_ref idref="fl-3"/>
      </object_component>
      <object_component id="oc-3a">
         <name>.debug_line</name>
         <load_address>0x778</load_address>
         <run_address>0x778</run_address>
         <size>0x20</size>
         <input_file_ref idref="fl-3"/>
      </object_component>
      <object_component id="oc-137">
         <name>.debug_line</name>
         <load_address>0x798</load_address>
         <run_address>0x798</run_address>
         <size>0x77</size>
         <input_file_ref idref="fl-3"/>
      </object_component>
      <object_component id="oc-7f">
         <name>.debug_line</name>
         <load_address>0x80f</load_address>
         <run_address>0x80f</run_address>
         <size>0x74</size>
         <input_file_ref idref="fl-3"/>
      </object_component>
      <object_component id="oc-280">
         <name>.debug_line</name>
         <load_address>0x883</load_address>
         <run_address>0x883</run_address>
         <size>0x82</size>
         <input_file_ref idref="fl-4"/>
      </object_component>
      <object_component id="oc-273">
         <name>.debug_line</name>
         <load_address>0x905</load_address>
         <run_address>0x905</run_address>
         <size>0x51</size>
         <input_file_ref idref="fl-4"/>
      </object_component>
      <object_component id="oc-27e">
         <name>.debug_line</name>
         <load_address>0x956</load_address>
         <run_address>0x956</run_address>
         <size>0x51</size>
         <input_file_ref idref="fl-4"/>
      </object_component>
      <object_component id="oc-275">
         <name>.debug_line</name>
         <load_address>0x9a7</load_address>
         <run_address>0x9a7</run_address>
         <size>0x51</size>
         <input_file_ref idref="fl-4"/>
      </object_component>
      <object_component id="oc-271">
         <name>.debug_line</name>
         <load_address>0x9f8</load_address>
         <run_address>0x9f8</run_address>
         <size>0x51</size>
         <input_file_ref idref="fl-4"/>
      </object_component>
      <object_component id="oc-c8">
         <name>.debug_line</name>
         <load_address>0xa49</load_address>
         <run_address>0xa49</run_address>
         <size>0x2a7</size>
         <input_file_ref idref="fl-4"/>
      </object_component>
      <object_component id="oc-1d6">
         <name>.debug_line</name>
         <load_address>0xcf0</load_address>
         <run_address>0xcf0</run_address>
         <size>0x6f</size>
         <input_file_ref idref="fl-4"/>
      </object_component>
      <object_component id="oc-28c">
         <name>.debug_line</name>
         <load_address>0xd5f</load_address>
         <run_address>0xd5f</run_address>
         <size>0x7f</size>
         <input_file_ref idref="fl-5"/>
      </object_component>
      <object_component id="oc-105">
         <name>.debug_line</name>
         <load_address>0xdde</load_address>
         <run_address>0xdde</run_address>
         <size>0x3a6</size>
         <input_file_ref idref="fl-5"/>
      </object_component>
      <object_component id="oc-287">
         <name>.debug_line</name>
         <load_address>0x1184</load_address>
         <run_address>0x1184</run_address>
         <size>0x82</size>
         <input_file_ref idref="fl-6"/>
      </object_component>
      <object_component id="oc-fd">
         <name>.debug_line</name>
         <load_address>0x1206</load_address>
         <run_address>0x1206</run_address>
         <size>0x23e</size>
         <input_file_ref idref="fl-6"/>
      </object_component>
      <object_component id="oc-260">
         <name>.debug_line</name>
         <load_address>0x1444</load_address>
         <run_address>0x1444</run_address>
         <size>0x82</size>
         <input_file_ref idref="fl-c"/>
      </object_component>
      <object_component id="oc-25e">
         <name>.debug_line</name>
         <load_address>0x14c6</load_address>
         <run_address>0x14c6</run_address>
         <size>0x7d</size>
         <input_file_ref idref="fl-c"/>
      </object_component>
      <object_component id="oc-109">
         <name>.debug_line</name>
         <load_address>0x1543</load_address>
         <run_address>0x1543</run_address>
         <size>0x92</size>
         <input_file_ref idref="fl-c"/>
      </object_component>
      <object_component id="oc-196">
         <name>.debug_line</name>
         <load_address>0x15d5</load_address>
         <run_address>0x15d5</run_address>
         <size>0x95</size>
         <input_file_ref idref="fl-c"/>
      </object_component>
      <object_component id="oc-19c">
         <name>.debug_line</name>
         <load_address>0x166a</load_address>
         <run_address>0x166a</run_address>
         <size>0xc4</size>
         <input_file_ref idref="fl-c"/>
      </object_component>
      <object_component id="oc-c1">
         <name>.debug_line</name>
         <load_address>0x172e</load_address>
         <run_address>0x172e</run_address>
         <size>0x99</size>
         <input_file_ref idref="fl-c"/>
      </object_component>
      <object_component id="oc-cd">
         <name>.debug_line</name>
         <load_address>0x17c7</load_address>
         <run_address>0x17c7</run_address>
         <size>0x99</size>
         <input_file_ref idref="fl-c"/>
      </object_component>
      <object_component id="oc-d3">
         <name>.debug_line</name>
         <load_address>0x1860</load_address>
         <run_address>0x1860</run_address>
         <size>0x99</size>
         <input_file_ref idref="fl-c"/>
      </object_component>
      <object_component id="oc-b5">
         <name>.debug_line</name>
         <load_address>0x18f9</load_address>
         <run_address>0x18f9</run_address>
         <size>0xa7</size>
         <input_file_ref idref="fl-c"/>
      </object_component>
      <object_component id="oc-25b">
         <name>.debug_line</name>
         <load_address>0x19a0</load_address>
         <run_address>0x19a0</run_address>
         <size>0x71</size>
         <input_file_ref idref="fl-c"/>
      </object_component>
      <object_component id="oc-24b">
         <name>.debug_line</name>
         <load_address>0x1a11</load_address>
         <run_address>0x1a11</run_address>
         <size>0x75</size>
         <input_file_ref idref="fl-c"/>
      </object_component>
      <object_component id="oc-256">
         <name>.debug_line</name>
         <load_address>0x1a86</load_address>
         <run_address>0x1a86</run_address>
         <size>0x71</size>
         <input_file_ref idref="fl-c"/>
      </object_component>
      <object_component id="oc-18b">
         <name>.debug_line</name>
         <load_address>0x1af7</load_address>
         <run_address>0x1af7</run_address>
         <size>0x72</size>
         <input_file_ref idref="fl-c"/>
      </object_component>
      <object_component id="oc-112">
         <name>.debug_line</name>
         <load_address>0x1b69</load_address>
         <run_address>0x1b69</run_address>
         <size>0x97</size>
         <input_file_ref idref="fl-d"/>
      </object_component>
      <object_component id="oc-fa">
         <name>.debug_line</name>
         <load_address>0x1c00</load_address>
         <run_address>0x1c00</run_address>
         <size>0x97</size>
         <input_file_ref idref="fl-d"/>
      </object_component>
      <object_component id="oc-284">
         <name>.debug_line</name>
         <load_address>0x1c97</load_address>
         <run_address>0x1c97</run_address>
         <size>0x82</size>
         <input_file_ref idref="fl-e"/>
      </object_component>
      <object_component id="oc-e6">
         <name>.debug_line</name>
         <load_address>0x1d19</load_address>
         <run_address>0x1d19</run_address>
         <size>0x91</size>
         <input_file_ref idref="fl-e"/>
      </object_component>
      <object_component id="oc-1ef">
         <name>.debug_line</name>
         <load_address>0x1daa</load_address>
         <run_address>0x1daa</run_address>
         <size>0x94</size>
         <input_file_ref idref="fl-e"/>
      </object_component>
      <object_component id="oc-ee">
         <name>.debug_line</name>
         <load_address>0x1e3e</load_address>
         <run_address>0x1e3e</run_address>
         <size>0x97</size>
         <input_file_ref idref="fl-e"/>
      </object_component>
      <object_component id="oc-1fd">
         <name>.debug_line</name>
         <load_address>0x1ed5</load_address>
         <run_address>0x1ed5</run_address>
         <size>0x94</size>
         <input_file_ref idref="fl-e"/>
      </object_component>
      <object_component id="oc-e0">
         <name>.debug_line</name>
         <load_address>0x1f69</load_address>
         <run_address>0x1f69</run_address>
         <size>0xa3</size>
         <input_file_ref idref="fl-e"/>
      </object_component>
      <object_component id="oc-1f7">
         <name>.debug_line</name>
         <load_address>0x200c</load_address>
         <run_address>0x200c</run_address>
         <size>0x91</size>
         <input_file_ref idref="fl-e"/>
      </object_component>
      <object_component id="oc-24e">
         <name>.debug_line</name>
         <load_address>0x209d</load_address>
         <run_address>0x209d</run_address>
         <size>0x13d</size>
         <input_file_ref idref="fl-f"/>
      </object_component>
      <object_component id="oc-282">
         <name>.debug_line</name>
         <load_address>0x21da</load_address>
         <run_address>0x21da</run_address>
         <size>0x7f</size>
         <input_file_ref idref="fl-f"/>
      </object_component>
      <object_component id="oc-1a3">
         <name>.debug_line</name>
         <load_address>0x2259</load_address>
         <run_address>0x2259</run_address>
         <size>0x94</size>
         <input_file_ref idref="fl-f"/>
      </object_component>
      <object_component id="oc-af">
         <name>.debug_line</name>
         <load_address>0x22ed</load_address>
         <run_address>0x22ed</run_address>
         <size>0x94</size>
         <input_file_ref idref="fl-f"/>
      </object_component>
      <object_component id="oc-f4">
         <name>.debug_line</name>
         <load_address>0x2381</load_address>
         <run_address>0x2381</run_address>
         <size>0xee</size>
         <input_file_ref idref="fl-f"/>
      </object_component>
      <object_component id="oc-dc">
         <name>.debug_line</name>
         <load_address>0x246f</load_address>
         <run_address>0x246f</run_address>
         <size>0x118</size>
         <input_file_ref idref="fl-f"/>
      </object_component>
      <object_component id="oc-251">
         <name>.debug_line</name>
         <load_address>0x2587</load_address>
         <run_address>0x2587</run_address>
         <size>0x7f</size>
         <input_file_ref idref="fl-f"/>
      </object_component>
      <object_component id="oc-262">
         <name>.debug_line</name>
         <load_address>0x2606</load_address>
         <run_address>0x2606</run_address>
         <size>0x82</size>
         <input_file_ref idref="fl-10"/>
      </object_component>
      <object_component id="oc-1b3">
         <name>.debug_line</name>
         <load_address>0x2688</load_address>
         <run_address>0x2688</run_address>
         <size>0x93</size>
         <input_file_ref idref="fl-10"/>
      </object_component>
      <object_component id="oc-26b">
         <name>.debug_line</name>
         <load_address>0x271b</load_address>
         <run_address>0x271b</run_address>
         <size>0x96</size>
         <input_file_ref idref="fl-10"/>
      </object_component>
      <object_component id="oc-1ad">
         <name>.debug_line</name>
         <load_address>0x27b1</load_address>
         <run_address>0x27b1</run_address>
         <size>0xb3</size>
         <input_file_ref idref="fl-10"/>
      </object_component>
      <object_component id="oc-bf">
         <name>.debug_line</name>
         <load_address>0x2864</load_address>
         <run_address>0x2864</run_address>
         <size>0x92</size>
         <input_file_ref idref="fl-10"/>
      </object_component>
      <object_component id="oc-1b8">
         <name>.debug_line</name>
         <load_address>0x28f6</load_address>
         <run_address>0x28f6</run_address>
         <size>0x93</size>
         <input_file_ref idref="fl-10"/>
      </object_component>
      <object_component id="oc-1be">
         <name>.debug_line</name>
         <load_address>0x2989</load_address>
         <run_address>0x2989</run_address>
         <size>0x93</size>
         <input_file_ref idref="fl-10"/>
      </object_component>
      <object_component id="oc-20c">
         <name>.debug_line</name>
         <load_address>0x2a1c</load_address>
         <run_address>0x2a1c</run_address>
         <size>0x91</size>
         <input_file_ref idref="fl-11"/>
      </object_component>
      <object_component id="oc-1e7">
         <name>.debug_line</name>
         <load_address>0x2aad</load_address>
         <run_address>0x2aad</run_address>
         <size>0x91</size>
         <input_file_ref idref="fl-11"/>
      </object_component>
      <object_component id="oc-1ca">
         <name>.debug_line</name>
         <load_address>0x2b3e</load_address>
         <run_address>0x2b3e</run_address>
         <size>0x5b</size>
         <input_file_ref idref="fl-c7"/>
      </object_component>
      <object_component id="oc-146">
         <name>.debug_line</name>
         <load_address>0x2b99</load_address>
         <run_address>0x2b99</run_address>
         <size>0x92</size>
         <input_file_ref idref="fl-c8"/>
      </object_component>
      <object_component id="oc-49">
         <name>.debug_line</name>
         <load_address>0x2c2b</load_address>
         <run_address>0x2c2b</run_address>
         <size>0x56</size>
         <input_file_ref idref="fl-c8"/>
      </object_component>
      <object_component id="oc-93">
         <name>.debug_line</name>
         <load_address>0x2c81</load_address>
         <run_address>0x2c81</run_address>
         <size>0x34</size>
         <input_file_ref idref="fl-c8"/>
      </object_component>
      <object_component id="oc-143">
         <name>.debug_line</name>
         <load_address>0x2cb5</load_address>
         <run_address>0x2cb5</run_address>
         <size>0x92</size>
         <input_file_ref idref="fl-c8"/>
      </object_component>
      <object_component id="oc-8e">
         <name>.debug_line</name>
         <load_address>0x2d47</load_address>
         <run_address>0x2d47</run_address>
         <size>0x20</size>
         <input_file_ref idref="fl-c9"/>
      </object_component>
      <object_component id="oc-1d">
         <name>.debug_line</name>
         <load_address>0x2d67</load_address>
         <run_address>0x2d67</run_address>
         <size>0x55</size>
         <input_file_ref idref="fl-c9"/>
      </object_component>
      <object_component id="oc-45">
         <name>.debug_line</name>
         <load_address>0x2dbc</load_address>
         <run_address>0x2dbc</run_address>
         <size>0x3a</size>
         <input_file_ref idref="fl-c9"/>
      </object_component>
      <object_component id="oc-8b">
         <name>.debug_line</name>
         <load_address>0x2df6</load_address>
         <run_address>0x2df6</run_address>
         <size>0x92</size>
         <input_file_ref idref="fl-c9"/>
      </object_component>
      <object_component id="oc-13f">
         <name>.debug_line</name>
         <load_address>0x2e88</load_address>
         <run_address>0x2e88</run_address>
         <size>0x20</size>
         <input_file_ref idref="fl-ca"/>
      </object_component>
      <object_component id="oc-19">
         <name>.debug_line</name>
         <load_address>0x2ea8</load_address>
         <run_address>0x2ea8</run_address>
         <size>0xa9</size>
         <input_file_ref idref="fl-ca"/>
      </object_component>
      <object_component id="oc-35">
         <name>.debug_line</name>
         <load_address>0x2f51</load_address>
         <run_address>0x2f51</run_address>
         <size>0x3a</size>
         <input_file_ref idref="fl-ca"/>
      </object_component>
      <object_component id="oc-13c">
         <name>.debug_line</name>
         <load_address>0x2f8b</load_address>
         <run_address>0x2f8b</run_address>
         <size>0x9a</size>
         <input_file_ref idref="fl-ca"/>
      </object_component>
      <object_component id="oc-84">
         <name>.debug_line</name>
         <load_address>0x3025</load_address>
         <run_address>0x3025</run_address>
         <size>0x96</size>
         <input_file_ref idref="fl-ca"/>
      </object_component>
      <object_component id="oc-73">
         <name>.debug_line</name>
         <load_address>0x30bb</load_address>
         <run_address>0x30bb</run_address>
         <size>0x33</size>
         <input_file_ref idref="fl-cb"/>
      </object_component>
      <object_component id="oc-5e">
         <name>.debug_line</name>
         <load_address>0x30ee</load_address>
         <run_address>0x30ee</run_address>
         <size>0x45</size>
         <input_file_ref idref="fl-cb"/>
      </object_component>
      <object_component id="oc-27a">
         <name>.debug_line</name>
         <load_address>0x3133</load_address>
         <run_address>0x3133</run_address>
         <size>0x37</size>
         <input_file_ref idref="fl-cc"/>
      </object_component>
      <object_component id="oc-3d">
         <name>.debug_line</name>
         <load_address>0x316a</load_address>
         <run_address>0x316a</run_address>
         <size>0x88</size>
         <input_file_ref idref="fl-ce"/>
      </object_component>
      <object_component id="oc-29d">
         <name>.debug_line</name>
         <load_address>0x31f2</load_address>
         <run_address>0x31f2</run_address>
         <size>0xbf</size>
         <input_file_ref idref="fl-cf"/>
      </object_component>
      <object_component id="oc-15d">
         <name>.debug_line</name>
         <load_address>0x32b1</load_address>
         <run_address>0x32b1</run_address>
         <size>0x86</size>
         <input_file_ref idref="fl-cf"/>
      </object_component>
      <object_component id="oc-2a1">
         <name>.debug_line</name>
         <load_address>0x3337</load_address>
         <run_address>0x3337</run_address>
         <size>0x2e</size>
         <input_file_ref idref="fl-cf"/>
      </object_component>
      <object_component id="oc-2b7">
         <name>.debug_line</name>
         <load_address>0x3365</load_address>
         <run_address>0x3365</run_address>
         <size>0x9a</size>
         <input_file_ref idref="fl-cf"/>
      </object_component>
      <object_component id="oc-2a6">
         <name>.debug_line</name>
         <load_address>0x33ff</load_address>
         <run_address>0x33ff</run_address>
         <size>0x97</size>
         <input_file_ref idref="fl-cf"/>
      </object_component>
      <object_component id="oc-2ab">
         <name>.debug_line</name>
         <load_address>0x3496</load_address>
         <run_address>0x3496</run_address>
         <size>0x93</size>
         <input_file_ref idref="fl-cf"/>
      </object_component>
      <object_component id="oc-a0">
         <name>.debug_line</name>
         <load_address>0x3529</load_address>
         <run_address>0x3529</run_address>
         <size>0x40</size>
         <input_file_ref idref="fl-d0"/>
      </object_component>
      <object_component id="oc-14b">
         <name>.debug_line</name>
         <load_address>0x3569</load_address>
         <run_address>0x3569</run_address>
         <size>0x3c</size>
         <input_file_ref idref="fl-d2"/>
      </object_component>
      <object_component id="oc-6e">
         <name>.debug_frame</name>
         <load_address>0x0</load_address>
         <run_address>0x0</run_address>
         <size>0x114</size>
         <input_file_ref idref="fl-2"/>
      </object_component>
      <object_component id="oc-2a">
         <name>.debug_frame</name>
         <load_address>0x114</load_address>
         <run_address>0x114</run_address>
         <size>0x90</size>
         <input_file_ref idref="fl-3"/>
      </object_component>
      <object_component id="oc-c7">
         <name>.debug_frame</name>
         <load_address>0x1a4</load_address>
         <run_address>0x1a4</run_address>
         <size>0x100</size>
         <input_file_ref idref="fl-4"/>
      </object_component>
      <object_component id="oc-104">
         <name>.debug_frame</name>
         <load_address>0x2a4</load_address>
         <run_address>0x2a4</run_address>
         <size>0x25c</size>
         <input_file_ref idref="fl-5"/>
      </object_component>
      <object_component id="oc-101">
         <name>.debug_frame</name>
         <load_address>0x500</load_address>
         <run_address>0x500</run_address>
         <size>0x144</size>
         <input_file_ref idref="fl-6"/>
      </object_component>
      <object_component id="oc-10d">
         <name>.debug_frame</name>
         <load_address>0x644</load_address>
         <run_address>0x644</run_address>
         <size>0x54</size>
         <input_file_ref idref="fl-c"/>
      </object_component>
      <object_component id="oc-19a">
         <name>.debug_frame</name>
         <load_address>0x698</load_address>
         <run_address>0x698</run_address>
         <size>0x54</size>
         <input_file_ref idref="fl-c"/>
      </object_component>
      <object_component id="oc-1a0">
         <name>.debug_frame</name>
         <load_address>0x6ec</load_address>
         <run_address>0x6ec</run_address>
         <size>0x68</size>
         <input_file_ref idref="fl-c"/>
      </object_component>
      <object_component id="oc-c5">
         <name>.debug_frame</name>
         <load_address>0x754</load_address>
         <run_address>0x754</run_address>
         <size>0x58</size>
         <input_file_ref idref="fl-c"/>
      </object_component>
      <object_component id="oc-d1">
         <name>.debug_frame</name>
         <load_address>0x7ac</load_address>
         <run_address>0x7ac</run_address>
         <size>0x58</size>
         <input_file_ref idref="fl-c"/>
      </object_component>
      <object_component id="oc-d7">
         <name>.debug_frame</name>
         <load_address>0x804</load_address>
         <run_address>0x804</run_address>
         <size>0x5c</size>
         <input_file_ref idref="fl-c"/>
      </object_component>
      <object_component id="oc-b9">
         <name>.debug_frame</name>
         <load_address>0x860</load_address>
         <run_address>0x860</run_address>
         <size>0x58</size>
         <input_file_ref idref="fl-c"/>
      </object_component>
      <object_component id="oc-113">
         <name>.debug_frame</name>
         <load_address>0x8b8</load_address>
         <run_address>0x8b8</run_address>
         <size>0x58</size>
         <input_file_ref idref="fl-d"/>
      </object_component>
      <object_component id="oc-fb">
         <name>.debug_frame</name>
         <load_address>0x910</load_address>
         <run_address>0x910</run_address>
         <size>0x58</size>
         <input_file_ref idref="fl-d"/>
      </object_component>
      <object_component id="oc-e9">
         <name>.debug_frame</name>
         <load_address>0x968</load_address>
         <run_address>0x968</run_address>
         <size>0x54</size>
         <input_file_ref idref="fl-e"/>
      </object_component>
      <object_component id="oc-1f2">
         <name>.debug_frame</name>
         <load_address>0x9bc</load_address>
         <run_address>0x9bc</run_address>
         <size>0x54</size>
         <input_file_ref idref="fl-e"/>
      </object_component>
      <object_component id="oc-ef">
         <name>.debug_frame</name>
         <load_address>0xa10</load_address>
         <run_address>0xa10</run_address>
         <size>0x58</size>
         <input_file_ref idref="fl-e"/>
      </object_component>
      <object_component id="oc-1fe">
         <name>.debug_frame</name>
         <load_address>0xa68</load_address>
         <run_address>0xa68</run_address>
         <size>0x54</size>
         <input_file_ref idref="fl-e"/>
      </object_component>
      <object_component id="oc-e3">
         <name>.debug_frame</name>
         <load_address>0xabc</load_address>
         <run_address>0xabc</run_address>
         <size>0x58</size>
         <input_file_ref idref="fl-e"/>
      </object_component>
      <object_component id="oc-1f8">
         <name>.debug_frame</name>
         <load_address>0xb14</load_address>
         <run_address>0xb14</run_address>
         <size>0x54</size>
         <input_file_ref idref="fl-e"/>
      </object_component>
      <object_component id="oc-1a7">
         <name>.debug_frame</name>
         <load_address>0xb68</load_address>
         <run_address>0xb68</run_address>
         <size>0x54</size>
         <input_file_ref idref="fl-f"/>
      </object_component>
      <object_component id="oc-b3">
         <name>.debug_frame</name>
         <load_address>0xbbc</load_address>
         <run_address>0xbbc</run_address>
         <size>0x54</size>
         <input_file_ref idref="fl-f"/>
      </object_component>
      <object_component id="oc-f5">
         <name>.debug_frame</name>
         <load_address>0xc10</load_address>
         <run_address>0xc10</run_address>
         <size>0x68</size>
         <input_file_ref idref="fl-f"/>
      </object_component>
      <object_component id="oc-dd">
         <name>.debug_frame</name>
         <load_address>0xc78</load_address>
         <run_address>0xc78</run_address>
         <size>0x60</size>
         <input_file_ref idref="fl-f"/>
      </object_component>
      <object_component id="oc-1af">
         <name>.debug_frame</name>
         <load_address>0xcd8</load_address>
         <run_address>0xcd8</run_address>
         <size>0x54</size>
         <input_file_ref idref="fl-10"/>
      </object_component>
      <object_component id="oc-267">
         <name>.debug_frame</name>
         <load_address>0xd2c</load_address>
         <run_address>0xd2c</run_address>
         <size>0x54</size>
         <input_file_ref idref="fl-10"/>
      </object_component>
      <object_component id="oc-1a9">
         <name>.debug_frame</name>
         <load_address>0xd80</load_address>
         <run_address>0xd80</run_address>
         <size>0x5c</size>
         <input_file_ref idref="fl-10"/>
      </object_component>
      <object_component id="oc-bb">
         <name>.debug_frame</name>
         <load_address>0xddc</load_address>
         <run_address>0xddc</run_address>
         <size>0x54</size>
         <input_file_ref idref="fl-10"/>
      </object_component>
      <object_component id="oc-1b9">
         <name>.debug_frame</name>
         <load_address>0xe30</load_address>
         <run_address>0xe30</run_address>
         <size>0x54</size>
         <input_file_ref idref="fl-10"/>
      </object_component>
      <object_component id="oc-1bf">
         <name>.debug_frame</name>
         <load_address>0xe84</load_address>
         <run_address>0xe84</run_address>
         <size>0x54</size>
         <input_file_ref idref="fl-10"/>
      </object_component>
      <object_component id="oc-20d">
         <name>.debug_frame</name>
         <load_address>0xed8</load_address>
         <run_address>0xed8</run_address>
         <size>0x54</size>
         <input_file_ref idref="fl-11"/>
      </object_component>
      <object_component id="oc-1e8">
         <name>.debug_frame</name>
         <load_address>0xf2c</load_address>
         <run_address>0xf2c</run_address>
         <size>0x54</size>
         <input_file_ref idref="fl-11"/>
      </object_component>
      <object_component id="oc-4a">
         <name>.debug_frame</name>
         <load_address>0xf80</load_address>
         <run_address>0xf80</run_address>
         <size>0x54</size>
         <input_file_ref idref="fl-c8"/>
      </object_component>
      <object_component id="oc-1e">
         <name>.debug_frame</name>
         <load_address>0xfd4</load_address>
         <run_address>0xfd4</run_address>
         <size>0x54</size>
         <input_file_ref idref="fl-c9"/>
      </object_component>
      <object_component id="oc-1a">
         <name>.debug_frame</name>
         <load_address>0x1028</load_address>
         <run_address>0x1028</run_address>
         <size>0x60</size>
         <input_file_ref idref="fl-ca"/>
[...]
               <size>0x21</size>
               <logical_group_ref idref="lg-a"/>
            </allocated_space>
            <available_space>
               <start_address>0x20000245</start_address>
               <size>0x7dbb</size>
            </available_space>
         </usage_details>
      </memory_area>
   </placement_map>
   <cptbl_list>
      <cptbl>
         <name>__TI_cinit_table</name>
         <cprec>
            <name>.data</name>
            <load_address>0x21a0</load_address>
            <load_size>0x1b</load_size>
            <run_address>0x20000224</run_address>
            <run_size>0x21</run_size>
            <compression>lzss</compression>
         </cprec>
         <cprec>
            <name>.bss</name>
            <load_address>0x21c8</load_address>
            <load_size>0x8</load_size>
            <run_address>0x20000200</run_address>
            <run_size>0x23</run_size>
            <compression>zero_init</compression>
         </cprec>
      </cptbl>
   </cptbl_list>
   <handler_table>
      <handler_table_name>__TI_handler_table</handler_table_name>
      <handler>
         <index>0x0</index>
         <name>__TI_decompress_lzss</name>
      </handler>
      <handler>
         <index>0x1</index>
         <name>__TI_decompress_none</name>
      </handler>
      <handler>
         <index>0x2</index>
         <name>__TI_zero_init</name>
      </handler>
   </handler_table>
   <symbol_table>
      <symbol id="sm-1">
         <name>__STACK_TOP</name>
         <value>0x20000200</value>
      </symbol>
      <symbol id="sm-2">
         <name>__start___llvm_prf_cnts</name>
         <value>0x20000000</value>
      </symbol>
      <symbol id="sm-3">
         <name>__stop___llvm_prf_cnts</name>
         <value>0x20000000</value>
      </symbol>
      <symbol id="sm-4">
         <name>__TI_CINIT_Base</name>
         <value>0x21d0</value>
      </symbol>
      <symbol id="sm-5">
         <name>__TI_CINIT_Limit</name>
         <value>0x21e0</value>
      </symbol>
      <symbol id="sm-6">
         <name>__TI_Handler_Table_Base</name>
         <value>0x21bc</value>
      </symbol>
      <symbol id="sm-7">
         <name>__TI_Handler_Table_Limit</name>
         <value>0x21c8</value>
      </symbol>
      <symbol id="sm-8">
         <name>SHT$$INIT_ARRAY$$Base</name>
         <value>0x2198</value>
      </symbol>
      <symbol id="sm-9">
         <name>SHT$$INIT_ARRAY$$Limit</name>
         <value>0x219c</value>
      </symbol>
      <symbol id="sm-a">
         <name>binit</name>
         <value>0xffffffff</value>
      </symbol>
      <symbol id="sm-b">
         <name>__binit__</name>
         <value>0xffffffff</value>
      </symbol>
      <symbol id="sm-c">
         <name>__STACK_SIZE</name>
         <value>0x200</value>
      </symbol>
      <symbol id="sm-d">
         <name>__STACK_END</name>
         <value>0x20000200</value>
      </symbol>
      <symbol id="sm-e">
         <name>__c_args__</name>
         <value>0xffffffff</value>
      </symbol>
      <symbol id="sm-f">
         <name>__TI_pprof_out_hndl</name>
         <value>0xffffffff</value>
      </symbol>
      <symbol id="sm-10">
         <name>__TI_prof_data_start</name>
         <value>0xffffffff</value>
      </symbol>
      <symbol id="sm-11">
         <name>__TI_prof_data_size</name>
         <value>0xffffffff</value>
      </symbol>
      <symbol id="sm-b5">
         <name>Version</name>
         <value>0x20000221</value>
      </symbol>
      <symbol id="sm-b6">
         <name>AntennaGain</name>
         <value>0x20000220</value>
      </symbol>
      <symbol id="sm-b7">
         <name>status</name>
         <value>0x20000222</value>
      </symbol>
      <symbol id="sm-b8">
         <name>str</name>
         <value>0x20000200</value>
      </symbol>
      <symbol id="sm-b9">
         <name>cardID</name>
         <value>0x20000218</value>
      </symbol>
      <symbol id="sm-ba">
         <name>Mfrc522</name>
         <value>0x20000210</value>
         <object_component_ref idref="oc-115"/>
      </symbol>
      <symbol id="sm-bb">
         <name>NguyenVanA</name>
         <value>0x20000239</value>
         <object_component_ref idref="oc-123"/>
      </symbol>
      <symbol id="sm-bc">
         <name>_Z11lcd_defaultv</name>
         <value>0x15e9</value>
         <object_component_ref idref="oc-6c"/>
      </symbol>
      <symbol id="sm-bd">
         <name>_Z7dumpHexPhi</name>
         <value>0x15b5</value>
         <object_component_ref idref="oc-6c"/>
      </symbol>
      <symbol id="sm-be">
         <name>LeVietHoang</name>
         <value>0x20000234</value>
         <object_component_ref idref="oc-126"/>
      </symbol>
      <symbol id="sm-bf">
         <name>_Z11InitConsolev</name>
         <value>0x140d</value>
         <object_component_ref idref="oc-6c"/>
      </symbol>
      <symbol id="sm-c0">
         <name>chipSelectPin</name>
         <value>0x20000224</value>
         <object_component_ref idref="oc-118"/>
      </symbol>
      <symbol id="sm-c1">
         <name>NRSTPD</name>
         <value>0x20000228</value>
         <object_component_ref idref="oc-118"/>
      </symbol>
      <symbol id="sm-c2">
         <name>main</name>
         <value>0x14b9</value>
         <object_component_ref idref="oc-6c"/>
      </symbol>
      <symbol id="sm-c3">
         <name>n2</name>
         <value>0x20000230</value>
         <object_component_ref idref="oc-118"/>
      </symbol>
      <symbol id="sm-c4">
         <name>n1</name>
         <value>0x2000022c</value>
         <object_component_ref idref="oc-118"/>
      </symbol>
      <symbol id="sm-c5">
         <name>_Z16lcd_print_accessPhi</name>
         <value>0x1649</value>
         <object_component_ref idref="oc-6c"/>
      </symbol>
      <symbol id="sm-c6">
         <name>_Z7InitSSIv</name>
         <value>0x1449</value>
         <object_component_ref idref="oc-6c"/>
      </symbol>
      <symbol id="sm-c7">
         <name>_Z8initLedsv</name>
         <value>0x15a3</value>
         <object_component_ref idref="oc-6c"/>
      </symbol>
      <symbol id="sm-c8">
         <name>__sti___6_main_c_c07e2482</name>
         <value>0x1775</value>
         <object_component_ref idref="oc-6c"/>
      </symbol>
      <symbol id="sm-f8">
         <name>ResetISR</name>
         <value>0x2017</value>
         <object_component_ref idref="oc-28"/>
      </symbol>
      <symbol id="sm-f9">
         <name>g_pfnVectors</name>
         <value>0x0</value>
         <object_component_ref idref="oc-12"/>
      </symbol>
      <symbol id="sm-16e">
         <name>UARTgetc</name>
         <value>0x10b5</value>
         <object_component_ref idref="oc-c6"/>
      </symbol>
      <symbol id="sm-16f">
         <name>UARTgets</name>
         <value>0xffb</value>
         <object_component_ref idref="oc-c6"/>
      </symbol>
      <symbol id="sm-170">
         <name>UARTStdioConfig</name>
         <value>0xf65</value>
         <object_component_ref idref="oc-c6"/>
      </symbol>
      <symbol id="sm-171">
         <name>UARTwrite</name>
         <value>0xfab</value>
         <object_component_ref idref="oc-c6"/>
      </symbol>
      <symbol id="sm-172">
         <name>UARTprintf</name>
         <value>0x13d7</value>
         <object_component_ref idref="oc-c6"/>
      </symbol>
      <symbol id="sm-173">
         <name>UARTvprintf</name>
         <value>0x10dd</value>
         <object_component_ref idref="oc-c6"/>
      </symbol>
      <symbol id="sm-1c6">
         <name>_ZN7Mfrc522C1Eii</name>
         <value>0x29b</value>
         <object_component_ref idref="oc-102"/>
      </symbol>
      <symbol id="sm-1c7">
         <name>_ZN7Mfrc5226ToCardEhPhhS0_Pj</name>
         <value>0x499</value>
         <object_component_ref idref="oc-102"/>
      </symbol>
      <symbol id="sm-1c8">
         <name>_ZN7Mfrc52210WriteBlockEhPh</name>
         <value>0x94f</value>
         <object_component_ref idref="oc-102"/>
      </symbol>
      <symbol id="sm-1c9">
         <name>_ZN7Mfrc52212ClearBitMaskEhh</name>
         <value>0x36b</value>
         <object_component_ref idref="oc-102"/>
      </symbol>
      <symbol id="sm-1ca">
         <name>_ZN7Mfrc5228AnticollEPh</name>
         <value>0x667</value>
         <object_component_ref idref="oc-102"/>
      </symbol>
      <symbol id="sm-1cb">
         <name>_ZN7Mfrc5224InitEv</name>
         <value>0x3e1</value>
         <object_component_ref idref="oc-102"/>
      </symbol>
      <symbol id="sm-1cc">
         <name>_ZN7Mfrc5224AuthEhhPhS0_</name>
         <value>0x835</value>
         <object_component_ref idref="oc-102"/>
      </symbol>
      <symbol id="sm-1cd">
         <name>_ZN7Mfrc5227RequestEhPh</name>
         <value>0x43d</value>
         <object_component_ref idref="oc-102"/>
      </symbol>
      <symbol id="sm-1ce">
         <name>_ZN7Mfrc52210AntennaOffEv</name>
         <value>0x3c1</value>
         <object_component_ref idref="oc-102"/>
      </symbol>
      <symbol id="sm-1cf">
         <name>_ZN7Mfrc5224HaltEv</name>
         <value>0xa33</value>
         <object_component_ref idref="oc-102"/>
      </symbol>
      <symbol id="sm-1d0">
         <name>_ZN7Mfrc5228WriteRegEhh</name>
         <value>0x2b7</value>
         <object_component_ref idref="oc-102"/>
      </symbol>
      <symbol id="sm-1d1">
         <name>_ZN7Mfrc5229SelectTagEPh</name>
         <value>0x7a3</value>
         <object_component_ref idref="oc-102"/>
      </symbol>
      <symbol id="sm-1d2">
         <name>_ZN7Mfrc5229AntennaOnEv</name>
         <value>0x39b</value>
         <object_component_ref idref="oc-102"/>
      </symbol>
      <symbol id="sm-1d3">
         <name>_ZN7Mfrc52210SetBitMaskEhh</name>
         <value>0x33b</value>
         <object_component_ref idref="oc-102"/>
      </symbol>
      <symbol id="sm-1d4">
         <name>_ZN7Mfrc5225ResetEv</name>
         <value>0x3d1</value>
         <object_component_ref idref="oc-102"/>
      </symbol>
      <symbol id="sm-1d5">
         <name>_ZN7Mfrc5229ReadBlockEhPh</name>
         <value>0x8f3</value>
         <object_component_ref idref="oc-102"/>
      </symbol>
      <symbol id="sm-1d6">
         <name>_ZN7Mfrc522C2Eii</name>
         <value>0x29b</value>
         <object_component_ref idref="oc-102"/>
      </symbol>
      <symbol id="sm-1d7">
         <name>_ZN7Mfrc52211CalulateCRCEPhhS0_</name>
         <value>0x701</value>
         <object_component_ref idref="oc-102"/>
      </symbol>
      <symbol id="sm-1d8">
         <name>_Z12SPI_transferh</name>
         <value>0x26d</value>
         <object_component_ref idref="oc-102"/>
      </symbol>
      <symbol id="sm-1d9">
         <name>_ZN7Mfrc5227ReadRegEh</name>
         <value>0x2f5</value>
         <object_component_ref idref="oc-102"/>
      </symbol>
      <symbol id="sm-227">
         <name>_Z8lcd_putsPKc</name>
         <value>0xd69</value>
         <object_component_ref idref="oc-fc"/>
      </symbol>
      <symbol id="sm-228">
         <name>_Z12lcd_delay_usm</name>
         <value>0xa71</value>
         <object_component_ref idref="oc-fc"/>
      </symbol>
      <symbol id="sm-229">
         <name>_Z12lcd_delay_msm</name>
         <value>0xa8f</value>
         <object_component_ref idref="oc-fc"/>
      </symbol>
      <symbol id="sm-22a">
         <name>_Z8lcd_putcc</name>
         <value>0xd25</value>
         <object_component_ref idref="oc-fc"/>
      </symbol>
      <symbol id="sm-22b">
         <name>_Z12lcd_put_bytehh</name>
         <value>0xaaf</value>
         <object_component_ref idref="oc-fc"/>
      </symbol>
      <symbol id="sm-22c">
         <name>_Z9lcd_clearv</name>
         <value>0xccf</value>
         <object_component_ref idref="oc-fc"/>
      </symbol>
      <symbol id="sm-22d">
         <name>_Z8lcd_initv</name>
         <value>0xc15</value>
         <object_component_ref idref="oc-fc"/>
      </symbol>
      <symbol id="sm-22e">
         <name>_Z11lcd_put_nummch</name>
         <value>0xdb1</value>
         <object_component_ref idref="oc-fc"/>
      </symbol>
      <symbol id="sm-22f">
         <name>_Z10lcd_gotoxyhh</name>
         <value>0xce1</value>
         <object_component_ref idref="oc-fc"/>
      </symbol>
      <symbol id="sm-230">
         <name>_Z12lcd_clr_putsPKcS0_</name>
         <value>0xd85</value>
         <object_component_ref idref="oc-fc"/>
      </symbol>
      <symbol id="sm-296">
         <name>GPIOPinConfigure</name>
         <value>0x1d41</value>
         <object_component_ref idref="oc-b4"/>
      </symbol>
      <symbol id="sm-297">
         <name>GPIOPinTypeUART</name>
         <value>0x1f89</value>
         <object_component_ref idref="oc-c0"/>
      </symbol>
      <symbol id="sm-298">
         <name>GPIOPinTypeGPIOOutput</name>
         <value>0x1f59</value>
         <object_component_ref idref="oc-d2"/>
      </symbol>
      <symbol id="sm-299">
         <name>GPIODirModeSet</name>
         <value>0x1ef1</value>
         <object_component_ref idref="oc-195"/>
      </symbol>
      <symbol id="sm-29a">
         <name>GPIOPinWrite</name>
         <value>0x2053</value>
         <object_component_ref idref="oc-108"/>
      </symbol>
      <symbol id="sm-29b">
         <name>GPIOPadConfigSet</name>
         <value>0x1865</value>
         <object_component_ref idref="oc-19b"/>
      </symbol>
      <symbol id="sm-29c">
         <name>GPIOPinTypeSSI</name>
         <value>0x1f73</value>
         <object_component_ref idref="oc-cc"/>
      </symbol>
      <symbol id="sm-2b0">
         <name>IntMasterDisable</name>
         <value>0x1fc5</value>
         <object_component_ref idref="oc-f6"/>
      </symbol>
      <symbol id="sm-2b1">
         <name>IntMasterEnable</name>
         <value>0x1fd5</value>
         <object_component_ref idref="oc-10e"/>
      </symbol>
      <symbol id="sm-2ea">
         <name>SSIDataPut</name>
         <value>0x2023</value>
         <object_component_ref idref="oc-1ed"/>
      </symbol>
      <symbol id="sm-2eb">
         <name>SSIDataGet</name>
         <value>0x200b</value>
         <object_component_ref idref="oc-1f9"/>
      </symbol>
      <symbol id="sm-2ec">
         <name>SSIDataGetNonBlocking</name>
         <value>0x1fb3</value>
         <object_component_ref idref="oc-ea"/>
      </symbol>
      <symbol id="sm-2ed">
         <name>SSIConfigSetExpClk</name>
         <value>0x1e13</value>
         <object_component_ref idref="oc-de"/>
      </symbol>
      <symbol id="sm-2ee">
         <name>SSIEnable</name>
         <value>0x202d</value>
         <object_component_ref idref="oc-e4"/>
      </symbol>
      <symbol id="sm-2ef">
         <name>SSIBusy</name>
         <value>0x204b</value>
         <object_component_ref idref="oc-1f3"/>
      </symbol>
      <symbol id="sm-34d">
         <name>SysCtlPeripheralPresent</name>
         <value>0x1e51</value>
         <object_component_ref idref="oc-1a2"/>
      </symbol>
      <symbol id="sm-34e">
         <name>SysCtlClockSet</name>
         <value>0x1ae9</value>
         <object_component_ref idref="oc-f0"/>
      </symbol>
      <symbol id="sm-34f">
         <name>SysCtlDelay</name>
         <value>0x2059</value>
         <object_component_ref idref="oc-114"/>
      </symbol>
      <symbol id="sm-350">
         <name>SysCtlPeripheralEnable</name>
         <value>0x1e89</value>
         <object_component_ref idref="oc-ae"/>
      </symbol>
      <symbol id="sm-351">
         <name>SysCtlClockGet</name>
         <value>0x19d1</value>
         <object_component_ref idref="oc-d8"/>
      </symbol>
      <symbol id="sm-38c">
         <name>UARTConfigSetExpClk</name>
         <value>0x1d8d</value>
         <object_component_ref idref="oc-1a8"/>
      </symbol>
      <symbol id="sm-38d">
         <name>UARTDisable</name>
         <value>0x1f1d</value>
         <object_component_ref idref="oc-266"/>
      </symbol>
      <symbol id="sm-38e">
         <name>UARTClockSourceSet</name>
         <value>0x205f</value>
         <object_component_ref idref="oc-ba"/>
      </symbol>
      <symbol id="sm-38f">
         <name>UARTCharPut</name>
         <value>0x2041</value>
         <object_component_ref idref="oc-1b4"/>
      </symbol>
      <symbol id="sm-390">
         <name>UARTEnable</name>
         <value>0x1f9f</value>
         <object_component_ref idref="oc-1ae"/>
      </symbol>
      <symbol id="sm-391">
         <name>UARTCharGet</name>
         <value>0x2037</value>
         <object_component_ref idref="oc-1ba"/>
      </symbol>
      <symbol id="sm-3a3">
         <name>CPUcpsie</name>
         <value>0x1fff</value>
         <object_component_ref idref="oc-208"/>
      </symbol>
      <symbol id="sm-3a4">
         <name>CPUcpsid</name>
         <value>0x1ff3</value>
         <object_component_ref idref="oc-1e3"/>
      </symbol>
      <symbol id="sm-3b3">
         <name>__aeabi_uidivmod</name>
         <value>0x1dd3</value>
         <object_component_ref idref="oc-1c9"/>
      </symbol>
      <symbol id="sm-3b4">
         <name>__aeabi_uidiv</name>
         <value>0x1dd3</value>
         <object_component_ref idref="oc-1c9"/>
      </symbol>
      <symbol id="sm-3cd">
         <name>__TI_zero_init_nomemset</name>
         <value>0x1f3d</value>
         <object_component_ref idref="oc-48"/>
      </symbol>
      <symbol id="sm-3e4">
         <name>__TI_decompress_none</name>
         <value>0x1fe5</value>
         <object_component_ref idref="oc-1b"/>
      </symbol>
      <symbol id="sm-407">
         <name>__TI_decompress_lzss</name>
         <value>0x1c79</value>
         <object_component_ref idref="oc-15"/>
      </symbol>
      <symbol id="sm-41a">
         <name>__stack</name>
         <value>0x20000000</value>
         <object_component_ref idref="oc-25"/>
      </symbol>
      <symbol id="sm-41b">
         <name>_c_int00_noargs</name>
         <value>0x1ebd</value>
         <object_component_ref idref="oc-5a"/>
      </symbol>
      <symbol id="sm-425">
         <name>__aeabi_idiv0</name>
         <value>0x1e4f</value>
         <object_component_ref idref="oc-276"/>
      </symbol>
      <symbol id="sm-426">
         <name>__aeabi_ldiv0</name>
         <value>0x1e4f</value>
         <object_component_ref idref="oc-276"/>
      </symbol>
      <symbol id="sm-442">
         <name>memcpy</name>
         <value>0x1bdd</value>
         <object_component_ref idref="oc-3c"/>
      </symbol>
      <symbol id="sm-443">
         <name>__aeabi_memcpy</name>
         <value>0x1bdd</value>
         <object_component_ref idref="oc-3c"/>
      </symbol>
      <symbol id="sm-444">
         <name>__aeabi_memcpy8</name>
         <value>0x1bdd</value>
         <object_component_ref idref="oc-3c"/>
      </symbol>
      <symbol id="sm-445">
         <name>__aeabi_memcpy4</name>
         <value>0x1bdd</value>
         <object_component_ref idref="oc-3c"/>
      </symbol>
      <symbol id="sm-472">
         <name>__TI_auto_init_nobinit</name>
         <value>0x1ce1</value>
         <object_component_ref idref="oc-15b"/>
      </symbol>
      <symbol id="sm-47c">
         <name>_system_pre_init</name>
         <value>0x2065</value>
         <object_component_ref idref="oc-9c"/>
      </symbol>
      <symbol id="sm-488">
         <name>C$$EXIT</name>
         <value>0x2069</value>
         <object_component_ref idref="oc-149"/>
      </symbol>
      <symbol id="sm-489">
         <name>abort</name>
         <value>0x2069</value>
         <object_component_ref idref="oc-149"/>
      </symbol>
      <symbol id="sm-48c">
         <name>__TI_static_base__</name>
         <value>0x0</value>
      </symbol>
      <symbol id="sm-48f">
         <name>__mpu_init</name>
         <value>0x0</value>
      </symbol>
      <symbol id="sm-490">
         <name>_system_post_cinit</name>
         <value>0x0</value>
      </symbol>
   </symbol_table>
   <title>Link successful</title>
</link_info>
