******************************************************************************
                  TI ARM Linker PC v20.2.4                     
******************************************************************************
>> Linked Mon Aug  2 19:39:23 2021

OUTPUT FILE NAME:   <RFID_TIVA.out>
ENTRY POINT SYMBOL: "_c_int00_noargs"  address: 00001fe5


MEMORY CONFIGURATION

         name            origin    length      used     unused   attr    fill
----------------------  --------  ---------  --------  --------  ----  --------
  FLASH                 00000000   00040000  0000230a  0003dcf6  R  X
  SRAM                  20000000   00008000  00000244  00007dbc  RW X


SEGMENT ALLOCATION MAP

run origin  load origin   length   init length attrs members
----------  ----------- ---------- ----------- ----- -------
00000000    00000000    00002310   00002310    r-x
  00000000    00000000    0000026c   0000026c    r-- .intvecs
  0000026c    0000026c    00000004   00000004    r-- .init_array
  00000270    00000270    00001f2e   00001f2e    r-x .text
  000021a0    000021a0    0000012c   0000012c    r-- .const
  000022d0    000022d0    00000040   00000040    r-- .cinit
20000000    20000000    00000245   00000000    rw-
  20000000    20000000    00000200   00000000    rw- .stack
  20000200    20000200    00000023   00000000    rw- .bss
  20000224    20000224    00000021   00000000    rw- .data


SECTION ALLOCATION MAP

 output                                  attributes/
section   page    origin      length       input sections
--------  ----  ----------  ----------   ----------------
.intvecs   0    00000000    0000026c     
                  00000000    0000026c     tm4c123gh6pm_startup_ccs.obj (.intvecs)

.text      0    00000270    00001f2e     
                  00000270    00000856     Mfrc522.obj (.text)
                  00000ac6    00000002     rtsv7M4_T_le_v4SPD16_eabi.lib : div0.asm.obj (.text)
                  00000ac8    00000546     lcd.obj (.text)
                  0000100e    00000002     --HOLE-- [fill = 0]
                  00001010    000004fc     uartstdio.obj (.text)
                  0000150c    00000004     rtsv7M4_T_le_v4SPD16_eabi.lib : pre_init.c.obj (.text:_system_pre_init)
                  00001510    0000047c     main.obj (.text)
                  0000198c    0000016c     driverlib.lib : gpio.obj (.text:GPIOPadConfigSet)
                  00001af8    00000118                   : sysctl.obj (.text:SysCtlClockGet)
                  00001c10    000000f4                   : sysctl.obj (.text:SysCtlClockSet)
                  00001d04    0000009c     rtsv7M4_T_le_v4SPD16_eabi.lib : memcpy_t2.asm.obj (.text)
                  00001da0    00000068                                   : copy_decompress_lzss.c.obj (.text:decompress:lzss:__TI_decompress_lzss)
                  00001e08    00000060                                   : autoinit.c.obj (.text:__TI_auto_init_nobinit:__TI_auto_init_nobinit)
                  00001e68    0000004c     driverlib.lib : gpio.obj (.text:GPIOPinConfigure)
                  00001eb4    00000046                   : uart.obj (.text:UARTConfigSetExpClk)
                  00001efa    00000040     rtsv7M4_T_le_v4SPD16_eabi.lib : u_divt2.asm.obj (.text)
                  00001f3a    0000003c     driverlib.lib : ssi.obj (.text:SSIConfigSetExpClk)
                  00001f76    00000002     --HOLE-- [fill = 0]
                  00001f78    00000038                   : sysctl.obj (.text:SysCtlPeripheralPresent)
                  00001fb0    00000034                   : sysctl.obj (.text:SysCtlPeripheralEnable)
                  00001fe4    00000034     rtsv7M4_T_le_v4SPD16_eabi.lib : boot_cortex_m.c.obj (.text:_c_int00_noargs:_c_int00_noargs)
                  00002018    0000002c     driverlib.lib : gpio.obj (.text:GPIODirModeSet)
                  00002044    00000020                   : uart.obj (.text:UARTDisable)
                  00002064    0000001c     rtsv7M4_T_le_v4SPD16_eabi.lib : copy_zero_init.c.obj (.text:decompress:ZI:__TI_zero_init_nomemset:__TI_zero_init_nomemset)
                  00002080    0000001a     driverlib.lib : gpio.obj (.text:GPIOPinTypeGPIOOutput)
                  0000209a    00000006                   : gpio.obj (.text:GPIOPinWrite)
                  000020a0    0000001a     tm4c123gh6pm_startup_ccs.obj (.text)
                  000020ba    00000016     driverlib.lib : gpio.obj (.text:GPIOPinTypeSSI)
                  000020d0    00000016                   : gpio.obj (.text:GPIOPinTypeUART)
                  000020e6    00000014                   : uart.obj (.text:UARTEnable)
                  000020fa    00000012                   : ssi.obj (.text:SSIDataGetNonBlocking)
                  0000210c    00000010                   : interrupt.obj (.text:IntMasterDisable)
                  0000211c    00000010                   : interrupt.obj (.text:IntMasterEnable)
                  0000212c    0000000e     rtsv7M4_T_le_v4SPD16_eabi.lib : copy_decompress_none.c.obj (.text:decompress:none:__TI_decompress_none)
                  0000213a    0000000c     driverlib.lib : cpu.obj (.text:CPUcpsid)
                  00002146    0000000c                   : cpu.obj (.text:CPUcpsie)
                  00002152    0000000c                   : ssi.obj (.text:SSIDataGet)
                  0000215e    0000000a                   : ssi.obj (.text:SSIDataPut)
                  00002168    0000000a                   : ssi.obj (.text:SSIEnable)
                  00002172    0000000a                   : uart.obj (.text:UARTCharGet)
                  0000217c    0000000a                   : uart.obj (.text:UARTCharPut)
                  00002186    00000008                   : ssi.obj (.text:SSIBusy)
                  0000218e    00000006                   : sysctl.obj (.text:SysCtlDelay)
                  00002194    00000006                   : uart.obj (.text:UARTClockSourceSet)
                  0000219a    00000004     rtsv7M4_T_le_v4SPD16_eabi.lib : exit.c.obj (.text:abort:abort)

.const     0    000021a0    0000012c     
                  000021a0    00000090     driverlib.lib : gpio.obj (.const:g_pui32GPIOBaseAddrs)
                  00002230    0000006c                   : sysctl.obj (.const:g_pui32Xtals)
                  0000229c    00000012     uartstdio.obj (.const:.string)
                  000022ae    00000002     --HOLE-- [fill = 0]
                  000022b0    0000000c     uartstdio.obj (.const:g_ui32UARTBase)
                  000022bc    0000000c     uartstdio.obj (.const:g_ui32UARTPeriph)
                  000022c8    00000004     uartstdio.obj (.const)

.cinit     0    000022d0    00000040     
                  000022d0    0000001b     (.cinit..data.load) [load image, compression = lzss]
                  000022eb    00000001     --HOLE-- [fill = 0]
                  000022ec    0000000c     (__TI_handler_table)
                  000022f8    00000008     (.cinit..bss.load) [load image, compression = zero_init]
                  00002300    00000010     (__TI_cinit_table)

.init_array 
*          0    0000026c    00000004     
                  0000026c    00000004     main.obj (.init_array)

.bss       0    20000200    00000023     UNINITIALIZED
                  20000200    00000010     (.common:str)
                  20000210    00000008     main.obj (.bss:Mfrc522)
                  20000218    00000008     (.common:cardID)
                  20000220    00000001     (.common:AntennaGain)
                  20000221    00000001     (.common:Version)
                  20000222    00000001     (.common:status)

.data      0    20000224    00000021     UNINITIALIZED
                  20000224    00000010     main.obj (.data)
                  20000234    00000005     main.obj (.data:LeVietHoang)
                  20000239    00000005     main.obj (.data:NguyenVanA)
                  2000023e    00000002     --HOLE--
                  20000240    00000005     uartstdio.obj (.data)

.stack     0    20000000    00000200     UNINITIALIZED
                  20000000    00000004     rtsv7M4_T_le_v4SPD16_eabi.lib : boot_cortex_m.c.obj (.stack)
                  20000004    000001fc     --HOLE--

__llvm_prf_cnts 
*          0    20000000    00000000     UNINITIALIZED

MODULE SUMMARY

       Module                         code   ro data   rw data
       ------                         ----   -------   -------
    .\
       uartstdio.obj                  1276   46        5      
       main.obj                       1148   4         61     
       tm4c123gh6pm_startup_ccs.obj   26     620       0      
    +--+------------------------------+------+---------+---------+
       Total:                         2450   670       66     
                                                              
    .\LIB\
       Mfrc522.obj                    2134   0         0      
       lcd.obj                        1350   0         0      
    +--+------------------------------+------+---------+---------+
       Total:                         3484   0         0      
                                                              
    E:/TI/TICEWARE FOR C SIRIES/driverlib/ccs/Debug/driverlib.lib
       sysctl.obj                     638    108       0      
       gpio.obj                       560    144       0      
       uart.obj                       148    0         0      
       ssi.obj                        118    0         0      
       interrupt.obj                  32     0         0      
       cpu.obj                        24     0         0      
    +--+------------------------------+------+---------+---------+
       Total:                         1520   252       0      
                                                              
    E:\TI\CCS\install\ccs\tools\compiler\ti-cgt-arm_20.2.4.LTS\lib\rtsv7M4_T_le_v4SPD16_eabi.lib
       memcpy_t2.asm.obj              156    0         0      
       copy_decompress_lzss.c.obj     104    0         0      
       autoinit.c.obj                 96     0         0      
       u_divt2.asm.obj                64     0         0      
       boot_cortex_m.c.obj            52     0         0      
       copy_zero_init.c.obj           28     0         0      
       copy_decompress_none.c.obj     14     0         0      
       exit.c.obj                     4      0         0      
       pre_init.c.obj                 4      0         0      
       div0.asm.obj                   2      0         0      
    +--+------------------------------+------+---------+---------+
       Total:                         524    0         0      
                                                              
       Stack:                         0      0         512    
       Linker Generated:              0      63        0      
    +--+------------------------------+------+---------+---------+
       Grand Total:                   7978   985       578    


LINKER GENERATED COPY TABLES

__TI_cinit_table @ 00002300 records: 2, size/record: 8, table size: 16
	.data: load addr=000022d0, load size=0000001b bytes, run addr=20000224, run size=00000021 bytes, compression=lzss
	.bss: load addr=000022f8, load size=00000008 bytes, run addr=20000200, run size=00000023 bytes, compression=zero_init


LINKER GENERATED HANDLER TABLE

__TI_handler_table @ 000022ec records: 3, size/record: 4, table size: 12
	index: 0, handler: __TI_decompress_lzss
	index: 1, handler: __TI_decompress_none
	index: 2, handler: __TI_zero_init


GLOBAL SYMBOLS: SORTED ALPHABETICALLY BY Name 

address   name                           
-------   ----                           
20000220  AntennaGain                    
0000219b  C$$EXIT                        
0000213b  CPUcpsid                       
00002147  CPUcpsie                       
00002019  GPIODirModeSet                 
0000198d  GPIOPadConfigSet               
00001e69  GPIOPinConfigure               
00002081  GPIOPinTypeGPIOOutput          
000020bb  GPIOPinTypeSSI                 
000020d1  GPIOPinTypeUART                
0000209b  GPIOPinWrite                   
0000210d  IntMasterDisable               
0000211d  IntMasterEnable                
20000234  LeVietHoang                    
20000210  Mfrc522                        
20000228  NRSTPD                         
20000239  NguyenVanA                     
000020a1  ResetISR                       
0000026c  SHT$$INIT_ARRAY$$Base          
00000270  SHT$$INIT_ARRAY$$Limit         
00002187  SSIBusy                        
00001f3b  SSIConfigSetExpClk             
00002153  SSIDataGet                     
000020fb  SSIDataGetNonBlocking          
0000215f  SSIDataPut                     
00002169  SSIEnable                      
00001af9  SysCtlClockGet                 
00001c11  SysCtlClockSet                 
0000218f  SysCtlDelay                    
00001fb1  SysCtlPeripheralEnable         
00001f79  SysCtlPeripheralPresent        
00002173  UARTCharGet                    
0000217d  UARTCharPut                    
00002195  UARTClockSourceSet             
00001eb5  UARTConfigSetExpClk            
00002045  UARTDisable                    
000020e7  UARTEnable                     
00001011  UARTStdioConfig                
00001179  UARTgetc                       
000010b1  UARTgets                       
000014d9  UARTprintf                     
000011a1  UARTvprintf                    
00001059  UARTwrite                      
20000221  Version                        
00000d69  _Z10lcd_gotoxyhh               
00001511  _Z11InitConsolev               
00001709  _Z11lcd_defaultv               
00000e59  _Z11lcd_put_nummch             
00000271  _Z12SPI_transferh              
00000e21  _Z12lcd_clr_putsPKcS0_         
00000af1  _Z12lcd_delay_msm              
00000ac9  _Z12lcd_delay_usm              
00000b19  _Z12lcd_put_bytehh             
00001771  _Z16lcd_print_accessPhi        
00001551  _Z7InitSSIv                    
000016c9  _Z7dumpHexPhi                  
000016b1  _Z8initLedsv                   
00000c91  _Z8lcd_initv                   
00000db1  _Z8lcd_putcc                   
00000e01  _Z8lcd_putsPKc                 
00000d51  _Z9lcd_clearv                  
000003d1  _ZN7Mfrc52210AntennaOffEv      
00000349  _ZN7Mfrc52210SetBitMaskEhh     
000009a1  _ZN7Mfrc52210WriteBlockEhPh    
00000739  _ZN7Mfrc52211CalulateCRCEPhhS0_
00000379  _ZN7Mfrc52212ClearBitMaskEhh   
00000879  _ZN7Mfrc5224AuthEhhPhS0_       
00000a89  _ZN7Mfrc5224HaltEv             
000003f1  _ZN7Mfrc5224InitEv             
000003e1  _ZN7Mfrc5225ResetEv            
000004b1  _ZN7Mfrc5226ToCardEhPhhS0_Pj   
00000301  _ZN7Mfrc5227ReadRegEh          
00000451  _ZN7Mfrc5227RequestEhPh        
00000699  _ZN7Mfrc5228AnticollEPh        
000002c1  _ZN7Mfrc5228WriteRegEhh        
000003a9  _ZN7Mfrc5229AntennaOnEv        
00000941  _ZN7Mfrc5229ReadBlockEhPh      
000007e1  _ZN7Mfrc5229SelectTagEPh       
000002a1  _ZN7Mfrc522C1Eii               
000002a1  _ZN7Mfrc522C2Eii               
20000200  __STACK_END                    
00000200  __STACK_SIZE                   
20000200  __STACK_TOP                    
00002300  __TI_CINIT_Base                
00002310  __TI_CINIT_Limit               
000022ec  __TI_Handler_Table_Base        
000022f8  __TI_Handler_Table_Limit       
00001e09  __TI_auto_init_nobinit         
00001da1  __TI_decompress_lzss           
0000212d  __TI_decompress_none           
ffffffff  __TI_pprof_out_hndl            
ffffffff  __TI_prof_data_size            
ffffffff  __TI_prof_data_start           
00000000  __TI_static_base__             
00002065  __TI_zero_init_nomemset        
00000ac7  __aeabi_idiv0                  
00000ac7  __aeabi_ldiv0                  
00001d05  __aeabi_memcpy                 
00001d05  __aeabi_memcpy4                
00001d05  __aeabi_memcpy8                
00001efb  __aeabi_uidiv                  
00001efb  __aeabi_uidivmod               
ffffffff  __binit__                      
ffffffff  __c_args__                     
UNDEFED   __mpu_init                     
20000000  __stack                        
20000000  __start___llvm_prf_cnts        
000018d1  __sti___6_main_c_c07e2482      
20000000  __stop___llvm_prf_cnts         
00001fe5  _c_int00_noargs                
UNDEFED   _system_post_cinit             
0000150d  _system_pre_init               
0000219b  abort                          
ffffffff  binit                          
20000218  cardID                         
20000224  chipSelectPin                  
00000000  g_pfnVectors                   
000015c9  main                           
00001d05  memcpy                         
2000022c  n1                             
20000230  n2                             
20000222  status                         
20000200  str                            


GLOBAL SYMBOLS: SORTED BY Symbol Address 

address   name                           
-------   ----                           
00000000  __TI_static_base__             
00000000  g_pfnVectors                   
00000200  __STACK_SIZE                   
0000026c  SHT$$INIT_ARRAY$$Base          
00000270  SHT$$INIT_ARRAY$$Limit         
00000271  _Z12SPI_transferh              
000002a1  _ZN7Mfrc522C1Eii               
000002a1  _ZN7Mfrc522C2Eii               
000002c1  _ZN7Mfrc5228WriteRegEhh        
00000301  _ZN7Mfrc5227ReadRegEh          
00000349  _ZN7Mfrc52210SetBitMaskEhh     
00000379  _ZN7Mfrc52212ClearBitMaskEhh   
000003a9  _ZN7Mfrc5229AntennaOnEv        
000003d1  _ZN7Mfrc52210AntennaOffEv      
000003e1  _ZN7Mfrc5225ResetEv            
000003f1  _ZN7Mfrc5224InitEv             
00000451  _ZN7Mfrc5227RequestEhPh        
000004b1  _ZN7Mfrc5226ToCardEhPhhS0_Pj   
00000699  _ZN7Mfrc5228AnticollEPh        
00000739  _ZN7Mfrc52211CalulateCRCEPhhS0_
000007e1  _ZN7Mfrc5229SelectTagEPh       
00000879  _ZN7Mfrc5224AuthEhhPhS0_       
00000941  _ZN7Mfrc5229ReadBlockEhPh      
000009a1  _ZN7Mfrc52210WriteBlockEhPh    
00000a89  _ZN7Mfrc5224HaltEv             
00000ac7  __aeabi_idiv0                  
00000ac7  __aeabi_ldiv0                  
00000ac9  _Z12lcd_delay_usm              
00000af1  _Z12lcd_delay_msm              
00000b19  _Z12lcd_put_bytehh             
00000c91  _Z8lcd_initv                   
00000d51  _Z9lcd_clearv                  
00000d69  _Z10lcd_gotoxyhh               
00000db1  _Z8lcd_putcc                   
00000e01  _Z8lcd_putsPKc                 
00000e21  _Z12lcd_clr_putsPKcS0_         
00000e59  _Z11lcd_put_nummch             
00001011  UARTStdioConfig                
00001059  UARTwrite                      
000010b1  UARTgets                       
00001179  UARTgetc                       
000011a1  UARTvprintf                    
000014d9  UARTprintf                     
0000150d  _system_pre_init               
00001511  _Z11InitConsolev               
00001551  _Z7InitSSIv                    
000015c9  main                           
000016b1  _Z8initLedsv                   
000016c9  _Z7dumpHexPhi                  
00001709  _Z11lcd_defaultv               
00001771  _Z16lcd_print_accessPhi        
000018d1  __sti___6_main_c_c07e2482      
0000198d  GPIOPadConfigSet               
00001af9  SysCtlClockGet                 
00001c11  SysCtlClockSet                 
00001d05  __aeabi_memcpy                 
00001d05  __aeabi_memcpy4                
00001d05  __aeabi_memcpy8                
00001d05  memcpy                         
00001da1  __TI_decompress_lzss           
00001e09  __TI_auto_init_nobinit         
00001e69  GPIOPinConfigure               
00001eb5  UARTConfigSetExpClk            
00001efb  __aeabi_uidiv                  
00001efb  __aeabi_uidivmod               
00001f3b  SSIConfigSetExpClk             
00001f79  SysCtlPeripheralPresent        
00001fb1  SysCtlPeripheralEnable         
00001fe5  _c_int00_noargs                
00002019  GPIODirModeSet                 
00002045  UARTDisable                    
00002065  __TI_zero_init_nomemset        
00002081  GPIOPinTypeGPIOOutput          
0000209b  GPIOPinWrite                   
000020a1  ResetISR                       
000020bb  GPIOPinTypeSSI                 
000020d1  GPIOPinTypeUART                
000020e7  UARTEnable                     
000020fb  SSIDataGetNonBlocking          
0000210d  IntMasterDisable               
0000211d  IntMasterEnable                
0000212d  __TI_decompress_none           
0000213b  CPUcpsid                       
00002147  CPUcpsie                       
00002153  SSIDataGet                     
0000215f  SSIDataPut                     
00002169  SSIEnable                      
00002173  UARTCharGet                    
0000217d  UARTCharPut                    
00002187  SSIBusy                        
0000218f  SysCtlDelay                    
00002195  UARTClockSourceSet             
0000219b  C$$EXIT                        
0000219b  abort                          
000022ec  __TI_Handler_Table_Base        
000022f8  __TI_Handler_Table_Limit       
00002300  __TI_CINIT_Base                
00002310  __TI_CINIT_Limit               
20000000  __stack                        
20000000  __start___llvm_prf_cnts        
20000000  __stop___llvm_prf_cnts         
20000200  __STACK_END                    
20000200  __STACK_TOP                    
20000200  str                            
20000210  Mfrc522                        
20000218  cardID                         
20000220  AntennaGain                    
20000221  Version                        
20000222  status                         
20000224  chipSelectPin                  
20000228  NRSTPD                         
2000022c  n1                             
20000230  n2                             
20000234  LeVietHoang                    
20000239  NguyenVanA                     
ffffffff  __TI_pprof_out_hndl            
ffffffff  __TI_prof_data_size            
ffffffff  __TI_prof_data_start           
ffffffff  __binit__                      
ffffffff  __c_args__                     
ffffffff  binit                          
UNDEFED   __mpu_init                     
UNDEFED   _system_post_cinit             

[123 symbols]
