******************************************************************************
                  TI ARM Linker PC v20.2.4                     
******************************************************************************
>> Linked Mon Aug  2 19:40:29 2021

OUTPUT FILE NAME:   <RFID_TIVA.out>
ENTRY POINT SYMBOL: "_c_int00_noargs"  address: 000017fd


MEMORY CONFIGURATION

         name            origin    length      used     unused   attr    fill
----------------------  --------  ---------  --------  --------  ----  --------
  FLASH                 00000000   00040000  00001b04  0003e4fc  R  X
  SRAM                  20000000   00008000  00000244  00007dbc  RW X


SEGMENT ALLOCATION MAP

run origin  load origin   length   init length attrs members
----------  ----------- ---------- ----------- ----- -------
00000000    00000000    00001b08   00001b08    r-x
  00000000    00000000    0000026c   0000026c    r-- .intvecs
  0000026c    0000026c    00001740   00001740    r-x .text
  000019ac    000019ac    00000114   00000114    r-- .const
  00001ac0    00001ac0    00000004   00000004    r-- .init_array
  00001ac8    00001ac8    00000040   00000040    r-- .cinit
20000000    20000000    00000245   00000000    rw-
  20000000    20000000    00000200   00000000    rw- .stack
  20000200    20000200    00000023   00000000    rw- .bss
  20000224    20000224    00000021   00000000    rw- .data


SECTION ALLOCATION MAP

 output                                  attributes/
section   page    origin      length       input sections
--------  ----  ----------  ----------   ----------------
.intvecs   0    00000000    0000026c     
                  00000000    0000026c     tm4c123gh6pm_startup_ccs.obj (.intvecs)

.text      0    0000026c    00001740     
                  0000026c    0000050c     Mfrc522.obj (.text)
                  00000778    000003a8     main.obj (.text)
                  00000b20    00000370     lcd.obj (.text)
                  00000e90    00000314     uartstdio.obj (.text)
                  000011a4    0000016c     driverlib.lib : gpio.obj (.text:GPIOPadConfigSet)
                  00001310    00000118                   : sysctl.obj (.text:SysCtlClockGet)
                  00001428    000000f4                   : sysctl.obj (.text:SysCtlClockSet)
                  0000151c    0000009c     rtsv7M4_T_le_v4SPD16_eabi.lib : memcpy_t2.asm.obj (.text)
                  000015b8    00000068                                   : copy_decompress_lzss.c.obj (.text:decompress:lzss:__TI_decompress_lzss)
                  00001620    00000060                                   : autoinit.c.obj (.text:__TI_auto_init_nobinit:__TI_auto_init_nobinit)
                  00001680    0000004c     driverlib.lib : gpio.obj (.text:GPIOPinConfigure)
                  000016cc    00000046                   : uart.obj (.text:UARTConfigSetExpClk)
                  00001712    00000040     rtsv7M4_T_le_v4SPD16_eabi.lib : u_divt2.asm.obj (.text)
                  00001752    0000003c     driverlib.lib : ssi.obj (.text:SSIConfigSetExpClk)
                  0000178e    00000002     rtsv7M4_T_le_v4SPD16_eabi.lib : div0.asm.obj (.text)
                  00001790    00000038     driverlib.lib : sysctl.obj (.text:SysCtlPeripheralPresent)
                  000017c8    00000034                   : sysctl.obj (.text:SysCtlPeripheralEnable)
                  000017fc    00000034     rtsv7M4_T_le_v4SPD16_eabi.lib : boot_cortex_m.c.obj (.text:_c_int00_noargs:_c_int00_noargs)
                  00001830    0000002c     driverlib.lib : gpio.obj (.text:GPIODirModeSet)
                  0000185c    00000020                   : uart.obj (.text:UARTDisable)
                  0000187c    0000001c     rtsv7M4_T_le_v4SPD16_eabi.lib : copy_zero_init.c.obj (.text:decompress:ZI:__TI_zero_init_nomemset:__TI_zero_init_nomemset)
                  00001898    0000001a     driverlib.lib : gpio.obj (.text:GPIOPinTypeGPIOOutput)
                  000018b2    00000016                   : gpio.obj (.text:GPIOPinTypeSSI)
                  000018c8    00000016                   : gpio.obj (.text:GPIOPinTypeUART)
                  000018de    00000014                   : uart.obj (.text:UARTEnable)
                  000018f2    00000012                   : ssi.obj (.text:SSIDataGetNonBlocking)
                  00001904    00000010                   : interrupt.obj (.text:IntMasterDisable)
                  00001914    00000010                   : interrupt.obj (.text:IntMasterEnable)
                  00001924    0000000e     rtsv7M4_T_le_v4SPD16_eabi.lib : copy_decompress_none.c.obj (.text:decompress:none:__TI_decompress_none)
                  00001932    0000000c     driverlib.lib : cpu.obj (.text:CPUcpsid)
                  0000193e    0000000c                   : cpu.obj (.text:CPUcpsie)
                  0000194a    0000000c                   : ssi.obj (.text:SSIDataGet)
                  00001956    0000000c     tm4c123gh6pm_startup_ccs.obj (.text)
                  00001962    0000000a     driverlib.lib : ssi.obj (.text:SSIDataPut)
                  0000196c    0000000a                   : ssi.obj (.text:SSIEnable)
                  00001976    0000000a                   : uart.obj (.text:UARTCharGet)
                  00001980    0000000a                   : uart.obj (.text:UARTCharPut)
                  0000198a    00000008                   : ssi.obj (.text:SSIBusy)
                  00001992    00000006                   : gpio.obj (.text:GPIOPinWrite)
                  00001998    00000006                   : sysctl.obj (.text:SysCtlDelay)
                  0000199e    00000006                   : uart.obj (.text:UARTClockSourceSet)
                  000019a4    00000004     rtsv7M4_T_le_v4SPD16_eabi.lib : pre_init.c.obj (.text:_system_pre_init)
                  000019a8    00000004                                   : exit.c.obj (.text:abort:abort)

.const     0    000019ac    00000114     
                  000019ac    00000090     driverlib.lib : gpio.obj (.const:g_pui32GPIOBaseAddrs)
                  00001a3c    0000006c                   : sysctl.obj (.const:g_pui32Xtals)
                  00001aa8    0000000c     uartstdio.obj (.const:g_ui32UARTBase)
                  00001ab4    0000000c     uartstdio.obj (.const:g_ui32UARTPeriph)

.cinit     0    00001ac8    00000040     
                  00001ac8    0000001b     (.cinit..data.load) [load image, compression = lzss]
                  00001ae3    00000001     --HOLE-- [fill = 0]
                  00001ae4    0000000c     (__TI_handler_table)
                  00001af0    00000008     (.cinit..bss.load) [load image, compression = zero_init]
                  00001af8    00000010     (__TI_cinit_table)

.init_array 
*          0    00001ac0    00000004     
                  00001ac0    00000004     main.obj (.init_array)

.bss       0    20000200    00000023     UNINITIALIZED
                  20000200    00000010     (.common:str)
                  20000210    00000008     main.obj (.bss:Mfrc522)
                  20000218    00000008     (.common:cardID)
                  20000220    00000001     (.common:AntennaGain)
                  20000221    00000001     (.common:Version)
                  20000222    00000001     (.common:status)

.data      0    20000224    00000021     UNINITIALIZED
                  20000224    00000010     main.obj (.data)
                  20000234    00000005     main.obj (.data:LeVietHoang)
                  20000239    00000005     main.obj (.data:NguyenVanA)
                  2000023e    00000002     --HOLE--
                  20000240    00000005     uartstdio.obj (.data)

.stack     0    20000000    00000200     UNINITIALIZED
                  20000000    00000004     rtsv7M4_T_le_v4SPD16_eabi.lib : boot_cortex_m.c.obj (.stack)
                  20000004    000001fc     --HOLE--

__llvm_prf_cnts 
*          0    20000000    00000000     UNINITIALIZED

MODULE SUMMARY

       Module                         code   ro data   rw data
       ------                         ----   -------   -------
    .\
       main.obj                       936    4         61     
       uartstdio.obj                  788    24        5      
       tm4c123gh6pm_startup_ccs.obj   12     620       0      
    +--+------------------------------+------+---------+---------+
       Total:                         1736   648       66     
                                                              
    .\LIB\
       Mfrc522.obj                    1292   0         0      
       lcd.obj                        880    0         0      
    +--+------------------------------+------+---------+---------+
       Total:                         2172   0         0      
                                                              
    E:/TI/TICEWARE FOR C SIRIES/driverlib/ccs/Debug/driverlib.lib
       sysctl.obj                     638    108       0      
       gpio.obj                       560    144       0      
       uart.obj                       148    0         0      
       ssi.obj                        118    0         0      
       interrupt.obj                  32     0         0      
       cpu.obj                        24     0         0      
    +--+------------------------------+------+---------+---------+
       Total:                         1520   252       0      
                                                              
    E:\TI\CCS\install\ccs\tools\compiler\ti-cgt-arm_20.2.4.LTS\lib\rtsv7M4_T_le_v4SPD16_eabi.lib
       memcpy_t2.asm.obj              156    0         0      
       copy_decompress_lzss.c.obj     104    0         0      
       autoinit.c.obj                 96     0         0      
       u_divt2.asm.obj                64     0         0      
       boot_cortex_m.c.obj            52     0         0      
       copy_zero_init.c.obj           28     0         0      
       copy_decompress_none.c.obj     14     0         0      
       exit.c.obj                     4      0         0      
       pre_init.c.obj                 4      0         0      
       div0.asm.obj                   2      0         0      
    +--+------------------------------+------+---------+---------+
       Total:                         524    0         0      
                                                              
       Stack:                         0      0         512    
       Linker Generated:              0      63        0      
    +--+------------------------------+------+---------+---------+
       Grand Total:                   5952   963       578    


LINKER GENERATED COPY TABLES

__TI_cinit_table @ 00001af8 records: 2, size/record: 8, table size: 16
	.data: load addr=00001ac8, load size=0000001b bytes, run addr=20000224, run size=00000021 bytes, compression=lzss
	.bss: load addr=00001af0, load size=00000008 bytes, run addr=20000200, run size=00000023 bytes, compression=zero_init


LINKER GENERATED HANDLER TABLE

__TI_handler_table @ 00001ae4 records: 3, size/record: 4, table size: 12
	index: 0, handler: __TI_decompress_lzss
	index: 1, handler: __TI_decompress_none
	index: 2, handler: __TI_zero_init


GLOBAL SYMBOLS: SORTED ALPHABETICALLY BY Name 

address   name                           
-------   ----                           
20000220  AntennaGain                    
000019a9  C$$EXIT                        
00001933  CPUcpsid                       
0000193f  CPUcpsie                       
00001831  GPIODirModeSet                 
000011a5  GPIOPadConfigSet               
00001681  GPIOPinConfigure               
00001899  GPIOPinTypeGPIOOutput          
000018b3  GPIOPinTypeSSI                 
000018c9  GPIOPinTypeUART                
00001993  GPIOPinWrite                   
00001905  IntMasterDisable               
00001915  IntMasterEnable                
20000234  LeVietHoang                    
20000210  Mfrc522                        
20000228  NRSTPD                         
20000239  NguyenVanA                     
00001957  ResetISR                       
00001ac0  SHT$$INIT_ARRAY$$Base          
00001ac4  SHT$$INIT_ARRAY$$Limit         
0000198b  SSIBusy                        
00001753  SSIConfigSetExpClk             
0000194b  SSIDataGet                     
000018f3  SSIDataGetNonBlocking          
00001963  SSIDataPut                     
0000196d  SSIEnable                      
00001311  SysCtlClockGet                 
00001429  SysCtlClockSet                 
00001999  SysCtlDelay                    
000017c9  SysCtlPeripheralEnable         
00001791  SysCtlPeripheralPresent        
00001977  UARTCharGet                    
00001981  UARTCharPut                    
0000199f  UARTClockSourceSet             
000016cd  UARTConfigSetExpClk            
0000185d  UARTDisable                    
000018df  UARTEnable                     
00001131  UARTStdioConfig                
00001123  UARTgetc                       
000010ab  UARTgets                       
00001091  UARTprintf                     
00000ec3  UARTvprintf                    
00000e91  UARTwrite                      
20000221  Version                        
00000c61  _Z10lcd_gotoxyhh               
00000779  _Z11InitConsolev               
00000847  _Z11lcd_defaultv               
00000da5  _Z11lcd_put_nummch             
00000273  _Z12SPI_transferh              
00000d85  _Z12lcd_clr_putsPKcS0_         
00000c3b  _Z12lcd_delay_msm              
00000b21  _Z12lcd_delay_usm              
00000b33  _Z12lcd_put_bytehh             
0000087d  _Z16lcd_print_accessPhi        
000007c9  _Z7InitSSIv                    
0000085d  _Z7dumpHexPhi                  
000007b5  _Z8initLedsv                   
00000cbf  _Z8lcd_initv                   
00000c81  _Z8lcd_putcc                   
00000cab  _Z8lcd_putsPKc                 
00000c4f  _Z9lcd_clearv                  
0000076d  _ZN7Mfrc52210AntennaOffEv      
0000031b  _ZN7Mfrc52210SetBitMaskEhh     
000006d7  _ZN7Mfrc52210WriteBlockEhPh    
00000335  _ZN7Mfrc52211CalulateCRCEPhhS0_
000002ff  _ZN7Mfrc52212ClearBitMaskEhh   
00000673  _ZN7Mfrc5224AuthEhhPhS0_       
0000063d  _ZN7Mfrc5224HaltEv             
000005e5  _ZN7Mfrc5224InitEv             
000005d9  _ZN7Mfrc5225ResetEv            
0000039d  _ZN7Mfrc5226ToCardEhPhhS0_Pj   
00000299  _ZN7Mfrc5227ReadRegEh          
000005a5  _ZN7Mfrc5227RequestEhPh        
00000559  _ZN7Mfrc5228AnticollEPh        
000002cf  _ZN7Mfrc5228WriteRegEhh        
0000053d  _ZN7Mfrc5229AntennaOnEv        
00000509  _ZN7Mfrc5229ReadBlockEhPh      
000004ad  _ZN7Mfrc5229SelectTagEPh       
0000026d  _ZN7Mfrc522C1Eii               
0000026d  _ZN7Mfrc522C2Eii               
20000200  __STACK_END                    
00000200  __STACK_SIZE                   
20000200  __STACK_TOP                    
00001af8  __TI_CINIT_Base                
00001b08  __TI_CINIT_Limit               
00001ae4  __TI_Handler_Table_Base        
00001af0  __TI_Handler_Table_Limit       
00001621  __TI_auto_init_nobinit         
000015b9  __TI_decompress_lzss           
00001925  __TI_decompress_none           
ffffffff  __TI_pprof_out_hndl            
ffffffff  __TI_prof_data_size            
ffffffff  __TI_prof_data_start           
00000000  __TI_static_base__             
0000187d  __TI_zero_init_nomemset        
0000178f  __aeabi_idiv0                  
0000178f  __aeabi_ldiv0                  
0000151d  __aeabi_memcpy                 
0000151d  __aeabi_memcpy4                
0000151d  __aeabi_memcpy8                
00001713  __aeabi_uidiv                  
00001713  __aeabi_uidivmod               
ffffffff  __binit__                      
ffffffff  __c_args__                     
UNDEFED   __mpu_init                     
20000000  __stack                        
20000000  __start___llvm_prf_cnts        
00000a03  __sti___6_main_c_c07e2482      
20000000  __stop___llvm_prf_cnts         
000017fd  _c_int00_noargs                
UNDEFED   _system_post_cinit             
000019a5  _system_pre_init               
000019a9  abort                          
ffffffff  binit                          
20000218  cardID                         
20000224  chipSelectPin                  
00000000  g_pfnVectors                   
00000923  main                           
0000151d  memcpy                         
2000022c  n1                             
20000230  n2                             
20000222  status                         
20000200  str                            


GLOBAL SYMBOLS: SORTED BY Symbol Address 

address   name                           
-------   ----                           
00000000  __TI_static_base__             
00000000  g_pfnVectors                   
00000200  __STACK_SIZE                   
0000026d  _ZN7Mfrc522C1Eii               
0000026d  _ZN7Mfrc522C2Eii               
00000273  _Z12SPI_transferh              
00000299  _ZN7Mfrc5227ReadRegEh          
000002cf  _ZN7Mfrc5228WriteRegEhh        
000002ff  _ZN7Mfrc52212ClearBitMaskEhh   
0000031b  _ZN7Mfrc52210SetBitMaskEhh     
00000335  _ZN7Mfrc52211CalulateCRCEPhhS0_
0000039d  _ZN7Mfrc5226ToCardEhPhhS0_Pj   
000004ad  _ZN7Mfrc5229SelectTagEPh       
00000509  _ZN7Mfrc5229ReadBlockEhPh      
0000053d  _ZN7Mfrc5229AntennaOnEv        
00000559  _ZN7Mfrc5228AnticollEPh        
000005a5  _ZN7Mfrc5227RequestEhPh        
000005d9  _ZN7Mfrc5225ResetEv            
000005e5  _ZN7Mfrc5224InitEv             
0000063d  _ZN7Mfrc5224HaltEv             
00000673  _ZN7Mfrc5224AuthEhhPhS0_       
000006d7  _ZN7Mfrc52210WriteBlockEhPh    
0000076d  _ZN7Mfrc52210AntennaOffEv      
00000779  _Z11InitConsolev               
000007b5  _Z8initLedsv                   
000007c9  _Z7InitSSIv                    
00000847  _Z11lcd_defaultv               
0000085d  _Z7dumpHexPhi                  
0000087d  _Z16lcd_print_accessPhi        
00000923  main                           
00000a03  __sti___6_main_c_c07e2482      
00000b21  _Z12lcd_delay_usm              
00000b33  _Z12lcd_put_bytehh             
00000c3b  _Z12lcd_delay_msm              
00000c4f  _Z9lcd_clearv                  
00000c61  _Z10lcd_gotoxyhh               
00000c81  _Z8lcd_putcc                   
00000cab  _Z8lcd_putsPKc                 
00000cbf  _Z8lcd_initv                   
00000d85  _Z12lcd_clr_putsPKcS0_         
00000da5  _Z11lcd_put_nummch             
00000e91  UARTwrite                      
00000ec3  UARTvprintf                    
00001091  UARTprintf                     
000010ab  UARTgets                       
00001123  UARTgetc                       
00001131  UARTStdioConfig                
000011a5  GPIOPadConfigSet               
00001311  SysCtlClockGet                 
00001429  SysCtlClockSet                 
0000151d  __aeabi_memcpy                 
0000151d  __aeabi_memcpy4                
0000151d  __aeabi_memcpy8                
0000151d  memcpy                         
000015b9  __TI_decompress_lzss           
00001621  __TI_auto_init_nobinit         
00001681  GPIOPinConfigure               
000016cd  UARTConfigSetExpClk            
00001713  __aeabi_uidiv                  
00001713  __aeabi_uidivmod               
00001753  SSIConfigSetExpClk             
0000178f  __aeabi_idiv0                  
0000178f  __aeabi_ldiv0                  
00001791  SysCtlPeripheralPresent        
000017c9  SysCtlPeripheralEnable         
000017fd  _c_int00_noargs                
00001831  GPIODirModeSet                 
0000185d  UARTDisable                    
0000187d  __TI_zero_init_nomemset        
00001899  GPIOPinTypeGPIOOutput          
000018b3  GPIOPinTypeSSI                 
000018c9  GPIOPinTypeUART                
000018df  UARTEnable                     
000018f3  SSIDataGetNonBlocking          
00001905  IntMasterDisable               
00001915  IntMasterEnable                
00001925  __TI_decompress_none           
00001933  CPUcpsid                       
0000193f  CPUcpsie                       
0000194b  SSIDataGet                     
00001957  ResetISR                       
00001963  SSIDataPut                     
0000196d  SSIEnable                      
00001977  UARTCharGet                    
00001981  UARTCharPut                    
0000198b  SSIBusy                        
00001993  GPIOPinWrite                   
00001999  SysCtlDelay                    
0000199f  UARTClockSourceSet             
000019a5  _system_pre_init               
000019a9  C$$EXIT                        
000019a9  abort                          
00001ac0  SHT$$INIT_ARRAY$$Base          
00001ac4  SHT$$INIT_ARRAY$$Limit         
00001ae4  __TI_Handler_Table_Base        
00001af0  __TI_Handler_Table_Limit       
00001af8  __TI_CINIT_Base                
00001b08  __TI_CINIT_Limit               
20000000  __stack                        
20000000  __start___llvm_prf_cnts        
20000000  __stop___llvm_prf_cnts         
20000200  __STACK_END                    
20000200  __STACK_TOP                    
20000200  str                            
20000210  Mfrc522                        
20000218  cardID                         
20000220  AntennaGain                    
20000221  Version                        
20000222  status                         
20000224  chipSelectPin                  
20000228  NRSTPD                         
2000022c  n1                             
20000230  n2                             
20000234  LeVietHoang                    
20000239  NguyenVanA                     
ffffffff  __TI_pprof_out_hndl            
ffffffff  __TI_prof_data_size            
ffffffff  __TI_prof_data_start           
ffffffff  __binit__                      
ffffffff  __c_args__                     
ffffffff  binit                          
UNDEFED   __mpu_init                     
UNDEFED   _system_post_cinit             

[123 symbols]
