******************************************************************************
                  TI ARM Linker PC v20.2.4                     
******************************************************************************
>> Linked Mon Aug  2 19:40:30 2021

OUTPUT FILE NAME:   <RFID_TIVA.out>
ENTRY POINT SYMBOL: "_c_int00_noargs"  address: 000017c1


MEMORY CONFIGURATION

         name            origin    length      used     unused   attr    fill
----------------------  --------  ---------  --------  --------  ----  --------
  FLASH                 00000000   00040000  00001a9c  0003e564  R  X
  SRAM                  20000000   00008000  00000244  00007dbc  RW X


SEGMENT ALLOCATION MAP

run origin  load origin   length   init length attrs members
----------  ----------- ---------- ----------- ----- -------
00000000    00000000    00001aa0   00001aa0    r-x
  00000000    00000000    0000026c   0000026c    r-- .intvecs
  0000026c    0000026c    000016e8   000016e8    r-x .text
  00001954    00001954    00000114   00000114    r-- .const
  00001a68    00001a68    00000004   00000004    r-- .init_array
  00001a70    00001a70    00000030   00000030    r-- .cinit
20000000    20000000    00000244   00000000    rw-
  20000000    20000000    00000200   00000000    rw- .stack
  20000200    20000200    00000044   00000000    rw- .data


SECTION ALLOCATION MAP

 output                                  attributes/
section   page    origin      length       input sections
--------  ----  ----------  ----------   ----------------
.intvecs   0    00000000    0000026c     
                  00000000    0000026c     tm4c123gh6pm_startup_ccs.obj (.intvecs)

.text      0    0000026c    000016e8     
                  0000026c    0000050c     Mfrc522.obj (.text)
                  00000778    00000374     main.obj (.text)
                  00000aec    00000370     lcd.obj (.text)
                  00000e5c    0000030c     uartstdio.obj (.text)
                  00001168    0000016c     driverlib.lib : gpio.obj (.text:GPIOPadConfigSet)
                  000012d4    00000118                   : sysctl.obj (.text:SysCtlClockGet)
                  000013ec    000000f4                   : sysctl.obj (.text:SysCtlClockSet)
                  000014e0    0000009c     rtsv7M4_T_le_v4SPD16_eabi.lib : memcpy_t2.asm.obj (.text)
                  0000157c    00000068                                   : copy_decompress_lzss.c.obj (.text:decompress:lzss:__TI_decompress_lzss)
                  000015e4    00000060                                   : autoinit.c.obj (.text:__TI_auto_init_nobinit:__TI_auto_init_nobinit)
                  00001644    0000004c     driverlib.lib : gpio.obj (.text:GPIOPinConfigure)
                  00001690    00000046                   : uart.obj (.text:UARTConfigSetExpClk)
                  000016d6    00000040     rtsv7M4_T_le_v4SPD16_eabi.lib : u_divt2.asm.obj (.text)
                  00001716    0000003c     driverlib.lib : ssi.obj (.text:SSIConfigSetExpClk)
                  00001752    00000002     rtsv7M4_T_le_v4SPD16_eabi.lib : div0.asm.obj (.text)
                  00001754    00000038     driverlib.lib : sysctl.obj (.text:SysCtlPeripheralPresent)
                  0000178c    00000034                   : sysctl.obj (.text:SysCtlPeripheralEnable)
                  000017c0    00000034     rtsv7M4_T_le_v4SPD16_eabi.lib : boot_cortex_m.c.obj (.text:_c_int00_noargs:_c_int00_noargs)
                  000017f4    0000002c     driverlib.lib : gpio.obj (.text:GPIODirModeSet)
                  00001820    00000020                   : uart.obj (.text:UARTDisable)
                  00001840    0000001a                   : gpio.obj (.text:GPIOPinTypeGPIOOutput)
                  0000185a    00000016                   : gpio.obj (.text:GPIOPinTypeSSI)
                  00001870    00000016                   : gpio.obj (.text:GPIOPinTypeUART)
                  00001886    00000014                   : uart.obj (.text:UARTEnable)
                  0000189a    00000012                   : ssi.obj (.text:SSIDataGetNonBlocking)
                  000018ac    00000010                   : interrupt.obj (.text:IntMasterDisable)
                  000018bc    00000010                   : interrupt.obj (.text:IntMasterEnable)
                  000018cc    0000000e     rtsv7M4_T_le_v4SPD16_eabi.lib : copy_decompress_none.c.obj (.text:decompress:none:__TI_decompress_none)
                  000018da    0000000c     driverlib.lib : cpu.obj (.text:CPUcpsid)
                  000018e6    0000000c                   : cpu.obj (.text:CPUcpsie)
                  000018f2    0000000c                   : ssi.obj (.text:SSIDataGet)
                  000018fe    0000000c     tm4c123gh6pm_startup_ccs.obj (.text)
                  0000190a    0000000a     driverlib.lib : ssi.obj (.text:SSIDataPut)
                  00001914    0000000a                   : ssi.obj (.text:SSIEnable)
                  0000191e    0000000a                   : uart.obj (.text:UARTCharGet)
                  00001928    0000000a                   : uart.obj (.text:UARTCharPut)
                  00001932    00000008                   : ssi.obj (.text:SSIBusy)
                  0000193a    00000006                   : gpio.obj (.text:GPIOPinWrite)
                  00001940    00000006                   : sysctl.obj (.text:SysCtlDelay)
                  00001946    00000006                   : uart.obj (.text:UARTClockSourceSet)
                  0000194c    00000004     rtsv7M4_T_le_v4SPD16_eabi.lib : pre_init.c.obj (.text:_system_pre_init)
                  00001950    00000004                                   : exit.c.obj (.text:abort:abort)

.const     0    00001954    00000114     
                  00001954    00000090     driverlib.lib : gpio.obj (.const:g_pui32GPIOBaseAddrs)
                  000019e4    0000006c                   : sysctl.obj (.const:g_pui32Xtals)
                  00001a50    00000018     uartstdio.obj (.const:$O2$$)

.cinit     0    00001a70    00000030     
                  00001a70    00000020     (.cinit..data.load) [load image, compression = lzss]
                  00001a90    00000008     (__TI_handler_table)
                  00001a98    00000008     (__TI_cinit_table)

.init_array 
*          0    00001a68    00000004     
                  00001a68    00000004     main.obj (.init_array)

.data      0    20000200    00000044     UNINITIALIZED
                  20000200    0000003c     main.obj (.data:$O1$$)
                  2000023c    00000008     uartstdio.obj (.data:$O1$$)

.stack     0    20000000    00000200     UNINITIALIZED
                  20000000    00000004     rtsv7M4_T_le_v4SPD16_eabi.lib : boot_cortex_m.c.obj (.stack)
                  20000004    000001fc     --HOLE--

__llvm_prf_cnts 
*          0    20000000    00000000     UNINITIALIZED

MODULE SUMMARY

       Module                         code   ro data   rw data
       ------                         ----   -------   -------
    .\
       main.obj                       884    4         60     
       uartstdio.obj                  780    24        8      
       tm4c123gh6pm_startup_ccs.obj   12     620       0      
    +--+------------------------------+------+---------+---------+
       Total:                         1676   648       68     
                                                              
    .\LIB\
       Mfrc522.obj                    1292   0         0      
       lcd.obj                        880    0         0      
    +--+------------------------------+------+---------+---------+
       Total:                         2172   0         0      
                                                              
    E:/TI/TICEWARE FOR C SIRIES/driverlib/ccs/Debug/driverlib.lib
       sysctl.obj                     638    108       0      
       gpio.obj                       560    144       0      
       uart.obj                       148    0         0      
       ssi.obj                        118    0         0      
       interrupt.obj                  32     0         0      
       cpu.obj                        24     0         0      
    +--+------------------------------+------+---------+---------+
       Total:                         1520   252       0      
                                                              
    E:\TI\CCS\install\ccs\tools\compiler\ti-cgt-arm_20.2.4.LTS\lib\rtsv7M4_T_le_v4SPD16_eabi.lib
       memcpy_t2.asm.obj              156    0         0      
       copy_decompress_lzss.c.obj     104    0         0      
       autoinit.c.obj                 96     0         0      
       u_divt2.asm.obj                64     0         0      
       boot_cortex_m.c.obj            52     0         0      
       copy_decompress_none.c.obj     14     0         0      
       exit.c.obj                     4      0         0      
       pre_init.c.obj                 4      0         0      
       div0.asm.obj                   2      0         0      
    +--+------------------------------+------+---------+---------+
       Total:                         496    0         0      
                                                              
       Stack:                         0      0         512    
       Linker Generated:              0      48        0      
    +--+------------------------------+------+---------+---------+
       Grand Total:                   5864   948       580    


LINKER GENERATED COPY TABLES

__TI_cinit_table @ 00001a98 records: 1, size/record: 8, table size: 8
	.data: load addr=00001a70, load size=00000020 bytes, run addr=20000200, run size=00000044 bytes, compression=lzss


LINKER GENERATED HANDLER TABLE

__TI_handler_table @ 00001a90 records: 2, size/record: 4, table size: 8
	index: 0, handler: __TI_decompress_lzss
	index: 1, handler: __TI_decompress_none


GLOBAL SYMBOLS: SORTED ALPHABETICALLY BY Name 

address   name                           
-------   ----                           
20000201  AntennaGain                    
00001951  C$$EXIT                        
000018db  CPUcpsid                       
000018e7  CPUcpsie                       
000017f5  GPIODirModeSet                 
00001169  GPIOPadConfigSet               
00001645  GPIOPinConfigure               
00001841  GPIOPinTypeGPIOOutput          
0000185b  GPIOPinTypeSSI                 
00001871  GPIOPinTypeUART                
0000193b  GPIOPinWrite                   
000018ad  IntMasterDisable               
000018bd  IntMasterEnable                
2000021e  LeVietHoang                    
20000224  Mfrc522                        
20000208  NRSTPD                         
20000219  NguyenVanA                     
000018ff  ResetISR                       
00001a68  SHT$$INIT_ARRAY$$Base          
00001a6c  SHT$$INIT_ARRAY$$Limit         
00001933  SSIBusy                        
00001717  SSIConfigSetExpClk             
000018f3  SSIDataGet                     
0000189b  SSIDataGetNonBlocking          
0000190b  SSIDataPut                     
00001915  SSIEnable                      
000012d5  SysCtlClockGet                 
000013ed  SysCtlClockSet                 
00001941  SysCtlDelay                    
0000178d  SysCtlPeripheralEnable         
00001755  SysCtlPeripheralPresent        
0000191f  UARTCharGet                    
00001929  UARTCharPut                    
00001947  UARTClockSourceSet             
00001691  UARTConfigSetExpClk            
00001821  UARTDisable                    
00001887  UARTEnable                     
000010f5  UARTStdioConfig                
000010e7  UARTgetc                       
00001077  UARTgets                       
0000105d  UARTprintf                     
00000e8f  UARTvprintf                    
00000e5d  UARTwrite                      
20000200  Version                        
00000c2d  _Z10lcd_gotoxyhh               
00000779  _Z11InitConsolev               
00000847  _Z11lcd_defaultv               
00000d71  _Z11lcd_put_nummch             
00000273  _Z12SPI_transferh              
00000d4b  _Z12lcd_clr_putsPKcS0_         
00000c07  _Z12lcd_delay_msm              
00000aed  _Z12lcd_delay_usm              
00000aff  _Z12lcd_put_bytehh             
0000087d  _Z16lcd_print_accessPhi        
000007c9  _Z7InitSSIv                    
0000085d  _Z7dumpHexPhi                  
000007b5  _Z8initLedsv                   
00000c85  _Z8lcd_initv                   
00000c4d  _Z8lcd_putcc                   
00000c71  _Z8lcd_putsPKc                 
00000c1b  _Z9lcd_clearv                  
0000076d  _ZN7Mfrc52210AntennaOffEv      
0000031b  _ZN7Mfrc52210SetBitMaskEhh     
000006d7  _ZN7Mfrc52210WriteBlockEhPh    
00000335  _ZN7Mfrc52211CalulateCRCEPhhS0_
000002ff  _ZN7Mfrc52212ClearBitMaskEhh   
00000673  _ZN7Mfrc5224AuthEhhPhS0_       
0000063d  _ZN7Mfrc5224HaltEv             
000005e5  _ZN7Mfrc5224InitEv             
000005d9  _ZN7Mfrc5225ResetEv            
0000039d  _ZN7Mfrc5226ToCardEhPhhS0_Pj   
00000299  _ZN7Mfrc5227ReadRegEh          
000005a5  _ZN7Mfrc5227RequestEhPh        
00000559  _ZN7Mfrc5228AnticollEPh        
000002cf  _ZN7Mfrc5228WriteRegEhh        
0000053d  _ZN7Mfrc5229AntennaOnEv        
00000509  _ZN7Mfrc5229ReadBlockEhPh      
000004ad  _ZN7Mfrc5229SelectTagEPh       
0000026d  _ZN7Mfrc522C1Eii               
0000026d  _ZN7Mfrc522C2Eii               
20000200  __STACK_END                    
00000200  __STACK_SIZE                   
20000200  __STACK_TOP                    
00001a98  __TI_CINIT_Base                
00001aa0  __TI_CINIT_Limit               
00001a90  __TI_Handler_Table_Base        
00001a98  __TI_Handler_Table_Limit       
000015e5  __TI_auto_init_nobinit         
0000157d  __TI_decompress_lzss           
000018cd  __TI_decompress_none           
ffffffff  __TI_pprof_out_hndl            
ffffffff  __TI_prof_data_size            
ffffffff  __TI_prof_data_start           
00000000  __TI_static_base__             
00001753  __aeabi_idiv0                  
00001753  __aeabi_ldiv0                  
000014e1  __aeabi_memcpy                 
000014e1  __aeabi_memcpy4                
000014e1  __aeabi_memcpy8                
000016d7  __aeabi_uidiv                  
000016d7  __aeabi_uidivmod               
ffffffff  __binit__                      
ffffffff  __c_args__                     
UNDEFED   __mpu_init                     
20000000  __stack                        
20000000  __start___llvm_prf_cnts        
000009fb  __sti___6_main_c_c07e2482      
20000000  __stop___llvm_prf_cnts         
000017c1  _c_int00_noargs                
UNDEFED   _system_post_cinit             
0000194d  _system_pre_init               
00001951  abort                          
ffffffff  binit                          
20000214  cardID                         
20000204  chipSelectPin                  
00000000  g_pfnVectors                   
0000091f  main                           
000014e1  memcpy                         
2000020c  n1                             
20000210  n2                             
20000202  status                         
2000022c  str                            


GLOBAL SYMBOLS: SORTED BY Symbol Address 

address   name                           
-------   ----                           
00000000  __TI_static_base__             
00000000  g_pfnVectors                   
00000200  __STACK_SIZE                   
0000026d  _ZN7Mfrc522C1Eii               
0000026d  _ZN7Mfrc522C2Eii               
00000273  _Z12SPI_transferh              
00000299  _ZN7Mfrc5227ReadRegEh          
000002cf  _ZN7Mfrc5228WriteRegEhh        
000002ff  _ZN7Mfrc52212ClearBitMaskEhh   
0000031b  _ZN7Mfrc52210SetBitMaskEhh     
00000335  _ZN7Mfrc52211CalulateCRCEPhhS0_
0000039d  _ZN7Mfrc5226ToCardEhPhhS0_Pj   
000004ad  _ZN7Mfrc5229SelectTagEPh       
00000509  _ZN7Mfrc5229ReadBlockEhPh      
0000053d  _ZN7Mfrc5229AntennaOnEv        
00000559  _ZN7Mfrc5228AnticollEPh        
000005a5  _ZN7Mfrc5227RequestEhPh        
000005d9  _ZN7Mfrc5225ResetEv            
000005e5  _ZN7Mfrc5224InitEv             
0000063d  _ZN7Mfrc5224HaltEv             
00000673  _ZN7Mfrc5224AuthEhhPhS0_       
000006d7  _ZN7Mfrc52210WriteBlockEhPh    
0000076d  _ZN7Mfrc52210AntennaOffEv      
00000779  _Z11InitConsolev               
000007b5  _Z8initLedsv                   
000007c9  _Z7InitSSIv                    
00000847  _Z11lcd_defaultv               
0000085d  _Z7dumpHexPhi                  
0000087d  _Z16lcd_print_accessPhi        
0000091f  main                           
000009fb  __sti___6_main_c_c07e2482      
00000aed  _Z12lcd_delay_usm              
00000aff  _Z12lcd_put_bytehh             
00000c07  _Z12lcd_delay_msm              
00000c1b  _Z9lcd_clearv                  
00000c2d  _Z10lcd_gotoxyhh               
00000c4d  _Z8lcd_putcc                   
00000c71  _Z8lcd_putsPKc                 
00000c85  _Z8lcd_initv                   
00000d4b  _Z12lcd_clr_putsPKcS0_         
00000d71  _Z11lcd_put_nummch             
00000e5d  UARTwrite                      
00000e8f  UARTvprintf                    
0000105d  UARTprintf                     
00001077  UARTgets                       
000010e7  UARTgetc                       
000010f5  UARTStdioConfig                
00001169  GPIOPadConfigSet               
000012d5  SysCtlClockGet                 
000013ed  SysCtlClockSet                 
000014e1  __aeabi_memcpy                 
000014e1  __aeabi_memcpy4                
000014e1  __aeabi_memcpy8                
000014e1  memcpy                         
0000157d  __TI_decompress_lzss           
000015e5  __TI_auto_init_nobinit         
00001645  GPIOPinConfigure               
00001691  UARTConfigSetExpClk            
000016d7  __aeabi_uidiv                  
000016d7  __aeabi_uidivmod               
00001717  SSIConfigSetExpClk             
00001753  __aeabi_idiv0                  
00001753  __aeabi_ldiv0                  
00001755  SysCtlPeripheralPresent        
0000178d  SysCtlPeripheralEnable         
000017c1  _c_int00_noargs                
000017f5  GPIODirModeSet                 
00001821  UARTDisable                    
00001841  GPIOPinTypeGPIOOutput          
0000185b  GPIOPinTypeSSI                 
00001871  GPIOPinTypeUART                
00001887  UARTEnable                     
0000189b  SSIDataGetNonBlocking          
000018ad  IntMasterDisable               
000018bd  IntMasterEnable                
000018cd  __TI_decompress_none           
000018db  CPUcpsid                       
000018e7  CPUcpsie                       
000018f3  SSIDataGet                     
000018ff  ResetISR                       
0000190b  SSIDataPut                     
00001915  SSIEnable                      
0000191f  UARTCharGet                    
00001929  UARTCharPut                    
00001933  SSIBusy                        
0000193b  GPIOPinWrite                   
00001941  SysCtlDelay                    
00001947  UARTClockSourceSet             
0000194d  _system_pre_init               
00001951  C$$EXIT                        
00001951  abort                          
00001a68  SHT$$INIT_ARRAY$$Base          
00001a6c  SHT$$INIT_ARRAY$$Limit         
00001a90  __TI_Handler_Table_Base        
00001a98  __TI_CINIT_Base                
00001a98  __TI_Handler_Table_Limit       
00001aa0  __TI_CINIT_Limit               
20000000  __stack                        
20000000  __start___llvm_prf_cnts        
20000000  __stop___llvm_prf_cnts         
20000200  Version                        
20000200  __STACK_END                    
20000200  __STACK_TOP                    
20000201  AntennaGain                    
20000202  status                         
20000204  chipSelectPin                  
20000208  NRSTPD                         
2000020c  n1                             
20000210  n2                             
20000214  cardID                         
20000219  NguyenVanA                     
2000021e  LeVietHoang                    
20000224  Mfrc522                        
2000022c  str                            
ffffffff  __TI_pprof_out_hndl            
ffffffff  __TI_prof_data_size            
ffffffff  __TI_prof_data_start           
ffffffff  __binit__                      
ffffffff  __c_args__                     
ffffffff  binit                          
UNDEFED   __mpu_init                     
UNDEFED   _system_post_cinit             

[122 symbols]
