******************************************************************************
                  TI ARM Linker PC v20.2.4                     
******************************************************************************
>> Linked Mon Aug  2 19:39:27 2021

OUTPUT FILE NAME:   <RFID_TIVA.out>
ENTRY POINT SYMBOL: "_c_int00_noargs"  address: 00002299


MEMORY CONFIGURATION

         name            origin    length      used     unused   attr    fill
----------------------  --------  ---------  --------  --------  ----  --------
  FLASH                 00000000   00040000  000025c4  0003da3c  R  X
  SRAM                  20000000   00008000  00000244  00007dbc  RW X


SEGMENT ALLOCATION MAP

run origin  load origin   length   init length attrs members
----------  ----------- ---------- ----------- ----- -------
00000000    00000000    000025c8   000025c8    r-x
  00000000    00000000    0000026c   0000026c    r-- .intvecs
  0000026c    0000026c    00000004   00000004    r-- .init_array
  00000270    00000270    000021e8   000021e8    r-x .text
  00002458    00002458    0000012c   0000012c    r-- .const
  00002588    00002588    00000040   00000040    r-- .cinit
20000000    20000000    00000245   00000000    rw-
  20000000    20000000    00000200   00000000    rw- .stack
  20000200    20000200    00000023   00000000    rw- .bss
  20000224    20000224    00000021   00000000    rw- .data


SECTION ALLOCATION MAP

 output                                  attributes/
section   page    origin      length       input sections
--------  ----  ----------  ----------   ----------------
.intvecs   0    00000000    0000026c     
                  00000000    0000026c     tm4c123gh6pm_startup_ccs.obj (.intvecs)

.text      0    00000270    000021e8     
                  00000270    000008b6     Mfrc522.obj (.text)
                  00000b26    00000002     rtsv7M4_T_le_v4SPD16_eabi.lib : div0.asm.obj (.text)
                  00000b28    00000656     lcd.obj (.text)
                  0000117e    00000002     --HOLE-- [fill = 0]
                  00001180    0000056e     main.obj (.text)
                  000016ee    00000002     --HOLE-- [fill = 0]
                  000016f0    0000054e     uartstdio.obj (.text)
                  00001c3e    00000002     --HOLE-- [fill = 0]
                  00001c40    0000016c     driverlib.lib : gpio.obj (.text:GPIOPadConfigSet)
                  00001dac    00000118                   : sysctl.obj (.text:SysCtlClockGet)
                  00001ec4    000000f4                   : sysctl.obj (.text:SysCtlClockSet)
                  00001fb8    0000009c     rtsv7M4_T_le_v4SPD16_eabi.lib : memcpy_t2.asm.obj (.text)
                  00002054    00000068                                   : copy_decompress_lzss.c.obj (.text:decompress:lzss:__TI_decompress_lzss)
                  000020bc    00000060                                   : autoinit.c.obj (.text:__TI_auto_init_nobinit:__TI_auto_init_nobinit)
                  0000211c    0000004c     driverlib.lib : gpio.obj (.text:GPIOPinConfigure)
                  00002168    00000046                   : uart.obj (.text:UARTConfigSetExpClk)
                  000021ae    00000040     rtsv7M4_T_le_v4SPD16_eabi.lib : u_divt2.asm.obj (.text)
                  000021ee    0000003c     driverlib.lib : ssi.obj (.text:SSIConfigSetExpClk)
                  0000222a    00000002     --HOLE-- [fill = 0]
                  0000222c    00000038                   : sysctl.obj (.text:SysCtlPeripheralPresent)
                  00002264    00000034                   : sysctl.obj (.text:SysCtlPeripheralEnable)
                  00002298    00000034     rtsv7M4_T_le_v4SPD16_eabi.lib : boot_cortex_m.c.obj (.text:_c_int00_noargs:_c_int00_noargs)
                  000022cc    0000002c     driverlib.lib : gpio.obj (.text:GPIODirModeSet)
                  000022f8    00000020                   : uart.obj (.text:UARTDisable)
                  00002318    0000001c     rtsv7M4_T_le_v4SPD16_eabi.lib : copy_zero_init.c.obj (.text:decompress:ZI:__TI_zero_init_nomemset:__TI_zero_init_nomemset)
                  00002334    0000001a     driverlib.lib : gpio.obj (.text:GPIOPinTypeGPIOOutput)
                  0000234e    00000002     --HOLE-- [fill = 0]
                  00002350    0000001a     tm4c123gh6pm_startup_ccs.obj (.text)
                  0000236a    00000016     driverlib.lib : gpio.obj (.text:GPIOPinTypeSSI)
                  00002380    00000016                   : gpio.obj (.text:GPIOPinTypeUART)
                  00002396    00000014                   : uart.obj (.text:UARTEnable)
                  000023aa    00000012                   : ssi.obj (.text:SSIDataGetNonBlocking)
                  000023bc    00000010                   : interrupt.obj (.text:IntMasterDisable)
                  000023cc    00000010                   : interrupt.obj (.text:IntMasterEnable)
                  000023dc    0000000e     rtsv7M4_T_le_v4SPD16_eabi.lib : copy_decompress_none.c.obj (.text:decompress:none:__TI_decompress_none)
                  000023ea    0000000c     driverlib.lib : cpu.obj (.text:CPUcpsid)
                  000023f6    0000000c                   : cpu.obj (.text:CPUcpsie)
                  00002402    0000000c                   : ssi.obj (.text:SSIDataGet)
                  0000240e    0000000a                   : ssi.obj (.text:SSIDataPut)
                  00002418    0000000a                   : ssi.obj (.text:SSIEnable)
                  00002422    0000000a                   : uart.obj (.text:UARTCharGet)
                  0000242c    0000000a                   : uart.obj (.text:UARTCharPut)
                  00002436    00000008                   : ssi.obj (.text:SSIBusy)
                  0000243e    00000006                   : gpio.obj (.text:GPIOPinWrite)
                  00002444    00000006                   : sysctl.obj (.text:SysCtlDelay)
                  0000244a    00000006                   : uart.obj (.text:UARTClockSourceSet)
                  00002450    00000004     rtsv7M4_T_le_v4SPD16_eabi.lib : pre_init.c.obj (.text:_system_pre_init)
                  00002454    00000004                                   : exit.c.obj (.text:abort:abort)

.const     0    00002458    0000012c     
                  00002458    00000090     driverlib.lib : gpio.obj (.const:g_pui32GPIOBaseAddrs)
                  000024e8    0000006c                   : sysctl.obj (.const:g_pui32Xtals)
                  00002554    00000012     uartstdio.obj (.const:.string)
                  00002566    00000002     --HOLE-- [fill = 0]
                  00002568    0000000c     uartstdio.obj (.const:g_ui32UARTBase)
                  00002574    0000000c     uartstdio.obj (.const:g_ui32UARTPeriph)
                  00002580    00000004     uartstdio.obj (.const)

.cinit     0    00002588    00000040     
                  00002588    0000001b     (.cinit..data.load) [load image, compression = lzss]
                  000025a3    00000001     --HOLE-- [fill = 0]
                  000025a4    0000000c     (__TI_handler_table)
                  000025b0    00000008     (.cinit..bss.load) [load image, compression = zero_init]
                  000025b8    00000010     (__TI_cinit_table)

.init_array 
*          0    0000026c    00000004     
                  0000026c    00000004     main.obj (.init_array)

.bss       0    20000200    00000023     UNINITIALIZED
                  20000200    00000010     (.common:str)
                  20000210    00000008     main.obj (.bss:Mfrc522)
                  20000218    00000008     (.common:cardID)
                  20000220    00000001     (.common:AntennaGain)
                  20000221    00000001     (.common:Version)
                  20000222    00000001     (.common:status)

.data      0    20000224    00000021     UNINITIALIZED
                  20000224    00000010     main.obj (.data)
                  20000234    00000005     main.obj (.data:LeVietHoang)
                  20000239    00000005     main.obj (.data:NguyenVanA)
                  2000023e    00000002     --HOLE--
                  20000240    00000005     uartstdio.obj (.data)

.stack     0    20000000    00000200     UNINITIALIZED
                  20000000    00000004     rtsv7M4_T_le_v4SPD16_eabi.lib : boot_cortex_m.c.obj (.stack)
                  20000004    000001fc     --HOLE--

__llvm_prf_cnts 
*          0    20000000    00000000     UNINITIALIZED

MODULE SUMMARY

       Module                         code   ro data   rw data
       ------                         ----   -------   -------
    .\
       main.obj                       1390   4         61     
       uartstdio.obj                  1358   46        5      
       tm4c123gh6pm_startup_ccs.obj   26     620       0      
    +--+------------------------------+------+---------+---------+
       Total:                         2774   670       66     
                                                              
    .\LIB\
       Mfrc522.obj                    2230   0         0      
       lcd.obj                        1622   0         0      
    +--+------------------------------+------+---------+---------+
       Total:                         3852   0         0      
                                                              
    E:/TI/TICEWARE FOR C SIRIES/driverlib/ccs/Debug/driverlib.lib
       sysctl.obj                     638    108       0      
       gpio.obj                       560    144       0      
       uart.obj                       148    0         0      
       ssi.obj                        118    0         0      
       interrupt.obj                  32     0         0      
       cpu.obj                        24     0         0      
    +--+------------------------------+------+---------+---------+
       Total:                         1520   252       0      
                                                              
    E:\TI\CCS\install\ccs\tools\compiler\ti-cgt-arm_20.2.4.LTS\lib\rtsv7M4_T_le_v4SPD16_eabi.lib
       memcpy_t2.asm.obj              156    0         0      
       copy_decompress_lzss.c.obj     104    0         0      
       autoinit.c.obj                 96     0         0      
       u_divt2.asm.obj                64     0         0      
       boot_cortex_m.c.obj            52     0         0      
       copy_zero_init.c.obj           28     0         0      
       copy_decompress_none.c.obj     14     0         0      
       exit.c.obj                     4      0         0      
       pre_init.c.obj                 4      0         0      
       div0.asm.obj                   2      0         0      
    +--+------------------------------+------+---------+---------+
       Total:                         524    0         0      
                                                              
       Stack:                         0      0         512    
       Linker Generated:              0      63        0      
    +--+------------------------------+------+---------+---------+
       Grand Total:                   8670   985       578    


LINKER GENERATED COPY TABLES

__TI_cinit_table @ 000025b8 records: 2, size/record: 8, table size: 16
	.data: load addr=00002588, load size=0000001b bytes, run addr=20000224, run size=00000021 bytes, compression=lzss
	.bss: load addr=000025b0, load size=00000008 bytes, run addr=20000200, run size=00000023 bytes, compression=zero_init


LINKER GENERATED HANDLER TABLE

__TI_handler_table @ 000025a4 records: 3, size/record: 4, table size: 12
	index: 0, handler: __TI_decompress_lzss
	index: 1, handler: __TI_decompress_none
	index: 2, handler: __TI_zero_init


GLOBAL SYMBOLS: SORTED ALPHABETICALLY BY Name 

address   name                           
-------   ----                           
20000220  AntennaGain                    
00002455  C$$EXIT                        
000023eb  CPUcpsid                       
000023f7  CPUcpsie                       
000022cd  GPIODirModeSet                 
00001c41  GPIOPadConfigSet               
0000211d  GPIOPinConfigure               
00002335  GPIOPinTypeGPIOOutput          
0000236b  GPIOPinTypeSSI                 
00002381  GPIOPinTypeUART                
0000243f  GPIOPinWrite                   
000023bd  IntMasterDisable               
000023cd  IntMasterEnable                
20000234  LeVietHoang                    
20000210  Mfrc522                        
20000228  NRSTPD                         
20000239  NguyenVanA                     
00002351  ResetISR                       
0000026c  SHT$$INIT_ARRAY$$Base          
00000270  SHT$$INIT_ARRAY$$Limit         
00002437  SSIBusy                        
000021ef  SSIConfigSetExpClk             
00002403  SSIDataGet                     
000023ab  SSIDataGetNonBlocking          
0000240f  SSIDataPut                     
00002419  SSIEnable                      
00001dad  SysCtlClockGet                 
00001ec5  SysCtlClockSet                 
00002445  SysCtlDelay                    
00002265  SysCtlPeripheralEnable         
0000222d  SysCtlPeripheralPresent        
00002423  UARTCharGet                    
0000242d  UARTCharPut                    
0000244b  UARTClockSourceSet             
00002169  UARTConfigSetExpClk            
000022f9  UARTDisable                    
00002397  UARTEnable                     
000016f1  UARTStdioConfig                
000018b1  UARTgetc                       
000017c9  UARTgets                       
00001c11  UARTprintf                     
000018d1  UARTvprintf                    
00001761  UARTwrite                      
20000221  Version                        
00000ea9  _Z10lcd_gotoxyhh               
00001181  _Z11InitConsolev               
000014a9  _Z11lcd_defaultv               
00000f91  _Z11lcd_put_nummch             
00000271  _Z12SPI_transferh              
00000f69  _Z12lcd_clr_putsPKcS0_         
00000b51  _Z12lcd_delay_msm              
00000b29  _Z12lcd_delay_usm              
00000b79  _Z12lcd_put_bytehh             
000014e9  _Z16lcd_print_accessPhi        
000011d9  _Z7InitSSIv                    
00001469  _Z7dumpHexPhi                  
00001449  _Z8initLedsv                   
00000d91  _Z8lcd_initv                   
00000ef1  _Z8lcd_putcc                   
00000f41  _Z8lcd_putsPKc                 
00000e91  _Z9lcd_clearv                  
00000431  _ZN7Mfrc52210AntennaOffEv      
00000391  _ZN7Mfrc52210SetBitMaskEhh     
00000a01  _ZN7Mfrc52210WriteBlockEhPh    
00000791  _ZN7Mfrc52211CalulateCRCEPhhS0_
000003c9  _ZN7Mfrc52212ClearBitMaskEhh   
000008d9  _ZN7Mfrc5224AuthEhhPhS0_       
00000ae9  _ZN7Mfrc5224HaltEv             
00000451  _ZN7Mfrc5224InitEv             
00000441  _ZN7Mfrc5225ResetEv            
00000511  _ZN7Mfrc5226ToCardEhPhhS0_Pj   
00000339  _ZN7Mfrc5227ReadRegEh          
000004b9  _ZN7Mfrc5227RequestEhPh        
000006f1  _ZN7Mfrc5228AnticollEPh        
000002e9  _ZN7Mfrc5228WriteRegEhh        
00000401  _ZN7Mfrc5229AntennaOnEv        
000009a1  _ZN7Mfrc5229ReadBlockEhPh      
00000841  _ZN7Mfrc5229SelectTagEPh       
000002c9  _ZN7Mfrc522C1Eii               
000002c9  _ZN7Mfrc522C2Eii               
20000200  __STACK_END                    
00000200  __STACK_SIZE                   
20000200  __STACK_TOP                    
000025b8  __TI_CINIT_Base                
000025c8  __TI_CINIT_Limit               
000025a4  __TI_Handler_Table_Base        
000025b0  __TI_Handler_Table_Limit       
000020bd  __TI_auto_init_nobinit         
00002055  __TI_decompress_lzss           
000023dd  __TI_decompress_none           
ffffffff  __TI_pprof_out_hndl            
ffffffff  __TI_prof_data_size            
ffffffff  __TI_prof_data_start           
00000000  __TI_static_base__             
00002319  __TI_zero_init_nomemset        
00000b27  __aeabi_idiv0                  
00000b27  __aeabi_ldiv0                  
00001fb9  __aeabi_memcpy                 
00001fb9  __aeabi_memcpy4                
00001fb9  __aeabi_memcpy8                
000021af  __aeabi_uidiv                  
000021af  __aeabi_uidivmod               
ffffffff  __binit__                      
ffffffff  __c_args__                     
UNDEFED   __mpu_init                     
20000000  __stack                        
20000000  __start___llvm_prf_cnts        
00001649  __sti___6_main_c_c07e2482      
20000000  __stop___llvm_prf_cnts         
00002299  _c_int00_noargs                
UNDEFED   _system_post_cinit             
00002451  _system_pre_init               
00002455  abort                          
ffffffff  binit                          
20000218  cardID                         
20000224  chipSelectPin                  
00000000  g_pfnVectors                   
000012b1  main                           
00001fb9  memcpy                         
2000022c  n1                             
20000230  n2                             
20000222  status                         
20000200  str                            


GLOBAL SYMBOLS: SORTED BY Symbol Address 

address   name                           
-------   ----                           
00000000  __TI_static_base__             
00000000  g_pfnVectors                   
00000200  __STACK_SIZE                   
0000026c  SHT$$INIT_ARRAY$$Base          
00000270  SHT$$INIT_ARRAY$$Limit         
00000271  _Z12SPI_transferh              
000002c9  _ZN7Mfrc522C1Eii               
000002c9  _ZN7Mfrc522C2Eii               
000002e9  _ZN7Mfrc5228WriteRegEhh        
00000339  _ZN7Mfrc5227ReadRegEh          
00000391  _ZN7Mfrc52210SetBitMaskEhh     
000003c9  _ZN7Mfrc52212ClearBitMaskEhh   
00000401  _ZN7Mfrc5229AntennaOnEv        
00000431  _ZN7Mfrc52210AntennaOffEv      
00000441  _ZN7Mfrc5225ResetEv            
00000451  _ZN7Mfrc5224InitEv             
000004b9  _ZN7Mfrc5227RequestEhPh        
00000511  _ZN7Mfrc5226ToCardEhPhhS0_Pj   
000006f1  _ZN7Mfrc5228AnticollEPh        
00000791  _ZN7Mfrc52211CalulateCRCEPhhS0_
00000841  _ZN7Mfrc5229SelectTagEPh       
000008d9  _ZN7Mfrc5224AuthEhhPhS0_       
000009a1  _ZN7Mfrc5229ReadBlockEhPh      
00000a01  _ZN7Mfrc52210WriteBlockEhPh    
00000ae9  _ZN7Mfrc5224HaltEv             
00000b27  __aeabi_idiv0                  
00000b27  __aeabi_ldiv0                  
00000b29  _Z12lcd_delay_usm              
00000b51  _Z12lcd_delay_msm              
00000b79  _Z12lcd_put_bytehh             
00000d91  _Z8lcd_initv                   
00000e91  _Z9lcd_clearv                  
00000ea9  _Z10lcd_gotoxyhh               
00000ef1  _Z8lcd_putcc                   
00000f41  _Z8lcd_putsPKc                 
00000f69  _Z12lcd_clr_putsPKcS0_         
00000f91  _Z11lcd_put_nummch             
00001181  _Z11InitConsolev               
000011d9  _Z7InitSSIv                    
000012b1  main                           
00001449  _Z8initLedsv                   
00001469  _Z7dumpHexPhi                  
000014a9  _Z11lcd_defaultv               
000014e9  _Z16lcd_print_accessPhi        
00001649  __sti___6_main_c_c07e2482      
000016f1  UARTStdioConfig                
00001761  UARTwrite                      
000017c9  UARTgets                       
000018b1  UARTgetc                       
000018d1  UARTvprintf                    
00001c11  UARTprintf                     
00001c41  GPIOPadConfigSet               
00001dad  SysCtlClockGet                 
00001ec5  SysCtlClockSet                 
00001fb9  __aeabi_memcpy                 
00001fb9  __aeabi_memcpy4                
00001fb9  __aeabi_memcpy8                
00001fb9  memcpy                         
00002055  __TI_decompress_lzss           
000020bd  __TI_auto_init_nobinit         
0000211d  GPIOPinConfigure               
00002169  UARTConfigSetExpClk            
000021af  __aeabi_uidiv                  
000021af  __aeabi_uidivmod               
000021ef  SSIConfigSetExpClk             
0000222d  SysCtlPeripheralPresent        
00002265  SysCtlPeripheralEnable         
00002299  _c_int00_noargs                
000022cd  GPIODirModeSet                 
000022f9  UARTDisable                    
00002319  __TI_zero_init_nomemset        
00002335  GPIOPinTypeGPIOOutput          
00002351  ResetISR                       
0000236b  GPIOPinTypeSSI                 
00002381  GPIOPinTypeUART                
00002397  UARTEnable                     
000023ab  SSIDataGetNonBlocking          
000023bd  IntMasterDisable               
000023cd  IntMasterEnable                
000023dd  __TI_decompress_none           
000023eb  CPUcpsid                       
000023f7  CPUcpsie                       
00002403  SSIDataGet                     
0000240f  SSIDataPut                     
00002419  SSIEnable                      
00002423  UARTCharGet                    
0000242d  UARTCharPut                    
00002437  SSIBusy                        
0000243f  GPIOPinWrite                   
00002445  SysCtlDelay                    
0000244b  UARTClockSourceSet             
00002451  _system_pre_init               
00002455  C$$EXIT                        
00002455  abort                          
000025a4  __TI_Handler_Table_Base        
000025b0  __TI_Handler_Table_Limit       
000025b8  __TI_CINIT_Base                
000025c8  __TI_CINIT_Limit               
20000000  __stack                        
20000000  __start___llvm_prf_cnts        
20000000  __stop___llvm_prf_cnts         
20000200  __STACK_END                    
20000200  __STACK_TOP                    
20000200  str                            
20000210  Mfrc522                        
20000218  cardID                         
20000220  AntennaGain                    
20000221  Version                        
20000222  status                         
20000224  chipSelectPin                  
20000228  NRSTPD                         
2000022c  n1                             
20000230  n2                             
20000234  LeVietHoang                    
20000239  NguyenVanA                     
ffffffff  __TI_pprof_out_hndl            
ffffffff  __TI_prof_data_size            
ffffffff  __TI_prof_data_start           
ffffffff  __binit__                      
ffffffff  __c_args__                     
ffffffff  binit                          
UNDEFED   __mpu_init                     
UNDEFED   _system_post_cinit             

[123 symbols]
